<html>
<body>
<pre>
<h1>礦ision Build Log</h1>
<h2>Tool Versions:</h2>
IDE-Version: μVision V5.25.2.0
Copyright (C) 2018 ARM Ltd and ARM Germany GmbH. All rights reserved.
License Information: A huawei, A, LIC=DSNXV-PIJIE-YDBK5-G0KXF-70GQ5-TGNTV
 
Tool Versions:
Toolchain:       MDK-ARM Professional  Version: 5.25.2.0
Toolchain Path:  D:\keil5\ARM\ARMCC\Bin
C Compiler:      Armcc.exe V5.06 update 6 (build 750)
Assembler:       Armasm.exe V5.06 update 6 (build 750)
Linker/Locator:  ArmLink.exe V5.06 update 6 (build 750)
Library Manager: ArmAr.exe V5.06 update 6 (build 750)
Hex Converter:   FromElf.exe V5.06 update 6 (build 750)
CPU DLL:         SARMCM3.DLL V5.25.2.0
Dialog DLL:      DCM.DLL V1.17.1.0
Target DLL:      STLink\ST-LINKIII-KEIL_SWO.dll V3.0.1.0
Dialog DLL:      TCM.DLL V1.35.1.0
 
<h2>Project:</h2>
D:\BaiduNetdiskDownload\新增功能1-13-增加数据内容写入到TF卡中\Project\MDK-ARM(uV5)\project.uvprojx
Project File Date:  01/19/2026

<h2>Output:</h2>
*** Using Compiler 'V5.06 update 6 (build 750)', folder: 'D:\keil5\ARM\ARMCC\Bin'
Rebuild target 'STM32F407'
compiling stm32f4xx_it.c...
compiling bsp_uart_fifo.c...
..\..\User\bsp_stm32f4xx\src\bsp_uart_fifo.c(4): warning:  #177-D: variable "g_tUart6"  was declared but never referenced
  static UART_T g_tUart6;
..\..\User\bsp_stm32f4xx\src\bsp_uart_fifo.c(447): warning:  #177-D: function "UartIRQ"  was declared but never referenced
  static void UartIRQ(UART_T *_pUart)
..\..\User\bsp_stm32f4xx\src\bsp_uart_fifo.c: 2 warnings, 0 errors
compiling bsp_timer.c...
compiling demo_sdio_fatfs.c...
..\..\User\demo_sdio_fatfs.c(249): warning:  #177-D: variable "buf"  was declared but never referenced
  	char buf[128];
..\..\User\demo_sdio_fatfs.c: 1 warning, 0 errors
compiling vesion.c...
compiling main.c...
compiling demo_fatfs.c...
..\..\User\demo_fatfs.c(41): warning:  #177-D: variable "cmd"  was declared but never referenced
  	uint8_t cmd;
..\..\User\demo_fatfs.c(216): warning:  #177-D: variable "buf"  was declared but never referenced
  	char buf[128];
..\..\User\demo_fatfs.c(71): warning:  #177-D: function "DispMenu"  was declared but never referenced
  static void DispMenu(void)
..\..\User\demo_fatfs.c(91): warning:  #177-D: function "ViewRootDir"  was declared but never referenced
  static void ViewRootDir(void)
..\..\User\demo_fatfs.c(289): warning:  #177-D: function "ReadFileData"  was declared but never referenced
  static void ReadFileData(void)
..\..\User\demo_fatfs.c(429): warning:  #177-D: function "CreateDir"  was declared but never referenced
  static void CreateDir(void)
..\..\User\demo_fatfs.c(502): warning:  #177-D: function "DeleteDirFile"  was declared but never referenced
  static void DeleteDirFile(void)
..\..\User\demo_fatfs.c(633): warning:  #177-D: function "WriteFileTest"  was declared but never referenced
  static void WriteFileTest(void)
..\..\User\demo_fatfs.c: 8 warnings, 0 errors
assembling startup_stm32f4xx.s...
compiling stm32f4xx_assert.c...
compiling bsp.c...
compiling bsp_sdio_sd.c...
compiling stm32f4xx_syscfg.c...
compiling stm32f4xx_rcc.c...
compiling misc.c...
compiling stm32f4xx_gpio.c...
compiling stm32f4xx_dma.c...
compiling ff.c...
compiling stm32f4xx_usart.c...
compiling stm32f4xx_tim.c...
compiling stm32f4xx_sdio.c...
compiling system_stm32f4xx.c...
compiling cc936.c...
compiling diskio.c...
compiling usbh_msc_bot.c...
compiling usbh_msc_scsi.c...
compiling usbh_msc_core.c...
compiling usbh_core.c...
compiling usbh_hcs.c...
compiling usbh_ioreq.c...
compiling usbh_stdreq.c...
compiling usb_hcd_int.c...
compiling usb_core.c...
compiling usb_hcd.c...
compiling usb_bsp.c...
compiling usbh_usr.c...
compiling HONG.c...
compiling delay.c...
compiling usbh_it.c...
compiling CRC.c...
compiling DMA.c...
compiling sys.c...
compiling USART.c...
..\..\SYSTEM\USART.c(238): warning:  #940-D: missing return statement at end of non-void function "UartProtocol_DataAnalyze" 
  }
..\..\SYSTEM\USART.c: 1 warning, 0 errors
compiling RS232.c...
compiling led.c...
compiling pwm.c...
compiling timer.c...
compiling DMAPWM.c...
linking...
Program Size: Code=44324 RO-data=176364 RW-data=284 ZI-data=41716  
FromELF: creating hex file...
".\Flash\Obj\output1.axf" - 0 Error(s), 12 Warning(s).

<h2>Software Packages used:</h2>

Package Vendor: Keil
                http://www.keil.com/pack/Keil.STM32F4xx_DFP.1.0.8.pack
                Keil.STM32F4xx_DFP.1.0.8
                STMicroelectronics STM32F4 Series Device Support, Drivers and Examples

<h2>Collection of Component include folders:</h2>
  .\RTE\_STM32F407
  D:\keil5\ARM\PACK\Keil\STM32F4xx_DFP\1.0.8\Device\Include

<h2>Collection of Component Files used:</h2>
Build Time Elapsed:  00:00:20
</pre>
</body>
</html>
