<html>
<body>
<pre>
<h1>µVision Build Log</h1>
<h2>Tool Versions:</h2>
IDE-Version: ¦ÌVision V5.17.0.0
Copyright (C) 2015 ARM Ltd and ARM Germany GmbH. All rights reserved.
License Information: long ÁúÐË³É, º¼ÖÝÅ·Èª, LIC=8VR9U-S7WKN-2LTCT-RMTSZ-XSR4R-3IYX7
 
Tool Versions:
Toolchain:       MDK-ARM Standard  Version: 5.17
Toolchain Path:  D:\ARM\ARMCC\Bin
C Compiler:      Armcc.exe V5.06 update 1 (build 61)
Assembler:       Armasm.exe V5.06 update 1 (build 61)
Linker/Locator:  ArmLink.exe V5.06 update 1 (build 61)
Library Manager: ArmAr.exe V5.06 update 1 (build 61)
Hex Converter:   FromElf.exe V5.06 update 1 (build 61)
CPU DLL:         SARMCM3.DLL V5.17
Dialog DLL:      DCM.DLL V1.13.4.0
Target DLL:      STLink\ST-LINKIII-KEIL_SWO.dll V2.0.18.0
Dialog DLL:      TCM.DLL V1.14.6.0
 
<h2>Project:</h2>
C:\Users\ÁúÐË³É\Desktop\TOC¸¨Öú¿ª·¢\²âÊÔÀý³Ì-USBÖ÷»ú½Ó¿ÚUÅÌ¶ÁÐ´\Project\MDK-ARM(uV5)\project.uvprojx
Project File Date:  08/18/2024

<h2>Output:</h2>
*** Using Compiler 'V5.06 update 1 (build 61)', folder: 'D:\ARM\ARMCC\Bin'
Rebuild target 'STM32F407'
assembling startup_stm32f4xx.s...
compiling cc936.c...
compiling bsp_uart_fifo.c...
..\..\User\bsp_stm32f4xx\src\bsp_uart_fifo.c(50): warning:  #940-D: missing return statement at end of non-void function "ComToUart"
  }
compiling ff.c...
compiling usbh_core.c...
compiling diskio.c...
compiling usbh_msc_core.c...
compiling stm32f4xx_assert.c...
compiling bsp.c...
compiling bsp_timer.c...
compiling main.c...
compiling stm32f4xx_gpio.c...
compiling stm32f4xx_tim.c...
compiling stm32f4xx_syscfg.c...
compiling stm32f4xx_dma.c...
compiling stm32f4xx_it.c...
compiling usbh_ioreq.c...
compiling demo_fatfs.c...
..\..\SYSTEM\CRC.h(7): warning:  #1-D: last line of file ends without a newline
  #endif
..\..\User\demo_fatfs.c(63): warning:  #2548-D: multicharacter character literal (potential portability problem)
  			if(RX_Buffer[0]=='88'&&RX_Buffer[1]=='67'&&RX_Buffer[2]=='93'&&ch_num==1) //´®?????ô¶??ý¾Ý¼ì²?
..\..\User\demo_fatfs.c(63): warning:  #2548-D: multicharacter character literal (potential portability problem)
  			if(RX_Buffer[0]=='88'&&RX_Buffer[1]=='67'&&RX_Buffer[2]=='93'&&ch_num==1) //´®?????ô¶??ý¾Ý¼ì²?
..\..\User\demo_fatfs.c(63): warning:  #2548-D: multicharacter character literal (potential portability problem)
  			if(RX_Buffer[0]=='88'&&RX_Buffer[1]=='67'&&RX_Buffer[2]=='93'&&ch_num==1) //´®?????ô¶??ý¾Ý¼ì²?
..\..\User\demo_fatfs.c(38): warning:  #177-D: variable "cmd" was declared but never referenced
  	uint8_t cmd;
..\..\User\demo_fatfs.c(283): warning:  #177-D: variable "buf" was declared but never referenced
  	char buf[128];
..\..\User\demo_fatfs.c(139): warning:  #177-D: function "DispMenu" was declared but never referenced
  static void DispMenu(void)
..\..\User\demo_fatfs.c(159): warning:  #177-D: function "ViewRootDir" was declared but never referenced
  static void ViewRootDir(void)
..\..\User\demo_fatfs.c(372): warning:  #177-D: function "ReadFileData" was declared but never referenced
  static void ReadFileData(void)
..\..\User\demo_fatfs.c(432): warning:  #177-D: function "CreateDir" was declared but never referenced
  static void CreateDir(void)
..\..\User\demo_fatfs.c(505): warning:  #177-D: function "DeleteDirFile" was declared but never referenced
  static void DeleteDirFile(void)
..\..\User\demo_fatfs.c(636): warning:  #177-D: function "WriteFileTest" was declared but never referenced
  static void WriteFileTest(void)
..\..\User\demo_fatfs.c(360): warning:  #177-D: function "Delay" was declared but never referenced
  static void Delay(__IO uint32_t nCount)
compiling usbh_msc_bot.c...
compiling system_stm32f4xx.c...
compiling usbh_hcs.c...
compiling usb_core.c...
compiling usbh_stdreq.c...
compiling HONG.c...
compiling usb_hcd.c...
compiling usb_bsp.c...
compiling usbh_usr.c...
compiling usb_hcd_int.c...
compiling usbh_it.c...
compiling CRC.c...
compiling delay.c...
compiling DMA.c...
compiling sys.c...
compiling USART.c...
compiling misc.c...
compiling stm32f4xx_rcc.c...
compiling stm32f4xx_usart.c...
compiling usbh_msc_scsi.c...
linking...
Program Size: Code=31294 RO-data=176234 RW-data=220 ZI-data=35108  
FromELF: creating hex file...
".\Flash\Obj\output.axf" - 0 Error(s), 14 Warning(s).

<h2>Collection of Component include folders:</h2>
  C:\Users\ÁúÐË³É\Desktop\TOC¸¨Öú¿ª·¢\²âÊÔÀý³Ì-USBÖ÷»ú½Ó¿ÚUÅÌ¶ÁÐ´\Project\MDK-ARM(uV5)\RTE
  D:\ARM\PACK\Keil\STM32F4xx_DFP\1.0.8\Device\Include

<h2>Collection of Component Files used:</h2>
Build Time Elapsed:  00:00:04
</pre>
</body>
</html>
