<html>
<body>
<pre>
<h1>礦ision Build Log</h1>
<h2>Tool Versions:</h2>
IDE-Version: μVision V5.25.2.0
Copyright (C) 2018 ARM Ltd and ARM Germany GmbH. All rights reserved.
License Information: A huawei, A, LIC=DSNXV-PIJIE-YDBK5-G0KXF-70GQ5-TGNTV
 
Tool Versions:
Toolchain:       MDK-ARM Professional  Version: 5.25.2.0
Toolchain Path:  D:\keil5\ARM\ARMCC\Bin
C Compiler:      Armcc.exe V5.06 update 6 (build 750)
Assembler:       Armasm.exe V5.06 update 6 (build 750)
Linker/Locator:  ArmLink.exe V5.06 update 6 (build 750)
Library Manager: ArmAr.exe V5.06 update 6 (build 750)
Hex Converter:   FromElf.exe V5.06 update 6 (build 750)
CPU DLL:         SARMCM3.DLL V5.25.2.0
Dialog DLL:      DCM.DLL V1.17.1.0
Target DLL:      STLink\ST-LINKIII-KEIL_SWO.dll V3.0.1.0
Dialog DLL:      TCM.DLL V1.35.1.0
 
<h2>Project:</h2>
D:\BaiduNetdiskDownload\新增联网功能12.26\Project\MDK-ARM(uV5)\project.uvprojx
Project File Date:  12/26/2025

<h2>Output:</h2>
*** Using Compiler 'V5.06 update 6 (build 750)', folder: 'D:\keil5\ARM\ARMCC\Bin'
Rebuild target 'STM32F407'
compiling bsp.c...
compiling stm32f4xx_assert.c...
compiling bsp_uart_fifo.c...
..\..\User\bsp_stm32f4xx\src\bsp_uart_fifo.c(50): warning:  #940-D: missing return statement at end of non-void function "ComToUart" 
  }
..\..\User\bsp_stm32f4xx\src\bsp_uart_fifo.c(443): warning:  #177-D: function "UartIRQ"  was declared but never referenced
  static void UartIRQ(UART_T *_pUart)
..\..\User\bsp_stm32f4xx\src\bsp_uart_fifo.c: 2 warnings, 0 errors
compiling stm32f4xx_it.c...
compiling main.c...
compiling bsp_timer.c...
compiling demo_fatfs.c...
..\..\User\demo_fatfs.c(43): warning:  #177-D: variable "cmd"  was declared but never referenced
  	uint8_t cmd;
..\..\User\demo_fatfs.c(228): warning:  #177-D: variable "buf"  was declared but never referenced
  	char buf[128];
..\..\User\demo_fatfs.c(83): warning:  #177-D: function "DispMenu"  was declared but never referenced
  static void DispMenu(void)
..\..\User\demo_fatfs.c(103): warning:  #177-D: function "ViewRootDir"  was declared but never referenced
  static void ViewRootDir(void)
..\..\User\demo_fatfs.c(319): warning:  #177-D: function "ReadFileData"  was declared but never referenced
  static void ReadFileData(void)
..\..\User\demo_fatfs.c(459): warning:  #177-D: function "CreateDir"  was declared but never referenced
  static void CreateDir(void)
..\..\User\demo_fatfs.c(532): warning:  #177-D: function "DeleteDirFile"  was declared but never referenced
  static void DeleteDirFile(void)
..\..\User\demo_fatfs.c(663): warning:  #177-D: function "WriteFileTest"  was declared but never referenced
  static void WriteFileTest(void)
..\..\User\demo_fatfs.c(307): warning:  #177-D: function "Delay"  was declared but never referenced
  static void Delay(__IO uint32_t nCount)
..\..\User\demo_fatfs.c: 9 warnings, 0 errors
assembling startup_stm32f4xx.s...
compiling misc.c...
compiling stm32f4xx_usart.c...
compiling stm32f4xx_gpio.c...
compiling stm32f4xx_rcc.c...
compiling stm32f4xx_syscfg.c...
compiling stm32f4xx_tim.c...
compiling stm32f4xx_dma.c...
compiling ff.c...
compiling cc936.c...
compiling stm32f4xx_adc.c...
compiling system_stm32f4xx.c...
compiling stm32f4xx_flash.c...
compiling diskio.c...
compiling usbh_msc_bot.c...
compiling usbh_msc_core.c...
compiling usbh_msc_scsi.c...
compiling usbh_core.c...
compiling usbh_hcs.c...
compiling usbh_ioreq.c...
compiling usbh_stdreq.c...
compiling usb_hcd_int.c...
compiling usb_core.c...
compiling usb_hcd.c...
compiling CRC.c...
compiling usbh_it.c...
compiling usb_bsp.c...
compiling usbh_usr.c...
compiling HONG.c...
compiling delay.c...
compiling DMA.c...
compiling sys.c...
compiling timer.c...
compiling led.c...
compiling USART.c...
..\..\SYSTEM\USART.c(231): warning:  #940-D: missing return statement at end of non-void function "UartProtocol_DataAnalyze" 
  }
..\..\SYSTEM\USART.c: 1 warning, 0 errors
compiling RS232.c...
compiling pwm.c...
compiling DMAPWM.c...
compiling fs.c...
compiling LAN8742A.c...
compiling api_lib.c...
compiling http_client.c...
compiling stm32f429_eth.c...
compiling httpd_cgi_ssi.c...
compiling httpd.c...
compiling netconf.c...
compiling ota_update.c...
..\..\SYSTEM\http\ota_update.c(236): warning:  #177-D: variable "sector_error"  was declared but never referenced
      uint32_t sector_error = 0;
..\..\SYSTEM\http\ota_update.c(18): warning:  #177-D: variable "download_buffer"  was declared but never referenced
  static uint8_t download_buffer[OTA_BUFFER_SIZE];
..\..\SYSTEM\http\ota_update.c(301): warning:  #177-D: function "ota_jump_to_app"  was declared but never referenced
  static void ota_jump_to_app(void)
..\..\SYSTEM\http\ota_update.c(24): warning:  #177-D: function "ota_parse_firmware_data"  was declared but never referenced
  static uint8_t ota_parse_firmware_data(const char *response, uint32_t *data_len);
..\..\SYSTEM\http\ota_update.c: 4 warnings, 0 errors
compiling api_msg.c...
compiling err.c...
compiling netbuf.c...
compiling netdb.c...
compiling netifapi.c...
compiling sockets.c...
compiling tcpip.c...
compiling autoip.c...
compiling igmp.c...
compiling icmp.c...
compiling inet.c...
compiling inet_chksum.c...
compiling ip.c...
compiling ip_addr.c...
compiling def.c...
compiling dns.c...
compiling ip_frag.c...
compiling mem.c...
compiling dhcp.c...
compiling init.c...
compiling pbuf.c...
compiling raw.c...
compiling stats.c...
compiling netif.c...
compiling memp.c...
compiling sys.c...
compiling tcp.c...
compiling timers.c...
compiling etharp.c...
compiling udp.c...
compiling tcp_in.c...
compiling tcp_out.c...
..\..\SYSTEM\lwip-1.4.1\src\core\tcp_out.c(845): warning:  #550-D: variable "tcphdr"  was set but never used
    struct tcp_hdr *tcphdr;
..\..\SYSTEM\lwip-1.4.1\src\core\tcp_out.c(1367): warning:  #550-D: variable "tcphdr"  was set but never used
    struct tcp_hdr *tcphdr;
..\..\SYSTEM\lwip-1.4.1\src\core\tcp_out.c: 2 warnings, 0 errors
compiling ethernetif.c...
linking...
Program Size: Code=37016 RO-data=176372 RW-data=256 ZI-data=37392  
FromELF: creating hex file...
".\Flash\Obj\output1.axf" - 0 Error(s), 18 Warning(s).

<h2>Software Packages used:</h2>

Package Vendor: Keil
                http://www.keil.com/pack/Keil.STM32F4xx_DFP.1.0.8.pack
                Keil.STM32F4xx_DFP.1.0.8
                STMicroelectronics STM32F4 Series Device Support, Drivers and Examples

<h2>Collection of Component include folders:</h2>
  .\RTE\_STM32F407
  D:\keil5\ARM\PACK\Keil\STM32F4xx_DFP\1.0.8\Device\Include

<h2>Collection of Component Files used:</h2>
Build Time Elapsed:  00:00:14
</pre>
</body>
</html>
