Component: ARM Compiler 5.06 update 6 (build 750) Tool: armlink [4d35ed]

==============================================================================

Section Cross References

    main.o(i.SystemClock_Info) refers to stm32f4xx_rcc.o(i.RCC_GetClocksFreq) for RCC_GetClocksFreq
    main.o(i.SystemClock_Info) refers to printfa.o(i.__0printf) for __2printf
    main.o(i.main) refers to led.o(i.LED_GPIO_Config) for LED_GPIO_Config
    main.o(i.main) refers to timer.o(i.TIM_Configuration) for TIM_Configuration
    main.o(i.main) refers to dma.o(i.USART6_DMA_Tx_Init) for USART6_DMA_Tx_Init
    main.o(i.main) refers to dma.o(i.USART6_DMA_Rx_Init) for USART6_DMA_Rx_Init
    main.o(i.main) refers to usart.o(i.Usart6_Init) for Usart6_Init
    main.o(i.main) refers to rs232.o(i.USART1_Configuration) for USART1_Configuration
    main.o(i.main) refers to pwm.o(i.DMA_PWM_Init) for DMA_PWM_Init
    main.o(i.main) refers to dma.o(i.DMA_Send) for DMA_Send
    main.o(i.main) refers to demo_fatfs.o(i.DemoFatFS) for DemoFatFS
    main.o(i.main) refers to usart.o(.data) for ch_num
    main.o(i.main) refers to dma.o(.bss) for RX_Buffer
    demo_fatfs.o(i.CreateDir) refers to ff.o(i.f_mount) for f_mount
    demo_fatfs.o(i.CreateDir) refers to printfa.o(i.__0printf) for __2printf
    demo_fatfs.o(i.CreateDir) refers to ff.o(i.f_mkdir) for f_mkdir
    demo_fatfs.o(i.CreateNewFile) refers to demo_fatfs.o(i.ReadFileNumber) for ReadFileNumber
    demo_fatfs.o(i.CreateNewFile) refers to printfa.o(i.__0sprintf) for __2sprintf
    demo_fatfs.o(i.CreateNewFile) refers to ff.o(i.f_mount) for f_mount
    demo_fatfs.o(i.CreateNewFile) refers to printfa.o(i.__0printf) for __2printf
    demo_fatfs.o(i.CreateNewFile) refers to ff.o(i.f_opendir) for f_opendir
    demo_fatfs.o(i.CreateNewFile) refers to ff.o(i.f_open) for f_open
    demo_fatfs.o(i.CreateNewFile) refers to ff.o(i.f_lseek) for f_lseek
    demo_fatfs.o(i.CreateNewFile) refers to ff.o(i.f_write) for f_write
    demo_fatfs.o(i.CreateNewFile) refers to ff.o(i.f_close) for f_close
    demo_fatfs.o(i.CreateNewFile) refers to demo_fatfs.o(.data) for s_flag
    demo_fatfs.o(i.CreateNewFile) refers to demo_fatfs.o(.bss) for fileName
    demo_fatfs.o(i.CreateNewFile) refers to usart.o(.data) for ch_num
    demo_fatfs.o(i.CreateNewFile) refers to dma.o(.bss) for RX_Buffer
    demo_fatfs.o(i.DeleteDirFile) refers to ff.o(i.f_mount) for f_mount
    demo_fatfs.o(i.DeleteDirFile) refers to printfa.o(i.__0printf) for __2printf
    demo_fatfs.o(i.DeleteDirFile) refers to ff.o(i.f_unlink) for f_unlink
    demo_fatfs.o(i.DeleteDirFile) refers to printfa.o(i.__0sprintf) for __2sprintf
    demo_fatfs.o(i.DemoFatFS) refers to usbh_core.o(i.USBH_Init) for USBH_Init
    demo_fatfs.o(i.DemoFatFS) refers to usbh_core.o(i.USBH_Process) for USBH_Process
    demo_fatfs.o(i.DemoFatFS) refers to led.o(i.LED_FLAG_LOOP) for LED_FLAG_LOOP
    demo_fatfs.o(i.DemoFatFS) refers to usart.o(i.UartProtocol_DataAnalyze) for UartProtocol_DataAnalyze
    demo_fatfs.o(i.DemoFatFS) refers to memseta.o(.text) for __aeabi_memclr
    demo_fatfs.o(i.DemoFatFS) refers to usbh_usr.o(.data) for USR_cb
    demo_fatfs.o(i.DemoFatFS) refers to usbh_msc_core.o(.data) for USBH_MSC_cb
    demo_fatfs.o(i.DemoFatFS) refers to usbh_usr.o(.bss) for USB_Host
    demo_fatfs.o(i.DemoFatFS) refers to usart.o(.data) for rx_flag
    demo_fatfs.o(i.DemoFatFS) refers to dma.o(.bss) for RX_Buffer
    demo_fatfs.o(i.DispMenu) refers to printfa.o(i.__0printf) for __2printf
    demo_fatfs.o(i.ReadFileData) refers to ff.o(i.f_mount) for f_mount
    demo_fatfs.o(i.ReadFileData) refers to printfa.o(i.__0printf) for __2printf
    demo_fatfs.o(i.ReadFileData) refers to ff.o(i.f_opendir) for f_opendir
    demo_fatfs.o(i.ReadFileData) refers to ff.o(i.f_open) for f_open
    demo_fatfs.o(i.ReadFileData) refers to ff.o(i.f_read) for f_read
    demo_fatfs.o(i.ReadFileData) refers to ff.o(i.f_close) for f_close
    demo_fatfs.o(i.ReadFileData) refers to demo_fatfs.o(.bss) for fileName
    demo_fatfs.o(i.ReadFileNumber) refers to _scanf_int.o(.text) for _scanf_int
    demo_fatfs.o(i.ReadFileNumber) refers to ff.o(i.f_mount) for f_mount
    demo_fatfs.o(i.ReadFileNumber) refers to printfa.o(i.__0printf) for __2printf
    demo_fatfs.o(i.ReadFileNumber) refers to ff.o(i.f_opendir) for f_opendir
    demo_fatfs.o(i.ReadFileNumber) refers to strrchr.o(.text) for strrchr
    demo_fatfs.o(i.ReadFileNumber) refers to strcmp.o(.text) for strcmp
    demo_fatfs.o(i.ReadFileNumber) refers to __0sscanf.o(.text) for __0sscanf
    demo_fatfs.o(i.ReadFileNumber) refers to ff.o(i.f_readdir) for f_readdir
    demo_fatfs.o(i.ReadlastlineData) refers to ff.o(i.f_mount) for f_mount
    demo_fatfs.o(i.ReadlastlineData) refers to printfa.o(i.__0printf) for __2printf
    demo_fatfs.o(i.ReadlastlineData) refers to ff.o(i.f_opendir) for f_opendir
    demo_fatfs.o(i.ReadlastlineData) refers to ff.o(i.f_open) for f_open
[...]
    _printf_sizespec                         0x00000000   Number         0  stubs.o ABSOLUTE
    _printf_str                              0x00000000   Number         0  stubs.o ABSOLUTE
    _printf_truncate_signed                  0x00000000   Number         0  stubs.o ABSOLUTE
    _printf_truncate_unsigned                0x00000000   Number         0  stubs.o ABSOLUTE
    _printf_u                                0x00000000   Number         0  stubs.o ABSOLUTE
    _printf_wc                               0x00000000   Number         0  stubs.o ABSOLUTE
    _printf_wctomb                           0x00000000   Number         0  stubs.o ABSOLUTE
    _printf_widthprec                        0x00000000   Number         0  stubs.o ABSOLUTE
    _printf_x                                0x00000000   Number         0  stubs.o ABSOLUTE
    __cpp_initialize__aeabi_                  - Undefined Weak Reference
    __cxa_finalize                            - Undefined Weak Reference
    __decompress                              - Undefined Weak Reference
    _clock_init                               - Undefined Weak Reference
    _microlib_exit                            - Undefined Weak Reference
    _scanf_longlong                           - Undefined Weak Reference
    _scanf_string                             - Undefined Weak Reference
    __Vectors_Size                           0x00000188   Number         0  startup_stm32f4xx.o ABSOLUTE
    __Vectors                                0x08000000   Data           4  startup_stm32f4xx.o(RESET)
    __Vectors_End                            0x08000188   Data           0  startup_stm32f4xx.o(RESET)
    __main                                   0x08000189   Thumb Code     0  entry.o(.ARM.Collect$$$$00000000)
    _main_stk                                0x08000189   Thumb Code     0  entry2.o(.ARM.Collect$$$$00000001)
    _main_scatterload                        0x0800018d   Thumb Code     0  entry5.o(.ARM.Collect$$$$00000004)
    __main_after_scatterload                 0x08000191   Thumb Code     0  entry5.o(.ARM.Collect$$$$00000004)
    _main_clock                              0x08000191   Thumb Code     0  entry7b.o(.ARM.Collect$$$$00000008)
    _main_cpp_init                           0x08000191   Thumb Code     0  entry8b.o(.ARM.Collect$$$$0000000A)
    _main_init                               0x08000191   Thumb Code     0  entry9a.o(.ARM.Collect$$$$0000000B)
    __rt_final_cpp                           0x08000199   Thumb Code     0  entry10a.o(.ARM.Collect$$$$0000000D)
    __rt_final_exit                          0x08000199   Thumb Code     0  entry11a.o(.ARM.Collect$$$$0000000F)
    Reset_Handler                            0x0800019d   Thumb Code     8  startup_stm32f4xx.o(.text)
    ADC_IRQHandler                           0x080001b7   Thumb Code     0  startup_stm32f4xx.o(.text)
    CAN1_RX0_IRQHandler                      0x080001b7   Thumb Code     0  startup_stm32f4xx.o(.text)
    CAN1_RX1_IRQHandler                      0x080001b7   Thumb Code     0  startup_stm32f4xx.o(.text)
    CAN1_SCE_IRQHandler                      0x080001b7   Thumb Code     0  startup_stm32f4xx.o(.text)
    CAN1_TX_IRQHandler                       0x080001b7   Thumb Code     0  startup_stm32f4xx.o(.text)
    CAN2_RX0_IRQHandler                      0x080001b7   Thumb Code     0  startup_stm32f4xx.o(.text)
    CAN2_RX1_IRQHandler                      0x080001b7   Thumb Code     0  startup_stm32f4xx.o(.text)
    CAN2_SCE_IRQHandler                      0x080001b7   Thumb Code     0  startup_stm32f4xx.o(.text)
    CAN2_TX_IRQHandler                       0x080001b7   Thumb Code     0  startup_stm32f4xx.o(.text)
    CRYP_IRQHandler                          0x080001b7   Thumb Code     0  startup_stm32f4xx.o(.text)
    DCMI_IRQHandler                          0x080001b7   Thumb Code     0  startup_stm32f4xx.o(.text)
    DMA1_Stream0_IRQHandler                  0x080001b7   Thumb Code     0  startup_stm32f4xx.o(.text)
    DMA1_Stream1_IRQHandler                  0x080001b7   Thumb Code     0  startup_stm32f4xx.o(.text)
    DMA1_Stream2_IRQHandler                  0x080001b7   Thumb Code     0  startup_stm32f4xx.o(.text)
    DMA1_Stream3_IRQHandler                  0x080001b7   Thumb Code     0  startup_stm32f4xx.o(.text)
    DMA1_Stream4_IRQHandler                  0x080001b7   Thumb Code     0  startup_stm32f4xx.o(.text)
    DMA1_Stream5_IRQHandler                  0x080001b7   Thumb Code     0  startup_stm32f4xx.o(.text)
    DMA1_Stream6_IRQHandler                  0x080001b7   Thumb Code     0  startup_stm32f4xx.o(.text)
    DMA1_Stream7_IRQHandler                  0x080001b7   Thumb Code     0  startup_stm32f4xx.o(.text)
    DMA2_Stream0_IRQHandler                  0x080001b7   Thumb Code     0  startup_stm32f4xx.o(.text)
    DMA2_Stream1_IRQHandler                  0x080001b7   Thumb Code     0  startup_stm32f4xx.o(.text)
    DMA2_Stream2_IRQHandler                  0x080001b7   Thumb Code     0  startup_stm32f4xx.o(.text)
    DMA2_Stream3_IRQHandler                  0x080001b7   Thumb Code     0  startup_stm32f4xx.o(.text)
    DMA2_Stream4_IRQHandler                  0x080001b7   Thumb Code     0  startup_stm32f4xx.o(.text)
    DMA2_Stream5_IRQHandler                  0x080001b7   Thumb Code     0  startup_stm32f4xx.o(.text)
    DMA2_Stream6_IRQHandler                  0x080001b7   Thumb Code     0  startup_stm32f4xx.o(.text)
    DMA2_Stream7_IRQHandler                  0x080001b7   Thumb Code     0  startup_stm32f4xx.o(.text)
    ETH_IRQHandler                           0x080001b7   Thumb Code     0  startup_stm32f4xx.o(.text)
    ETH_WKUP_IRQHandler                      0x080001b7   Thumb Code     0  startup_stm32f4xx.o(.text)
    EXTI0_IRQHandler                         0x080001b7   Thumb Code     0  startup_stm32f4xx.o(.text)
    EXTI15_10_IRQHandler                     0x080001b7   Thumb Code     0  startup_stm32f4xx.o(.text)
    EXTI1_IRQHandler                         0x080001b7   Thumb Code     0  startup_stm32f4xx.o(.text)
    EXTI2_IRQHandler                         0x080001b7   Thumb Code     0  startup_stm32f4xx.o(.text)
    EXTI3_IRQHandler                         0x080001b7   Thumb Code     0  startup_stm32f4xx.o(.text)
    EXTI4_IRQHandler                         0x080001b7   Thumb Code     0  startup_stm32f4xx.o(.text)
    EXTI9_5_IRQHandler                       0x080001b7   Thumb Code     0  startup_stm32f4xx.o(.text)
    FLASH_IRQHandler                         0x080001b7   Thumb Code     0  startup_stm32f4xx.o(.text)
    FPU_IRQHandler                           0x080001b7   Thumb Code     0  startup_stm32f4xx.o(.text)
    FSMC_IRQHandler                          0x080001b7   Thumb Code     0  startup_stm32f4xx.o(.text)
    HASH_RNG_IRQHandler                      0x080001b7   Thumb Code     0  startup_stm32f4xx.o(.text)
    I2C1_ER_IRQHandler                       0x080001b7   Thumb Code     0  startup_stm32f4xx.o(.text)
    I2C1_EV_IRQHandler                       0x080001b7   Thumb Code     0  startup_stm32f4xx.o(.text)
    I2C2_ER_IRQHandler                       0x080001b7   Thumb Code     0  startup_stm32f4xx.o(.text)
    I2C2_EV_IRQHandler                       0x080001b7   Thumb Code     0  startup_stm32f4xx.o(.text)
    I2C3_ER_IRQHandler                       0x080001b7   Thumb Code     0  startup_stm32f4xx.o(.text)
    I2C3_EV_IRQHandler                       0x080001b7   Thumb Code     0  startup_stm32f4xx.o(.text)
    OTG_FS_IRQHandler                        0x080001b7   Thumb Code     0  startup_stm32f4xx.o(.text)
    OTG_FS_WKUP_IRQHandler                   0x080001b7   Thumb Code     0  startup_stm32f4xx.o(.text)
    OTG_HS_EP1_IN_IRQHandler                 0x080001b7   Thumb Code     0  startup_stm32f4xx.o(.text)
    OTG_HS_EP1_OUT_IRQHandler                0x080001b7   Thumb Code     0  startup_stm32f4xx.o(.text)
    OTG_HS_WKUP_IRQHandler                   0x080001b7   Thumb Code     0  startup_stm32f4xx.o(.text)
    PVD_IRQHandler                           0x080001b7   Thumb Code     0  startup_stm32f4xx.o(.text)
    RCC_IRQHandler                           0x080001b7   Thumb Code     0  startup_stm32f4xx.o(.text)
    RTC_Alarm_IRQHandler                     0x080001b7   Thumb Code     0  startup_stm32f4xx.o(.text)
    RTC_WKUP_IRQHandler                      0x080001b7   Thumb Code     0  startup_stm32f4xx.o(.text)
    SDIO_IRQHandler                          0x080001b7   Thumb Code     0  startup_stm32f4xx.o(.text)
    SPI1_IRQHandler                          0x080001b7   Thumb Code     0  startup_stm32f4xx.o(.text)
    SPI2_IRQHandler                          0x080001b7   Thumb Code     0  startup_stm32f4xx.o(.text)
    SPI3_IRQHandler                          0x080001b7   Thumb Code     0  startup_stm32f4xx.o(.text)
    TAMP_STAMP_IRQHandler                    0x080001b7   Thumb Code     0  startup_stm32f4xx.o(.text)
    TIM1_BRK_TIM9_IRQHandler                 0x080001b7   Thumb Code     0  startup_stm32f4xx.o(.text)
    TIM1_CC_IRQHandler                       0x080001b7   Thumb Code     0  startup_stm32f4xx.o(.text)
    TIM1_TRG_COM_TIM11_IRQHandler            0x080001b7   Thumb Code     0  startup_stm32f4xx.o(.text)
    TIM1_UP_TIM10_IRQHandler                 0x080001b7   Thumb Code     0  startup_stm32f4xx.o(.text)
    TIM4_IRQHandler                          0x080001b7   Thumb Code     0  startup_stm32f4xx.o(.text)
    TIM5_IRQHandler                          0x080001b7   Thumb Code     0  startup_stm32f4xx.o(.text)
    TIM6_DAC_IRQHandler                      0x080001b7   Thumb Code     0  startup_stm32f4xx.o(.text)
    TIM7_IRQHandler                          0x080001b7   Thumb Code     0  startup_stm32f4xx.o(.text)
    TIM8_BRK_TIM12_IRQHandler                0x080001b7   Thumb Code     0  startup_stm32f4xx.o(.text)
    TIM8_CC_IRQHandler                       0x080001b7   Thumb Code     0  startup_stm32f4xx.o(.text)
    TIM8_TRG_COM_TIM14_IRQHandler            0x080001b7   Thumb Code     0  startup_stm32f4xx.o(.text)
    TIM8_UP_TIM13_IRQHandler                 0x080001b7   Thumb Code     0  startup_stm32f4xx.o(.text)
    UART4_IRQHandler                         0x080001b7   Thumb Code     0  startup_stm32f4xx.o(.text)
    UART5_IRQHandler                         0x080001b7   Thumb Code     0  startup_stm32f4xx.o(.text)
    USART2_IRQHandler                        0x080001b7   Thumb Code     0  startup_stm32f4xx.o(.text)
    USART3_IRQHandler                        0x080001b7   Thumb Code     0  startup_stm32f4xx.o(.text)
    WWDG_IRQHandler                          0x080001b7   Thumb Code     0  startup_stm32f4xx.o(.text)
    __aeabi_memcpy                           0x080001c1   Thumb Code    36  memcpya.o(.text)
    __aeabi_memcpy4                          0x080001c1   Thumb Code     0  memcpya.o(.text)
    __aeabi_memcpy8                          0x080001c1   Thumb Code     0  memcpya.o(.text)
    __aeabi_memset                           0x080001e5   Thumb Code    14  memseta.o(.text)
    __aeabi_memset4                          0x080001e5   Thumb Code     0  memseta.o(.text)
    __aeabi_memset8                          0x080001e5   Thumb Code     0  memseta.o(.text)
    __aeabi_memclr                           0x080001f3   Thumb Code     4  memseta.o(.text)
    __aeabi_memclr4                          0x080001f3   Thumb Code     0  memseta.o(.text)
    __aeabi_memclr8                          0x080001f3   Thumb Code     0  memseta.o(.text)
    _memset$wrapper                          0x080001f7   Thumb Code    18  memseta.o(.text)
    strlen                                   0x08000209   Thumb Code    14  strlen.o(.text)
    strcmp                                   0x08000217   Thumb Code    28  strcmp.o(.text)
    strrchr                                  0x08000233   Thumb Code    32  strrchr.o(.text)
    __0sscanf                                0x08000255   Thumb Code    48  __0sscanf.o(.text)
    _scanf_int                               0x0800028d   Thumb Code   332  _scanf_int.o(.text)
    __aeabi_f2d                              0x080003d9   Thumb Code    38  f2d.o(.text)
    __aeabi_d2f                              0x080003ff   Thumb Code    56  d2f.o(.text)
    __aeabi_uidiv                            0x08000437   Thumb Code     0  uidiv.o(.text)
    __aeabi_uidivmod                         0x08000437   Thumb Code    44  uidiv.o(.text)
    __aeabi_uldivmod                         0x08000463   Thumb Code    98  uldiv.o(.text)
    _chval                                   0x080004c5   Thumb Code    28  _chval.o(.text)
    __vfscanf_char                           0x080004ed   Thumb Code    20  scanf_char.o(.text)
    _sgetc                                   0x08000509   Thumb Code    30  _sgetc.o(.text)
    _sbackspace                              0x08000527   Thumb Code    34  _sgetc.o(.text)
    __strtod_int                             0x0800057f   Thumb Code    90  strtod.o(.text)
    __I$use$fp                               0x080005e5   Thumb Code     0  iusefp.o(.text)
    _float_round                             0x080005e5   Thumb Code    18  fepilogue.o(.text)
    _float_epilogue                          0x080005f7   Thumb Code    92  fepilogue.o(.text)
    __aeabi_dadd                             0x08000653   Thumb Code   322  dadd.o(.text)
    __aeabi_dsub                             0x08000795   Thumb Code     6  dadd.o(.text)
    __aeabi_drsub                            0x0800079b   Thumb Code     6  dadd.o(.text)
    __aeabi_dmul                             0x080007a1   Thumb Code   228  dmul.o(.text)
    __aeabi_ddiv                             0x08000885   Thumb Code   222  ddiv.o(.text)
    __aeabi_d2ulz                            0x08000963   Thumb Code    48  dfixul.o(.text)
    __aeabi_cdrcmple                         0x08000995   Thumb Code    48  cdrcmple.o(.text)
    __scatterload                            0x080009c5   Thumb Code    28  init.o(.text)
    __scatterload_rt2                        0x080009c5   Thumb Code     0  init.o(.text)
    __aeabi_llsl                             0x080009e9   Thumb Code    30  llshl.o(.text)
    _ll_shift_l                              0x080009e9   Thumb Code     0  llshl.o(.text)
    __aeabi_llsr                             0x08000a07   Thumb Code    32  llushr.o(.text)
    _ll_ushift_r                             0x08000a07   Thumb Code     0  llushr.o(.text)
    __aeabi_lasr                             0x08000a27   Thumb Code    36  llsshr.o(.text)
    _ll_sshift_r                             0x08000a27   Thumb Code     0  llsshr.o(.text)
    isspace                                  0x08000a4b   Thumb Code    10  isspace_c.o(.text)
    __vfscanf                                0x08000a55   Thumb Code   808  _scanf.o(.text)
    _scanf_real                              0x08000ea9   Thumb Code     0  scanf_fp.o(.text)
    _scanf_really_real                       0x08000ea9   Thumb Code   556  scanf_fp.o(.text)
    _double_round                            0x080010e1   Thumb Code    30  depilogue.o(.text)
    _double_epilogue                         0x080010ff   Thumb Code   156  depilogue.o(.text)
    __ctype_lookup                           0x0800119d   Thumb Code    34  ctype_c.o(.text)
    __aeabi_ul2d                             0x080011c5   Thumb Code    24  dfltul.o(.text)
    BusFault_Handler                         0x08001273   Thumb Code     4  stm32f4xx_it.o(i.BusFault_Handler)
    CRC16_MODBUS                             0x08001277   Thumb Code    84  crc.o(i.CRC16_MODBUS)
    CreateNewFile                            0x080012cd   Thumb Code   344  demo_fatfs.o(i.CreateNewFile)
    DMA_ClearFlag                            0x080014c1   Thumb Code    38  stm32f4xx_dma.o(i.DMA_ClearFlag)
    DMA_Cmd                                  0x080014f5   Thumb Code    22  stm32f4xx_dma.o(i.DMA_Cmd)
    DMA_DeInit                               0x0800150d   Thumb Code   324  stm32f4xx_dma.o(i.DMA_DeInit)
    DMA_GetCmdStatus                         0x08001665   Thumb Code    20  stm32f4xx_dma.o(i.DMA_GetCmdStatus)
    DMA_GetCurrDataCounter                   0x08001679   Thumb Code     8  stm32f4xx_dma.o(i.DMA_GetCurrDataCounter)
    DMA_GetFlagStatus                        0x08001681   Thumb Code    54  stm32f4xx_dma.o(i.DMA_GetFlagStatus)
    DMA_Init                                 0x080016c5   Thumb Code    82  stm32f4xx_dma.o(i.DMA_Init)
    DMA_PWM_Init                             0x0800171d   Thumb Code    16  pwm.o(i.DMA_PWM_Init)
    DMA_Send                                 0x0800172d   Thumb Code    84  dma.o(i.DMA_Send)
    DMA_SetCurrDataCounter                   0x0800178d   Thumb Code     4  stm32f4xx_dma.o(i.DMA_SetCurrDataCounter)
    DebugMon_Handler                         0x08001791   Thumb Code     2  stm32f4xx_it.o(i.DebugMon_Handler)
    DemoFatFS                                0x08001795   Thumb Code    62  demo_fatfs.o(i.DemoFatFS)
    GPIO_Init                                0x080017ed   Thumb Code   144  stm32f4xx_gpio.o(i.GPIO_Init)
    GPIO_PinAFConfig                         0x0800187d   Thumb Code    70  stm32f4xx_gpio.o(i.GPIO_PinAFConfig)
    GPIO_ResetBits                           0x080018c3   Thumb Code     4  stm32f4xx_gpio.o(i.GPIO_ResetBits)
    GPIO_SetBits                             0x080018c7   Thumb Code     4  stm32f4xx_gpio.o(i.GPIO_SetBits)
    HCD_GetCurrentFrame                      0x080018cb   Thumb Code    10  usb_hcd.o(i.HCD_GetCurrentFrame)
    HCD_GetCurrentSpeed                      0x080018d5   Thumb Code    20  usb_hcd.o(i.HCD_GetCurrentSpeed)
    HCD_GetURB_State                         0x080018e9   Thumb Code    10  usb_hcd.o(i.HCD_GetURB_State)
    HCD_GetXferCnt                           0x080018f3   Thumb Code    12  usb_hcd.o(i.HCD_GetXferCnt)
    HCD_Init                                 0x080018ff   Thumb Code    96  usb_hcd.o(i.HCD_Init)
    HCD_IsDeviceConnected                    0x0800195f   Thumb Code     8  usb_hcd.o(i.HCD_IsDeviceConnected)
    HCD_ResetPort                            0x08001967   Thumb Code    14  usb_hcd.o(i.HCD_ResetPort)
    HCD_SubmitRequest                        0x08001975   Thumb Code    32  usb_hcd.o(i.HCD_SubmitRequest)
    HardFault_Handler                        0x08001995   Thumb Code    38  stm32f4xx_it.o(i.HardFault_Handler)
    InvertUint16                             0x080019ed   Thumb Code    38  crc.o(i.InvertUint16)
    InvertUint8                              0x08001a13   Thumb Code    38  crc.o(i.InvertUint8)
    LED_FLAG_LOOP                            0x08001a39   Thumb Code    38  led.o(i.LED_FLAG_LOOP)
    LED_FLAG_Run                             0x08001a6d   Thumb Code    26  led.o(i.LED_FLAG_Run)
    LED_GPIO_Config                          0x08001a95   Thumb Code    68  led.o(i.LED_GPIO_Config)
    LastDATA_Analyze                         0x08001add   Thumb Code   252  usart.o(i.LastDATA_Analyze)
    MemManage_Handler                        0x08001c49   Thumb Code     4  stm32f4xx_it.o(i.MemManage_Handler)
    NMI_Handler                              0x08001c4d   Thumb Code     2  stm32f4xx_it.o(i.NMI_Handler)
    NVIC_Init                                0x08001c51   Thumb Code   106  misc.o(i.NVIC_Init)
    NVIC_PriorityGroupConfig                 0x08001cc9   Thumb Code    10  misc.o(i.NVIC_PriorityGroupConfig)
    NVIC_SetVectorTable                      0x08001cdd   Thumb Code    12  misc.o(i.NVIC_SetVectorTable)
    OTG_HS_IRQHandler                        0x08001cf1   Thumb Code    10  usbh_it.o(i.OTG_HS_IRQHandler)
    PWM_Table_Init                           0x08001d01   Thumb Code    52  pwm.o(i.PWM_Table_Init)
    PendSV_Handler                           0x08001d39   Thumb Code     2  stm32f4xx_it.o(i.PendSV_Handler)
    RCC_AHB1PeriphClockCmd                   0x08001d3d   Thumb Code    26  stm32f4xx_rcc.o(i.RCC_AHB1PeriphClockCmd)
    RCC_APB1PeriphClockCmd                   0x08001d5d   Thumb Code    26  stm32f4xx_rcc.o(i.RCC_APB1PeriphClockCmd)
    RCC_APB1PeriphResetCmd                   0x08001d7d   Thumb Code    26  stm32f4xx_rcc.o(i.RCC_APB1PeriphResetCmd)
    RCC_APB2PeriphClockCmd                   0x08001d9d   Thumb Code    26  stm32f4xx_rcc.o(i.RCC_APB2PeriphClockCmd)
    RCC_APB2PeriphResetCmd                   0x08001dbd   Thumb Code    26  stm32f4xx_rcc.o(i.RCC_APB2PeriphResetCmd)
    RCC_GetClocksFreq                        0x08001ddd   Thumb Code   214  stm32f4xx_rcc.o(i.RCC_GetClocksFreq)
    RS232_Printf                             0x08001ec5   Thumb Code    48  rs232.o(i.RS232_Printf)
    RS232_Send_Data                          0x08001ef5   Thumb Code    38  rs232.o(i.RS232_Send_Data)
    ReadlastlineData                         0x08002001   Thumb Code   260  demo_fatfs.o(i.ReadlastlineData)
    SVC_Handler                              0x08002155   Thumb Code     2  stm32f4xx_it.o(i.SVC_Handler)
    SysTick_Handler                          0x08002245   Thumb Code     8  bsp_timer.o(i.SysTick_Handler)
    SysTick_ISR                              0x0800224d   Thumb Code   102  bsp_timer.o(i.SysTick_ISR)
    SystemInit                               0x080022c9   Thumb Code    88  system_stm32f4xx.o(i.SystemInit)
    TIM1_CH4_DMA_Init                        0x08002331   Thumb Code   114  dmapwm.o(i.TIM1_CH4_DMA_Init)
    TIM1_PWM_Init                            0x080023b1   Thumb Code   180  pwm.o(i.TIM1_PWM_Init)
    TIM2_IRQHandler                          0x0800246d   Thumb Code     8  usbh_it.o(i.TIM2_IRQHandler)
    TIM3_IRQHandler                          0x08002475   Thumb Code    40  timer.o(i.TIM3_IRQHandler)
    TIM_ARRPreloadConfig                     0x080024a5   Thumb Code    24  stm32f4xx_tim.o(i.TIM_ARRPreloadConfig)
    TIM_ClearITPendingBit                    0x080024bd   Thumb Code     6  stm32f4xx_tim.o(i.TIM_ClearITPendingBit)
    TIM_Cmd                                  0x080024c3   Thumb Code    24  stm32f4xx_tim.o(i.TIM_Cmd)
    TIM_Configuration                        0x080024dd   Thumb Code    94  timer.o(i.TIM_Configuration)
    TIM_CtrlPWMOutputs                       0x08002541   Thumb Code    30  stm32f4xx_tim.o(i.TIM_CtrlPWMOutputs)
    TIM_DMACmd                               0x0800255f   Thumb Code    18  stm32f4xx_tim.o(i.TIM_DMACmd)
    TIM_GetITStatus                          0x08002571   Thumb Code    34  stm32f4xx_tim.o(i.TIM_GetITStatus)
    TIM_ITConfig                             0x08002593   Thumb Code    18  stm32f4xx_tim.o(i.TIM_ITConfig)
    TIM_OC4Init                              0x080025a5   Thumb Code   112  stm32f4xx_tim.o(i.TIM_OC4Init)
    TIM_OC4PreloadConfig                     0x0800261d   Thumb Code    26  stm32f4xx_tim.o(i.TIM_OC4PreloadConfig)
    TIM_TimeBaseInit                         0x08002639   Thumb Code   104  stm32f4xx_tim.o(i.TIM_TimeBaseInit)
    USART1_Configuration                     0x080026bd   Thumb Code   232  rs232.o(i.USART1_Configuration)
    USART1_IRQHandler                        0x080027ad   Thumb Code   124  rs232.o(i.USART1_IRQHandler)
    USART6_DMA_Rx_Init                       0x08002839   Thumb Code   110  dma.o(i.USART6_DMA_Rx_Init)
    USART6_DMA_Tx_Init                       0x080028b5   Thumb Code   110  dma.o(i.USART6_DMA_Tx_Init)
    USART6_IRQHandler                        0x08002931   Thumb Code   146  usart.o(i.USART6_IRQHandler)
    USART_ClearFlag                          0x080029dd   Thumb Code    18  stm32f4xx_usart.o(i.USART_ClearFlag)
    USART_ClearITPendingBit                  0x080029ef   Thumb Code    30  stm32f4xx_usart.o(i.USART_ClearITPendingBit)
    USART_ClockInit                          0x08002a0d   Thumb Code    32  stm32f4xx_usart.o(i.USART_ClockInit)
    USART_ClockStructInit                    0x08002a2d   Thumb Code    12  stm32f4xx_usart.o(i.USART_ClockStructInit)
    USART_Cmd                                0x08002a39   Thumb Code    24  stm32f4xx_usart.o(i.USART_Cmd)
    USART_DMACmd                             0x08002a51   Thumb Code    18  stm32f4xx_usart.o(i.USART_DMACmd)
    USART_DeInit                             0x08002a65   Thumb Code   156  stm32f4xx_usart.o(i.USART_DeInit)
    USART_GetFlagStatus                      0x08002b19   Thumb Code    26  stm32f4xx_usart.o(i.USART_GetFlagStatus)
    USART_GetITStatus                        0x08002b33   Thumb Code    84  stm32f4xx_usart.o(i.USART_GetITStatus)
    USART_ITConfig                           0x08002b87   Thumb Code    74  stm32f4xx_usart.o(i.USART_ITConfig)
    USART_Init                               0x08002bd1   Thumb Code   204  stm32f4xx_usart.o(i.USART_Init)
    USART_ReceiveData                        0x08002ca5   Thumb Code    10  stm32f4xx_usart.o(i.USART_ReceiveData)
    USART_SendData                           0x08002caf   Thumb Code     8  stm32f4xx_usart.o(i.USART_SendData)
    USART_StructInit                         0x08002cb7   Thumb Code    24  stm32f4xx_usart.o(i.USART_StructInit)
    USBH_Alloc_Channel                       0x08002ccf   Thumb Code    38  usbh_hcs.o(i.USBH_Alloc_Channel)
    USBH_BulkReceiveData                     0x08002cf5   Thumb Code    96  usbh_ioreq.o(i.USBH_BulkReceiveData)
    USBH_BulkSendData                        0x08002d55   Thumb Code    94  usbh_ioreq.o(i.USBH_BulkSendData)
    USBH_ClrFeature                          0x08002db3   Thumb Code    76  usbh_stdreq.o(i.USBH_ClrFeature)
    USBH_Connected                           0x08002dff   Thumb Code    12  usbh_core.o(i.USBH_Connected)
    USBH_CtlReceiveData                      0x08002e0b   Thumb Code    70  usbh_ioreq.o(i.USBH_CtlReceiveData)
    USBH_CtlReq                              0x08002e51   Thumb Code   100  usbh_ioreq.o(i.USBH_CtlReq)
    USBH_CtlSendData                         0x08002eb5   Thumb Code   110  usbh_ioreq.o(i.USBH_CtlSendData)
    USBH_CtlSendSetup                        0x08002f23   Thumb Code    66  usbh_ioreq.o(i.USBH_CtlSendSetup)
    USBH_DeAllocate_AllChannel               0x08002f65   Thumb Code    28  usbh_hcs.o(i.USBH_DeAllocate_AllChannel)
    USBH_DeInit                              0x08002f81   Thumb Code    58  usbh_core.o(i.USBH_DeInit)
    USBH_Disconnected                        0x08002fbb   Thumb Code    12  usbh_core.o(i.USBH_Disconnected)
    USBH_ErrorHandle                         0x08002fc7   Thumb Code    46  usbh_core.o(i.USBH_ErrorHandle)
    USBH_Free_Channel                        0x08002ff5   Thumb Code    30  usbh_hcs.o(i.USBH_Free_Channel)
    USBH_GetDescriptor                       0x08003013   Thumb Code    68  usbh_stdreq.o(i.USBH_GetDescriptor)
    USBH_GetNextDesc                         0x0800307f   Thumb Code    18  usbh_stdreq.o(i.USBH_GetNextDesc)
    USBH_Get_CfgDesc                         0x08003091   Thumb Code    88  usbh_stdreq.o(i.USBH_Get_CfgDesc)
    USBH_Get_DevDesc                         0x080030ed   Thumb Code    56  usbh_stdreq.o(i.USBH_Get_DevDesc)
    USBH_Get_StringDesc                      0x08003125   Thumb Code    60  usbh_stdreq.o(i.USBH_Get_StringDesc)
    USBH_HandleControl                       0x08003161   Thumb Code   544  usbh_core.o(i.USBH_HandleControl)
    USBH_Init                                0x08003561   Thumb Code    68  usbh_core.o(i.USBH_Init)
    USBH_MSC_BOT_Abort                       0x080035c9   Thumb Code    86  usbh_msc_bot.o(i.USBH_MSC_BOT_Abort)
    USBH_MSC_DecodeCSW                       0x0800363d   Thumb Code   108  usbh_msc_bot.o(i.USBH_MSC_DecodeCSW)
    USBH_MSC_ErrorHandle                     0x080036bd   Thumb Code    58  usbh_msc_core.o(i.USBH_MSC_ErrorHandle)
    USBH_MSC_HandleBOTXfer                   0x080038d5   Thumb Code   812  usbh_msc_bot.o(i.USBH_MSC_HandleBOTXfer)
    USBH_MSC_Init                            0x08003c25   Thumb Code    44  usbh_msc_bot.o(i.USBH_MSC_Init)
    USBH_MSC_ModeSense6                      0x08003d85   Thumb Code   192  usbh_msc_scsi.o(i.USBH_MSC_ModeSense6)
    USBH_MSC_Read10                          0x08003e55   Thumb Code   242  usbh_msc_scsi.o(i.USBH_MSC_Read10)
    USBH_MSC_ReadCapacity10                  0x08003f55   Thumb Code   202  usbh_msc_scsi.o(i.USBH_MSC_ReadCapacity10)
    USBH_MSC_RequestSense                    0x08004031   Thumb Code   208  usbh_msc_scsi.o(i.USBH_MSC_RequestSense)
    USBH_MSC_TestUnitReady                   0x08004111   Thumb Code   162  usbh_msc_scsi.o(i.USBH_MSC_TestUnitReady)
    USBH_MSC_Write10                         0x080041c1   Thumb Code   218  usbh_msc_scsi.o(i.USBH_MSC_Write10)
    USBH_Modify_Channel                      0x080042a5   Thumb Code   100  usbh_hcs.o(i.USBH_Modify_Channel)
    USBH_OTG_ISR_Handler                     0x08004309   Thumb Code   168  usb_hcd_int.o(i.USBH_OTG_ISR_Handler)
    USBH_Open_Channel                        0x080043b1   Thumb Code   154  usbh_hcs.o(i.USBH_Open_Channel)
    USBH_Process                             0x0800463d   Thumb Code   408  usbh_core.o(i.USBH_Process)
    USBH_SOF                                 0x080047d5   Thumb Code     6  usbh_core.o(i.USBH_SOF)
    USBH_SetAddress                          0x080047db   Thumb Code    38  usbh_stdreq.o(i.USBH_SetAddress)
    USBH_SetCfg                              0x08004801   Thumb Code    38  usbh_stdreq.o(i.USBH_SetCfg)
    USBH_USR_Configuration_DescAvailable     0x08004841   Thumb Code    42  usbh_usr.o(i.USBH_USR_Configuration_DescAvailable)
    USBH_USR_DeInit                          0x08004875   Thumb Code     2  usbh_usr.o(i.USBH_USR_DeInit)
    USBH_USR_DeviceAddressAssigned           0x08004877   Thumb Code     2  usbh_usr.o(i.USBH_USR_DeviceAddressAssigned)
    USBH_USR_DeviceAttached                  0x08004879   Thumb Code    10  usbh_usr.o(i.USBH_USR_DeviceAttached)
    USBH_USR_DeviceDisconnected              0x08004889   Thumb Code    10  usbh_usr.o(i.USBH_USR_DeviceDisconnected)
    USBH_USR_DeviceNotSupported              0x08004899   Thumb Code    10  usbh_usr.o(i.USBH_USR_DeviceNotSupported)
    USBH_USR_DeviceSpeedDetected             0x080048c1   Thumb Code    46  usbh_usr.o(i.USBH_USR_DeviceSpeedDetected)
    USBH_USR_Device_DescAvailable            0x08004901   Thumb Code    24  usbh_usr.o(i.USBH_USR_Device_DescAvailable)
    USBH_USR_EnumerationDone                 0x08004939   Thumb Code    10  usbh_usr.o(i.USBH_USR_EnumerationDone)
    USBH_USR_Init                            0x08004949   Thumb Code    34  usbh_usr.o(i.USBH_USR_Init)
    USBH_USR_MSC_Application                 0x080049c9   Thumb Code     4  usbh_usr.o(i.USBH_USR_MSC_Application)
    USBH_USR_Manufacturer_String             0x080049cd   Thumb Code    14  usbh_usr.o(i.USBH_USR_Manufacturer_String)
    USBH_USR_OverCurrentDetected             0x080049f5   Thumb Code    10  usbh_usr.o(i.USBH_USR_OverCurrentDetected)
    USBH_USR_Product_String                  0x08004a1d   Thumb Code    14  usbh_usr.o(i.USBH_USR_Product_String)
    USBH_USR_ResetDevice                     0x08004a41   Thumb Code    10  usbh_usr.o(i.USBH_USR_ResetDevice)
    USBH_USR_SerialNum_String                0x08004a69   Thumb Code    14  usbh_usr.o(i.USBH_USR_SerialNum_String)
    USBH_USR_UnrecoveredError                0x08004a91   Thumb Code    10  usbh_usr.o(i.USBH_USR_UnrecoveredError)
    USBH_USR_UserInput                       0x08004aa1   Thumb Code     4  usbh_usr.o(i.USBH_USR_UserInput)
    USB_OTG_BSP_ConfigVBUS                   0x08004aa5   Thumb Code     2  usb_bsp.o(i.USB_OTG_BSP_ConfigVBUS)
    USB_OTG_BSP_DriveVBUS                    0x08004aa7   Thumb Code     2  usb_bsp.o(i.USB_OTG_BSP_DriveVBUS)
    USB_OTG_BSP_EnableInterrupt              0x08004aa9   Thumb Code    44  usb_bsp.o(i.USB_OTG_BSP_EnableInterrupt)
    USB_OTG_BSP_Init                         0x08004ad5   Thumb Code    72  usb_bsp.o(i.USB_OTG_BSP_Init)
    USB_OTG_BSP_TimerIRQ                     0x08004b59   Thumb Code    50  usb_bsp.o(i.USB_OTG_BSP_TimerIRQ)
    USB_OTG_BSP_mDelay                       0x08004b91   Thumb Code    14  usb_bsp.o(i.USB_OTG_BSP_mDelay)
    USB_OTG_BSP_uDelay                       0x08004b9f   Thumb Code    14  usb_bsp.o(i.USB_OTG_BSP_uDelay)
    USB_OTG_CoreInit                         0x08004bad   Thumb Code   306  usb_core.o(i.USB_OTG_CoreInit)
    USB_OTG_CoreInitHost                     0x08004cdf   Thumb Code   218  usb_core.o(i.USB_OTG_CoreInitHost)
    USB_OTG_DisableGlobalInt                 0x08004e29   Thumb Code    34  usb_core.o(i.USB_OTG_DisableGlobalInt)
    USB_OTG_DriveVbus                        0x08004e4b   Thumb Code    92  usb_core.o(i.USB_OTG_DriveVbus)
    USB_OTG_EnableGlobalInt                  0x08004edb   Thumb Code    34  usb_core.o(i.USB_OTG_EnableGlobalInt)
    USB_OTG_EnableHostInt                    0x08004efd   Thumb Code   116  usb_core.o(i.USB_OTG_EnableHostInt)
    USB_OTG_FlushRxFifo                      0x08004f71   Thumb Code    70  usb_core.o(i.USB_OTG_FlushRxFifo)
    USB_OTG_FlushTxFifo                      0x08004fbd   Thumb Code    80  usb_core.o(i.USB_OTG_FlushTxFifo)
    USB_OTG_GetMode                          0x08005011   Thumb Code    12  usb_core.o(i.USB_OTG_GetMode)
    USB_OTG_HC_DoPing                        0x0800501d   Thumb Code    90  usb_core.o(i.USB_OTG_HC_DoPing)
    USB_OTG_HC_Halt                          0x08005077   Thumb Code   130  usb_core.o(i.USB_OTG_HC_Halt)
    USB_OTG_HC_Init                          0x080050f9   Thumb Code   568  usb_core.o(i.USB_OTG_HC_Init)
    USB_OTG_HC_StartXfer                     0x08005331   Thumb Code   502  usb_core.o(i.USB_OTG_HC_StartXfer)
    USB_OTG_InitFSLSPClkSel                  0x08005527   Thumb Code    24  usb_core.o(i.USB_OTG_InitFSLSPClkSel)
    USB_OTG_IsEvenFrame                      0x0800553f   Thumb Code    16  usb_core.o(i.USB_OTG_IsEvenFrame)
    USB_OTG_IsHostMode                       0x0800554f   Thumb Code    20  usb_core.o(i.USB_OTG_IsHostMode)
    USB_OTG_ReadCoreItr                      0x08005563   Thumb Code    16  usb_core.o(i.USB_OTG_ReadCoreItr)
    USB_OTG_ReadHPRT0                        0x08005573   Thumb Code    48  usb_core.o(i.USB_OTG_ReadHPRT0)
    USB_OTG_ReadHostAllChannels_intr         0x080055a3   Thumb Code     8  usb_core.o(i.USB_OTG_ReadHostAllChannels_intr)
    USB_OTG_ReadPacket                       0x080055ab   Thumb Code    40  usb_core.o(i.USB_OTG_ReadPacket)
    USB_OTG_ResetPort                        0x080055d3   Thumb Code    64  usb_core.o(i.USB_OTG_ResetPort)
    USB_OTG_SelectCore                       0x08005615   Thumb Code   212  usb_core.o(i.USB_OTG_SelectCore)
    USB_OTG_SetCurrentMode                   0x080056ed   Thumb Code    78  usb_core.o(i.USB_OTG_SetCurrentMode)
    USB_OTG_WritePacket                      0x0800650d   Thumb Code    64  usb_core.o(i.USB_OTG_WritePacket)
    UartProtocol_DataAnalyze                 0x0800654d   Thumb Code   238  usart.o(i.UartProtocol_DataAnalyze)
    UsageFault_Handler                       0x080066b1   Thumb Code     4  stm32f4xx_it.o(i.UsageFault_Handler)
    Usart6_Init                              0x080066b5   Thumb Code   262  usart.o(i.Usart6_Init)
    __0printf                                0x080067c5   Thumb Code    22  printfa.o(i.__0printf)
    __1printf                                0x080067c5   Thumb Code     0  printfa.o(i.__0printf)
    __2printf                                0x080067c5   Thumb Code     0  printfa.o(i.__0printf)
    __c89printf                              0x080067c5   Thumb Code     0  printfa.o(i.__0printf)
    printf                                   0x080067c5   Thumb Code     0  printfa.o(i.__0printf)
    __0sprintf                               0x080067e5   Thumb Code    34  printfa.o(i.__0sprintf)
    __1sprintf                               0x080067e5   Thumb Code     0  printfa.o(i.__0sprintf)
    __2sprintf                               0x080067e5   Thumb Code     0  printfa.o(i.__0sprintf)
    __c89sprintf                             0x080067e5   Thumb Code     0  printfa.o(i.__0sprintf)
    sprintf                                  0x080067e5   Thumb Code     0  printfa.o(i.__0sprintf)
    __0vsnprintf                             0x0800680d   Thumb Code    40  printfa.o(i.__0vsnprintf)
    __1vsnprintf                             0x0800680d   Thumb Code     0  printfa.o(i.__0vsnprintf)
    __2vsnprintf                             0x0800680d   Thumb Code     0  printfa.o(i.__0vsnprintf)
    __c89vsnprintf                           0x0800680d   Thumb Code     0  printfa.o(i.__0vsnprintf)
    vsnprintf                                0x0800680d   Thumb Code     0  printfa.o(i.__0vsnprintf)
    __hardfp_atof                            0x08006839   Thumb Code    44  atof.o(i.__hardfp_atof)
    __read_errno                             0x08006871   Thumb Code     6  errno.o(i.__read_errno)
    __scatterload_copy                       0x0800687d   Thumb Code    14  handlers.o(i.__scatterload_copy)
    __scatterload_null                       0x0800688b   Thumb Code     2  handlers.o(i.__scatterload_null)
    __scatterload_zeroinit                   0x0800688d   Thumb Code    14  handlers.o(i.__scatterload_zeroinit)
    __set_errno                              0x0800689d   Thumb Code     6  errno.o(i.__set_errno)
    _is_digit                                0x08006a2d   Thumb Code    14  scanf_fp.o(i._is_digit)
    clust2sect                               0x080076b5   Thumb Code    26  ff.o(i.clust2sect)
    disk_initialize                          0x08007fcd   Thumb Code    30  diskio.o(i.disk_initialize)
    disk_ioctl                               0x08007ff1   Thumb Code    72  diskio.o(i.disk_ioctl)
    disk_read                                0x0800803d   Thumb Code    86  diskio.o(i.disk_read)
    disk_status                              0x0800809d   Thumb Code    16  diskio.o(i.disk_status)
    disk_write                               0x080080ad   Thumb Code    86  diskio.o(i.disk_write)
    f_close                                  0x08008135   Thumb Code    32  ff.o(i.f_close)
    f_lseek                                  0x08008155   Thumb Code   430  ff.o(i.f_lseek)
    f_mount                                  0x08008305   Thumb Code    48  ff.o(i.f_mount)
    f_open                                   0x08008339   Thumb Code   416  ff.o(i.f_open)
    f_opendir                                0x080084d9   Thumb Code   120  ff.o(i.f_opendir)
    f_read                                   0x08008551   Thumb Code   458  ff.o(i.f_read)
    f_readdir                                0x0800871b   Thumb Code   100  ff.o(i.f_readdir)
    f_sync                                   0x0800877f   Thumb Code   176  ff.o(i.f_sync)
    f_write                                  0x0800882f   Thumb Code   524  ff.o(i.f_write)
    ff_convert                               0x08008a3d   Thumb Code   116  cc936.o(i.ff_convert)
    ff_wtoupper                              0x08008ab9   Thumb Code    46  cc936.o(i.ff_wtoupper)
    fputc                                    0x08008c05   Thumb Code    40  usart.o(i.fputc)
    gen_numname                              0x08008c35   Thumb Code   190  ff.o(i.gen_numname)
    get_fat                                  0x08008cf3   Thumb Code   228  ff.o(i.get_fat)
    get_fattime                              0x08008dd9   Thumb Code     4  diskio.o(i.get_fattime)
    main                                     0x08009029   Thumb Code    60  main.o(i.main)
    parse_ascii_float                        0x08009141   Thumb Code    78  usart.o(i.parse_ascii_float)
    put_fat                                  0x08009205   Thumb Code   310  ff.o(i.put_fat)
    shujuneiruDATA_Analyze                   0x080093a5   Thumb Code   238  usart.o(i.shujuneiruDATA_Analyze)
    MSG_HOST_INIT                            0x0803433a   Data          29  usbh_usr.o(.constdata)
    MSG_DEV_ATTACHED                         0x08034357   Data          21  usbh_usr.o(.constdata)
    MSG_DEV_DISCONNECTED                     0x0803436c   Data          24  usbh_usr.o(.constdata)
    MSG_DEV_ENUMERATED                       0x08034384   Data          27  usbh_usr.o(.constdata)
    MSG_DEV_HIGHSPEED                        0x0803439f   Data          31  usbh_usr.o(.constdata)
    MSG_DEV_FULLSPEED                        0x080343be   Data          31  usbh_usr.o(.constdata)
    MSG_DEV_LOWSPEED                         0x080343dd   Data          30  usbh_usr.o(.constdata)
    MSG_DEV_ERROR                            0x080343fb   Data          18  usbh_usr.o(.constdata)
    MSG_MSC_CLASS                            0x0803440d   Data          34  usbh_usr.o(.constdata)
    MSG_HID_CLASS                            0x0803442f   Data          25  usbh_usr.o(.constdata)
    MSG_DISK_SIZE                            0x08034448   Data          33  usbh_usr.o(.constdata)
    MSG_LUN                                  0x08034469   Data          33  usbh_usr.o(.constdata)
    MSG_ROOT_CONT                            0x0803448a   Data          29  usbh_usr.o(.constdata)
    MSG_WR_PROTECT                           0x080344a7   Data          32  usbh_usr.o(.constdata)
    MSG_UNREC_ERROR                          0x080344c7   Data          28  usbh_usr.o(.constdata)
    __ctype_categories                       0x080344e3   Data          64  ctype_c.o(.constdata)
    Region$$Table$$Base                      0x0803456c   Number         0  anon$$obj.o(Region$$Table)
    Region$$Table$$Limit                     0x0803458c   Number         0  anon$$obj.o(Region$$Table)
    crc_value                                0x20000000   Data           2  demo_fatfs.o(.data)
    value                                    0x20000002   Data           2  demo_fatfs.o(.data)
    QDvalue                                  0x20000004   Data           2  demo_fatfs.o(.data)
    ptr                                      0x20000008   Data           4  demo_fatfs.o(.data)
    writeCount                               0x2000000c   Data           4  demo_fatfs.o(.data)
    s_flag                                   0x20000010   Data           1  demo_fatfs.o(.data)
    buff                                     0x20000011   Data           2  demo_fatfs.o(.data)
    g_iRunTime                               0x20000020   Data           4  bsp_timer.o(.data)
    MSC_Setup                                0x2000004c   Data           8  usbh_msc_core.o(.data)
    MSCErrorCount                            0x20000054   Data           1  usbh_msc_core.o(.data)
    USBH_MSC_cb                              0x20000058   Data          16  usbh_msc_core.o(.data)
    USBH_HCD_INT_cb                          0x2000006c   Data          12  usbh_core.o(.data)
    USBH_HCD_INT_fops                        0x20000078   Data           4  usbh_core.o(.data)
    USR_cb                                   0x20000084   Data          72  usbh_usr.o(.data)
    HSEStartUpStatus                         0x200000d0   Data           1  usb_bsp.o(.data)
    BSP_delay                                0x200000d4   Data           4  usb_bsp.o(.data)
    DYvalue                                  0x200000d8   Data           2  usart.o(.data)
    buf_index                                0x200000da   Data           2  usart.o(.data)
    i                                        0x200000dc   Data           1  usart.o(.data)
    rx_flag                                  0x200000dd   Data           1  usart.o(.data)
    ch_num                                   0x200000de   Data           2  usart.o(.data)
    num                                      0x200000e0   Data           2  usart.o(.data)
    RS232_REC_Flag                           0x200000e4   Data           1  rs232.o(.data)
    RS232_rec_counter                        0x200000e8   Data           4  rs232.o(.data)
    LED_thing_FLAG                           0x200000ec   Data           1  led.o(.data)
    LED_thing_time                           0x200000ed   Data           1  led.o(.data)
    __stdout                                 0x200000f0   Data           4  stdout.o(.data)
    g_TestBuf                                0x200000f8   Data        4096  demo_fatfs.o(.bss)
    USBH_MSC_CBWData                         0x20001168   Data          32  usbh_msc_bot.o(.bss)
    USBH_MSC_CSWData                         0x20001188   Data          16  usbh_msc_bot.o(.bss)
    USBH_MSC_BOTXferParam                    0x20001198   Data          16  usbh_msc_bot.o(.bss)
    MSC_Machine                              0x200011a8   Data         522  usbh_msc_core.o(.bss)
    USBH_MSC_Param                           0x200013b4   Data          16  usbh_msc_scsi.o(.bss)
    USBH_DataInBuffer                        0x200013c4   Data         512  usbh_msc_scsi.o(.bss)
    USBH_DataOutBuffer                       0x200015c4   Data         512  usbh_msc_scsi.o(.bss)
    USBH_CfgDesc                             0x200017c4   Data         512  usbh_stdreq.o(.bss)
    USB_OTG_Core                             0x200019c4   Data        1452  usbh_usr.o(.bss)
    USB_Host                                 0x20001f70   Data         132  usbh_usr.o(.bss)
    RX_Buffer                                0x20001ff4   Data         255  dma.o(.bss)
    TX_Buffer                                0x200020f3   Data         255  dma.o(.bss)
    printf_buf                               0x200021f4   Data         256  usart.o(.bss)
    Data                                     0x200022f4   Data          16  usart.o(.bss)
    RS232_buff                               0x20002304   Data         100  rs232.o(.bss)
    PWM_Breathe_Table                        0x20002368   Data        4000  dmapwm.o(.bss)
    __initial_sp                             0x20009308   Data           0  startup_stm32f4xx.o(STACK)



==============================================================================

Memory Map of the image

  Image Entry point : 0x08000189

  Load Region LR_IROM1 (Base: 0x08000000, Size: 0x00034684, Max: 0x00080000, ABSOLUTE)

    Execution Region ER_IROM1 (Exec base: 0x08000000, Load base: 0x08000000, Size: 0x0003458c, Max: 0x00080000, ABSOLUTE)

    Exec Addr    Load Addr    Size         Type   Attr      Idx    E Section Name        Object

    0x08000000   0x08000000   0x00000188   Data   RO          630    RESET               startup_stm32f4xx.o
    0x08000188   0x08000188   0x00000000   Code   RO         3726  * .ARM.Collect$$$$00000000  mc_w.l(entry.o)
    0x08000188   0x08000188   0x00000004   Code   RO         4010    .ARM.Collect$$$$00000001  mc_w.l(entry2.o)
    0x0800018c   0x0800018c   0x00000004   Code   RO         4013    .ARM.Collect$$$$00000004  mc_w.l(entry5.o)
    0x08000190   0x08000190   0x00000000   Code   RO         4015    .ARM.Collect$$$$00000008  mc_w.l(entry7b.o)
    0x08000190   0x08000190   0x00000000   Code   RO         4017    .ARM.Collect$$$$0000000A  mc_w.l(entry8b.o)
    0x08000190   0x08000190   0x00000008   Code   RO         4018    .ARM.Collect$$$$0000000B  mc_w.l(entry9a.o)
    0x08000198   0x08000198   0x00000000   Code   RO         4020    .ARM.Collect$$$$0000000D  mc_w.l(entry10a.o)
    0x08000198   0x08000198   0x00000000   Code   RO         4022    .ARM.Collect$$$$0000000F  mc_w.l(entry11a.o)
    0x08000198   0x08000198   0x00000004   Code   RO         4011    .ARM.Collect$$$$00002712  mc_w.l(entry2.o)
    0x0800019c   0x0800019c   0x00000024   Code   RO          631    .text               startup_stm32f4xx.o
    0x080001c0   0x080001c0   0x00000024   Code   RO         3729    .text               mc_w.l(memcpya.o)
    0x080001e4   0x080001e4   0x00000024   Code   RO         3731    .text               mc_w.l(memseta.o)
    0x08000208   0x08000208   0x0000000e   Code   RO         3733    .text               mc_w.l(strlen.o)
    0x08000216   0x08000216   0x0000001c   Code   RO         3735    .text               mc_w.l(strcmp.o)
    0x08000232   0x08000232   0x00000020   Code   RO         3737    .text               mc_w.l(strrchr.o)
    0x08000252   0x08000252   0x00000002   PAD
    0x08000254   0x08000254   0x00000038   Code   RO         4002    .text               mc_w.l(__0sscanf.o)
    0x0800028c   0x0800028c   0x0000014c   Code   RO         4004    .text               mc_w.l(_scanf_int.o)
    0x080003d8   0x080003d8   0x00000026   Code   RO         4006    .text               mf_w.l(f2d.o)
    0x080003fe   0x080003fe   0x00000038   Code   RO         4008    .text               mf_w.l(d2f.o)
    0x08000436   0x08000436   0x0000002c   Code   RO         4025    .text               mc_w.l(uidiv.o)
    0x08000462   0x08000462   0x00000062   Code   RO         4027    .text               mc_w.l(uldiv.o)
    0x080004c4   0x080004c4   0x0000001c   Code   RO         4036    .text               mc_w.l(_chval.o)
    0x080004e0   0x080004e0   0x00000028   Code   RO         4038    .text               mc_w.l(scanf_char.o)
    0x08000508   0x08000508   0x00000040   Code   RO         4040    .text               mc_w.l(_sgetc.o)
    0x08000548   0x08000548   0x0000009c   Code   RO         4042    .text               mc_w.l(strtod.o)
    0x080005e4   0x080005e4   0x00000000   Code   RO         4044    .text               mc_w.l(iusefp.o)
    0x080005e4   0x080005e4   0x0000006e   Code   RO         4045    .text               mf_w.l(fepilogue.o)
    0x08000652   0x08000652   0x0000014e   Code   RO         4047    .text               mf_w.l(dadd.o)
    0x080007a0   0x080007a0   0x000000e4   Code   RO         4049    .text               mf_w.l(dmul.o)
    0x08000884   0x08000884   0x000000de   Code   RO         4051    .text               mf_w.l(ddiv.o)
    0x08000962   0x08000962   0x00000030   Code   RO         4053    .text               mf_w.l(dfixul.o)
    0x08000992   0x08000992   0x00000002   PAD
    0x08000994   0x08000994   0x00000030   Code   RO         4055    .text               mf_w.l(cdrcmple.o)
    0x080009c4   0x080009c4   0x00000024   Code   RO         4057    .text               mc_w.l(init.o)
    0x080009e8   0x080009e8   0x0000001e   Code   RO         4059    .text               mc_w.l(llshl.o)
    0x08000a06   0x08000a06   0x00000020   Code   RO         4061    .text               mc_w.l(llushr.o)
    0x08000a26   0x08000a26   0x00000024   Code   RO         4063    .text               mc_w.l(llsshr.o)
    0x08000a4a   0x08000a4a   0x0000000a   Code   RO         4065    .text               mc_w.l(isspace_c.o)
    0x08000a54   0x08000a54   0x0000032c   Code   RO         4067    .text               mc_w.l(_scanf.o)
    0x08000d80   0x08000d80   0x00000360   Code   RO         4069    .text               mc_w.l(scanf_fp.o)
    0x080010e0   0x080010e0   0x000000ba   Code   RO         4073    .text               mf_w.l(depilogue.o)
    0x0800119a   0x0800119a   0x00000002   PAD
    0x0800119c   0x0800119c   0x00000028   Code   RO         4075    .text               mc_w.l(ctype_c.o)
    0x080011c4   0x080011c4   0x00000018   Code   RO         4078    .text               mf_w.l(dfltul.o)
    0x080011dc   0x080011dc   0x0000002c   Code   RO         3276    i.BSP_Delay         usb_bsp.o
    0x08001208   0x08001208   0x0000006a   Code   RO         3277    i.BSP_SetTime       usb_bsp.o
    0x08001272   0x08001272   0x00000004   Code   RO          542    i.BusFault_Handler  stm32f4xx_it.o
    0x08001276   0x08001276   0x00000054   Code   RO         3369    i.CRC16_MODBUS      crc.o
    0x080012ca   0x080012ca   0x00000002   PAD
    0x080012cc   0x080012cc   0x000001f4   Code   RO          192    i.CreateNewFile     demo_fatfs.o
    0x080014c0   0x080014c0   0x00000034   Code   RO         1834    i.DMA_ClearFlag     stm32f4xx_dma.o
    0x080014f4   0x080014f4   0x00000016   Code   RO         1836    i.DMA_Cmd           stm32f4xx_dma.o
    0x0800150a   0x0800150a   0x00000002   PAD
    0x0800150c   0x0800150c   0x00000158   Code   RO         1837    i.DMA_DeInit        stm32f4xx_dma.o
    0x08001664   0x08001664   0x00000014   Code   RO         1841    i.DMA_GetCmdStatus  stm32f4xx_dma.o
    0x08001678   0x08001678   0x00000008   Code   RO         1842    i.DMA_GetCurrDataCounter  stm32f4xx_dma.o
    0x08001680   0x08001680   0x00000044   Code   RO         1845    i.DMA_GetFlagStatus  stm32f4xx_dma.o
    0x080016c4   0x080016c4   0x00000058   Code   RO         1848    i.DMA_Init          stm32f4xx_dma.o
    0x0800171c   0x0800171c   0x00000010   Code   RO         3673    i.DMA_PWM_Init      pwm.o
    0x0800172c   0x0800172c   0x00000060   Code   RO         3433    i.DMA_Send          dma.o
    0x0800178c   0x0800178c   0x00000004   Code   RO         1851    i.DMA_SetCurrDataCounter  stm32f4xx_dma.o
    0x08001790   0x08001790   0x00000002   Code   RO          543    i.DebugMon_Handler  stm32f4xx_it.o
    0x08001792   0x08001792   0x00000002   PAD
    0x08001794   0x08001794   0x00000058   Code   RO          195    i.DemoFatFS         demo_fatfs.o
    0x080017ec   0x080017ec   0x00000090   Code   RO          999    i.GPIO_Init         stm32f4xx_gpio.o
    0x0800187c   0x0800187c   0x00000046   Code   RO         1000    i.GPIO_PinAFConfig  stm32f4xx_gpio.o
    0x080018c2   0x080018c2   0x00000004   Code   RO         1006    i.GPIO_ResetBits    stm32f4xx_gpio.o
    0x080018c6   0x080018c6   0x00000004   Code   RO         1007    i.GPIO_SetBits      stm32f4xx_gpio.o
    0x080018ca   0x080018ca   0x0000000a   Code   RO         3072    i.HCD_GetCurrentFrame  usb_hcd.o
    0x080018d4   0x080018d4   0x00000014   Code   RO         3073    i.HCD_GetCurrentSpeed  usb_hcd.o
    0x080018e8   0x080018e8   0x0000000a   Code   RO         3075    i.HCD_GetURB_State  usb_hcd.o
    0x080018f2   0x080018f2   0x0000000c   Code   RO         3076    i.HCD_GetXferCnt    usb_hcd.o
    0x080018fe   0x080018fe   0x00000060   Code   RO         3078    i.HCD_Init          usb_hcd.o
    0x0800195e   0x0800195e   0x00000008   Code   RO         3079    i.HCD_IsDeviceConnected  usb_hcd.o
    0x08001966   0x08001966   0x0000000e   Code   RO         3080    i.HCD_ResetPort     usb_hcd.o
    0x08001974   0x08001974   0x00000020   Code   RO         3081    i.HCD_SubmitRequest  usb_hcd.o
    0x08001994   0x08001994   0x00000058   Code   RO          544    i.HardFault_Handler  stm32f4xx_it.o
    0x080019ec   0x080019ec   0x00000026   Code   RO         3370    i.InvertUint16      crc.o
    0x08001a12   0x08001a12   0x00000026   Code   RO         3371    i.InvertUint8       crc.o
    0x08001a38   0x08001a38   0x00000034   Code   RO         3614    i.LED_FLAG_LOOP     led.o
    0x08001a6c   0x08001a6c   0x00000028   Code   RO         3615    i.LED_FLAG_Run      led.o
    0x08001a94   0x08001a94   0x00000048   Code   RO         3616    i.LED_GPIO_Config   led.o
    0x08001adc   0x08001adc   0x0000016c   Code   RO         3477    i.LastDATA_Analyze  usart.o
    0x08001c48   0x08001c48   0x00000004   Code   RO          545    i.MemManage_Handler  stm32f4xx_it.o
    0x08001c4c   0x08001c4c   0x00000002   Code   RO          546    i.NMI_Handler       stm32f4xx_it.o
    0x08001c4e   0x08001c4e   0x00000002   PAD
    0x08001c50   0x08001c50   0x00000078   Code   RO          958    i.NVIC_Init         misc.o
    0x08001cc8   0x08001cc8   0x00000014   Code   RO          959    i.NVIC_PriorityGroupConfig  misc.o
    0x08001cdc   0x08001cdc   0x00000014   Code   RO          960    i.NVIC_SetVectorTable  misc.o
    0x08001cf0   0x08001cf0   0x00000010   Code   RO         3346    i.OTG_HS_IRQHandler  usbh_it.o
    0x08001d00   0x08001d00   0x00000038   Code   RO         3674    i.PWM_Table_Init    pwm.o
    0x08001d38   0x08001d38   0x00000002   Code   RO          547    i.PendSV_Handler    stm32f4xx_it.o
    0x08001d3a   0x08001d3a   0x00000002   PAD
    0x08001d3c   0x08001d3c   0x00000020   Code   RO          636    i.RCC_AHB1PeriphClockCmd  stm32f4xx_rcc.o
    0x08001d5c   0x08001d5c   0x00000020   Code   RO          645    i.RCC_APB1PeriphClockCmd  stm32f4xx_rcc.o
    0x08001d7c   0x08001d7c   0x00000020   Code   RO          647    i.RCC_APB1PeriphResetCmd  stm32f4xx_rcc.o
    0x08001d9c   0x08001d9c   0x00000020   Code   RO          648    i.RCC_APB2PeriphClockCmd  stm32f4xx_rcc.o
    0x08001dbc   0x08001dbc   0x00000020   Code   RO          650    i.RCC_APB2PeriphResetCmd  stm32f4xx_rcc.o
    0x08001ddc   0x08001ddc   0x000000e8   Code   RO          657    i.RCC_GetClocksFreq  stm32f4xx_rcc.o
    0x08001ec4   0x08001ec4   0x00000030   Code   RO         3557    i.RS232_Printf      rs232.o
    0x08001ef4   0x08001ef4   0x0000002c   Code   RO         3558    i.RS232_Send_Data   rs232.o
    0x08001f20   0x08001f20   0x000000e0   Code   RO          198    i.ReadFileNumber    demo_fatfs.o
    0x08002000   0x08002000   0x00000154   Code   RO          199    i.ReadlastlineData  demo_fatfs.o
    0x08002154   0x08002154   0x00000002   Code   RO          548    i.SVC_Handler       stm32f4xx_it.o
    0x08002156   0x08002156   0x00000002   PAD
    0x08002158   0x08002158   0x000000ec   Code   RO         1958    i.SetSysClock       system_stm32f4xx.o
    0x08002244   0x08002244   0x00000008   Code   RO          339    i.SysTick_Handler   bsp_timer.o
    0x0800224c   0x0800224c   0x0000007c   Code   RO          340    i.SysTick_ISR       bsp_timer.o
    0x080022c8   0x080022c8   0x00000068   Code   RO         1960    i.SystemInit        system_stm32f4xx.o
    0x08002330   0x08002330   0x00000080   Code   RO         3702    i.TIM1_CH4_DMA_Init  dmapwm.o
    0x080023b0   0x080023b0   0x000000bc   Code   RO         3675    i.TIM1_PWM_Init     pwm.o
    0x0800246c   0x0800246c   0x00000008   Code   RO         3347    i.TIM2_IRQHandler   usbh_it.o
    0x08002474   0x08002474   0x00000030   Code   RO         3648    i.TIM3_IRQHandler   timer.o
    0x080024a4   0x080024a4   0x00000018   Code   RO         1280    i.TIM_ARRPreloadConfig  stm32f4xx_tim.o
    0x080024bc   0x080024bc   0x00000006   Code   RO         1287    i.TIM_ClearITPendingBit  stm32f4xx_tim.o
    0x080024c2   0x080024c2   0x00000018   Code   RO         1292    i.TIM_Cmd           stm32f4xx_tim.o
    0x080024da   0x080024da   0x00000002   PAD
    0x080024dc   0x080024dc   0x00000064   Code   RO         3649    i.TIM_Configuration  timer.o
    0x08002540   0x08002540   0x0000001e   Code   RO         1294    i.TIM_CtrlPWMOutputs  stm32f4xx_tim.o
    0x0800255e   0x0800255e   0x00000012   Code   RO         1295    i.TIM_DMACmd        stm32f4xx_tim.o
    0x08002570   0x08002570   0x00000022   Code   RO         1313    i.TIM_GetITStatus   stm32f4xx_tim.o
    0x08002592   0x08002592   0x00000012   Code   RO         1317    i.TIM_ITConfig      stm32f4xx_tim.o
    0x080025a4   0x080025a4   0x00000078   Code   RO         1336    i.TIM_OC4Init       stm32f4xx_tim.o
    0x0800261c   0x0800261c   0x0000001a   Code   RO         1338    i.TIM_OC4PreloadConfig  stm32f4xx_tim.o
    0x08002636   0x08002636   0x00000002   PAD
    0x08002638   0x08002638   0x00000084   Code   RO         1364    i.TIM_TimeBaseInit  stm32f4xx_tim.o
    0x080026bc   0x080026bc   0x000000f0   Code   RO         3560    i.USART1_Configuration  rs232.o
    0x080027ac   0x080027ac   0x0000008c   Code   RO         3561    i.USART1_IRQHandler  rs232.o
    0x08002838   0x08002838   0x0000007c   Code   RO         3434    i.USART6_DMA_Rx_Init  dma.o
    0x080028b4   0x080028b4   0x0000007c   Code   RO         3435    i.USART6_DMA_Tx_Init  dma.o
    0x08002930   0x08002930   0x000000ac   Code   RO         3478    i.USART6_IRQHandler  usart.o
    0x080029dc   0x080029dc   0x00000012   Code   RO         1092    i.USART_ClearFlag   stm32f4xx_usart.o
    0x080029ee   0x080029ee   0x0000001e   Code   RO         1093    i.USART_ClearITPendingBit  stm32f4xx_usart.o
    0x08002a0c   0x08002a0c   0x00000020   Code   RO         1094    i.USART_ClockInit   stm32f4xx_usart.o
    0x08002a2c   0x08002a2c   0x0000000c   Code   RO         1095    i.USART_ClockStructInit  stm32f4xx_usart.o
    0x08002a38   0x08002a38   0x00000018   Code   RO         1096    i.USART_Cmd         stm32f4xx_usart.o
    0x08002a50   0x08002a50   0x00000012   Code   RO         1097    i.USART_DMACmd      stm32f4xx_usart.o
    0x08002a62   0x08002a62   0x00000002   PAD
    0x08002a64   0x08002a64   0x000000b4   Code   RO         1098    i.USART_DeInit      stm32f4xx_usart.o
    0x08002b18   0x08002b18   0x0000001a   Code   RO         1099    i.USART_GetFlagStatus  stm32f4xx_usart.o
    0x08002b32   0x08002b32   0x00000054   Code   RO         1100    i.USART_GetITStatus  stm32f4xx_usart.o
    0x08002b86   0x08002b86   0x0000004a   Code   RO         1102    i.USART_ITConfig    stm32f4xx_usart.o
    0x08002bd0   0x08002bd0   0x000000d4   Code   RO         1103    i.USART_Init        stm32f4xx_usart.o
    0x08002ca4   0x08002ca4   0x0000000a   Code   RO         1110    i.USART_ReceiveData  stm32f4xx_usart.o
    0x08002cae   0x08002cae   0x00000008   Code   RO         1113    i.USART_SendData    stm32f4xx_usart.o
    0x08002cb6   0x08002cb6   0x00000018   Code   RO         1119    i.USART_StructInit  stm32f4xx_usart.o
    0x08002cce   0x08002cce   0x00000026   Code   RO         2608    i.USBH_Alloc_Channel  usbh_hcs.o
    0x08002cf4   0x08002cf4   0x00000060   Code   RO         2653    i.USBH_BulkReceiveData  usbh_ioreq.o
    0x08002d54   0x08002d54   0x0000005e   Code   RO         2654    i.USBH_BulkSendData  usbh_ioreq.o
    0x08002db2   0x08002db2   0x0000004c   Code   RO         2728    i.USBH_ClrFeature   usbh_stdreq.o
    0x08002dfe   0x08002dfe   0x0000000c   Code   RO         2539    i.USBH_Connected    usbh_core.o
    0x08002e0a   0x08002e0a   0x00000046   Code   RO         2655    i.USBH_CtlReceiveData  usbh_ioreq.o
    0x08002e50   0x08002e50   0x00000064   Code   RO         2656    i.USBH_CtlReq       usbh_ioreq.o
    0x08002eb4   0x08002eb4   0x0000006e   Code   RO         2657    i.USBH_CtlSendData  usbh_ioreq.o
    0x08002f22   0x08002f22   0x00000042   Code   RO         2658    i.USBH_CtlSendSetup  usbh_ioreq.o
    0x08002f64   0x08002f64   0x0000001c   Code   RO         2609    i.USBH_DeAllocate_AllChannel  usbh_hcs.o
    0x08002f80   0x08002f80   0x0000003a   Code   RO         2540    i.USBH_DeInit       usbh_core.o
    0x08002fba   0x08002fba   0x0000000c   Code   RO         2541    i.USBH_Disconnected  usbh_core.o
    0x08002fc6   0x08002fc6   0x0000002e   Code   RO         2542    i.USBH_ErrorHandle  usbh_core.o
    0x08002ff4   0x08002ff4   0x0000001e   Code   RO         2610    i.USBH_Free_Channel  usbh_hcs.o
    0x08003012   0x08003012   0x00000044   Code   RO         2729    i.USBH_GetDescriptor  usbh_stdreq.o
    0x08003056   0x08003056   0x00000028   Code   RO         2611    i.USBH_GetFreeChannel  usbh_hcs.o
    0x0800307e   0x0800307e   0x00000012   Code   RO         2730    i.USBH_GetNextDesc  usbh_stdreq.o
    0x08003090   0x08003090   0x0000005c   Code   RO         2731    i.USBH_Get_CfgDesc  usbh_stdreq.o
    0x080030ec   0x080030ec   0x00000038   Code   RO         2732    i.USBH_Get_DevDesc  usbh_stdreq.o
    0x08003124   0x08003124   0x0000003c   Code   RO         2733    i.USBH_Get_StringDesc  usbh_stdreq.o
    0x08003160   0x08003160   0x00000224   Code   RO         2543    i.USBH_HandleControl  usbh_core.o
    0x08003384   0x08003384   0x000001dc   Code   RO         2544    i.USBH_HandleEnum   usbh_core.o
    0x08003560   0x08003560   0x00000044   Code   RO         2545    i.USBH_Init         usbh_core.o
    0x080035a4   0x080035a4   0x00000024   Code   RO         2433    i.USBH_MSC_BOTReset  usbh_msc_core.o
    0x080035c8   0x080035c8   0x00000060   Code   RO         2382    i.USBH_MSC_BOT_Abort  usbh_msc_bot.o
    0x08003628   0x08003628   0x00000014   Code   RO         2434    i.USBH_MSC_ClassRequest  usbh_msc_core.o
    0x0800363c   0x0800363c   0x00000080   Code   RO         2383    i.USBH_MSC_DecodeCSW  usbh_msc_bot.o
    0x080036bc   0x080036bc   0x00000044   Code   RO         2435    i.USBH_MSC_ErrorHandle  usbh_msc_core.o
    0x08003700   0x08003700   0x0000002c   Code   RO         2436    i.USBH_MSC_GETMaxLUN  usbh_msc_core.o
    0x0800372c   0x0800372c   0x000001a8   Code   RO         2437    i.USBH_MSC_Handle   usbh_msc_core.o
    0x080038d4   0x080038d4   0x00000350   Code   RO         2384    i.USBH_MSC_HandleBOTXfer  usbh_msc_bot.o
    0x08003c24   0x08003c24   0x00000044   Code   RO         2385    i.USBH_MSC_Init     usbh_msc_bot.o
    0x08003c68   0x08003c68   0x0000004c   Code   RO         2438    i.USBH_MSC_InterfaceDeInit  usbh_msc_core.o
    0x08003cb4   0x08003cb4   0x000000d0   Code   RO         2439    i.USBH_MSC_InterfaceInit  usbh_msc_core.o
    0x08003d84   0x08003d84   0x000000d0   Code   RO         2486    i.USBH_MSC_ModeSense6  usbh_msc_scsi.o
    0x08003e54   0x08003e54   0x00000100   Code   RO         2487    i.USBH_MSC_Read10   usbh_msc_scsi.o
    0x08003f54   0x08003f54   0x000000dc   Code   RO         2488    i.USBH_MSC_ReadCapacity10  usbh_msc_scsi.o
    0x08004030   0x08004030   0x000000e0   Code   RO         2489    i.USBH_MSC_RequestSense  usbh_msc_scsi.o
    0x08004110   0x08004110   0x000000b0   Code   RO         2490    i.USBH_MSC_TestUnitReady  usbh_msc_scsi.o
    0x080041c0   0x080041c0   0x000000e4   Code   RO         2491    i.USBH_MSC_Write10  usbh_msc_scsi.o
    0x080042a4   0x080042a4   0x00000064   Code   RO         2612    i.USBH_Modify_Channel  usbh_hcs.o
    0x08004308   0x08004308   0x000000a8   Code   RO         2824    i.USBH_OTG_ISR_Handler  usb_hcd_int.o
    0x080043b0   0x080043b0   0x0000009a   Code   RO         2613    i.USBH_Open_Channel  usbh_hcs.o
    0x0800444a   0x0800444a   0x00000002   PAD
    0x0800444c   0x0800444c   0x0000011c   Code   RO         2734    i.USBH_ParseCfgDesc  usbh_stdreq.o
    0x08004568   0x08004568   0x00000058   Code   RO         2735    i.USBH_ParseDevDesc  usbh_stdreq.o
    0x080045c0   0x080045c0   0x00000020   Code   RO         2736    i.USBH_ParseEPDesc  usbh_stdreq.o
    0x080045e0   0x080045e0   0x00000026   Code   RO         2737    i.USBH_ParseInterfaceDesc  usbh_stdreq.o
    0x08004606   0x08004606   0x00000036   Code   RO         2738    i.USBH_ParseStringDesc  usbh_stdreq.o
    0x0800463c   0x0800463c   0x00000198   Code   RO         2546    i.USBH_Process      usbh_core.o
    0x080047d4   0x080047d4   0x00000006   Code   RO         2547    i.USBH_SOF          usbh_core.o
    0x080047da   0x080047da   0x00000026   Code   RO         2739    i.USBH_SetAddress   usbh_stdreq.o
    0x08004800   0x08004800   0x00000026   Code   RO         2740    i.USBH_SetCfg       usbh_stdreq.o
    0x08004826   0x08004826   0x00000018   Code   RO         2663    i.USBH_SubmitSetupRequest  usbh_ioreq.o
    0x0800483e   0x0800483e   0x00000002   PAD
    0x08004840   0x08004840   0x00000034   Code   RO         3142    i.USBH_USR_Configuration_DescAvailable  usbh_usr.o
    0x08004874   0x08004874   0x00000002   Code   RO         3143    i.USBH_USR_DeInit   usbh_usr.o
    0x08004876   0x08004876   0x00000002   Code   RO         3144    i.USBH_USR_DeviceAddressAssigned  usbh_usr.o
    0x08004878   0x08004878   0x00000010   Code   RO         3145    i.USBH_USR_DeviceAttached  usbh_usr.o
    0x08004888   0x08004888   0x00000010   Code   RO         3146    i.USBH_USR_DeviceDisconnected  usbh_usr.o
    0x08004898   0x08004898   0x00000028   Code   RO         3147    i.USBH_USR_DeviceNotSupported  usbh_usr.o
    0x080048c0   0x080048c0   0x00000040   Code   RO         3148    i.USBH_USR_DeviceSpeedDetected  usbh_usr.o
    0x08004900   0x08004900   0x00000038   Code   RO         3149    i.USBH_USR_Device_DescAvailable  usbh_usr.o
    0x08004938   0x08004938   0x00000010   Code   RO         3150    i.USBH_USR_EnumerationDone  usbh_usr.o
    0x08004948   0x08004948   0x00000080   Code   RO         3151    i.USBH_USR_Init     usbh_usr.o
    0x080049c8   0x080049c8   0x00000004   Code   RO         3152    i.USBH_USR_MSC_Application  usbh_usr.o
    0x080049cc   0x080049cc   0x00000028   Code   RO         3153    i.USBH_USR_Manufacturer_String  usbh_usr.o
    0x080049f4   0x080049f4   0x00000028   Code   RO         3154    i.USBH_USR_OverCurrentDetected  usbh_usr.o
    0x08004a1c   0x08004a1c   0x00000024   Code   RO         3155    i.USBH_USR_Product_String  usbh_usr.o
    0x08004a40   0x08004a40   0x00000028   Code   RO         3156    i.USBH_USR_ResetDevice  usbh_usr.o
    0x08004a68   0x08004a68   0x00000028   Code   RO         3157    i.USBH_USR_SerialNum_String  usbh_usr.o
    0x08004a90   0x08004a90   0x00000010   Code   RO         3158    i.USBH_USR_UnrecoveredError  usbh_usr.o
    0x08004aa0   0x08004aa0   0x00000004   Code   RO         3159    i.USBH_USR_UserInput  usbh_usr.o
    0x08004aa4   0x08004aa4   0x00000002   Code   RO         3278    i.USB_OTG_BSP_ConfigVBUS  usb_bsp.o
    0x08004aa6   0x08004aa6   0x00000002   Code   RO         3279    i.USB_OTG_BSP_DriveVBUS  usb_bsp.o
    0x08004aa8   0x08004aa8   0x0000002c   Code   RO         3280    i.USB_OTG_BSP_EnableInterrupt  usb_bsp.o
    0x08004ad4   0x08004ad4   0x0000004c   Code   RO         3281    i.USB_OTG_BSP_Init  usb_bsp.o
    0x08004b20   0x08004b20   0x00000038   Code   RO         3282    i.USB_OTG_BSP_TimeInit  usb_bsp.o
    0x08004b58   0x08004b58   0x00000038   Code   RO         3283    i.USB_OTG_BSP_TimerIRQ  usb_bsp.o
    0x08004b90   0x08004b90   0x0000000e   Code   RO         3284    i.USB_OTG_BSP_mDelay  usb_bsp.o
    0x08004b9e   0x08004b9e   0x0000000e   Code   RO         3285    i.USB_OTG_BSP_uDelay  usb_bsp.o
    0x08004bac   0x08004bac   0x00000132   Code   RO         2890    i.USB_OTG_CoreInit  usb_core.o
    0x08004cde   0x08004cde   0x000000da   Code   RO         2891    i.USB_OTG_CoreInitHost  usb_core.o
    0x08004db8   0x08004db8   0x00000070   Code   RO         2892    i.USB_OTG_CoreReset  usb_core.o
    0x08004e28   0x08004e28   0x00000022   Code   RO         2893    i.USB_OTG_DisableGlobalInt  usb_core.o
    0x08004e4a   0x08004e4a   0x0000005c   Code   RO         2894    i.USB_OTG_DriveVbus  usb_core.o
    0x08004ea6   0x08004ea6   0x00000034   Code   RO         2895    i.USB_OTG_EnableCommonInt  usb_core.o
    0x08004eda   0x08004eda   0x00000022   Code   RO         2896    i.USB_OTG_EnableGlobalInt  usb_core.o
    0x08004efc   0x08004efc   0x00000074   Code   RO         2897    i.USB_OTG_EnableHostInt  usb_core.o
    0x08004f70   0x08004f70   0x0000004c   Code   RO         2898    i.USB_OTG_FlushRxFifo  usb_core.o
    0x08004fbc   0x08004fbc   0x00000054   Code   RO         2899    i.USB_OTG_FlushTxFifo  usb_core.o
    0x08005010   0x08005010   0x0000000c   Code   RO         2900    i.USB_OTG_GetMode   usb_core.o
    0x0800501c   0x0800501c   0x0000005a   Code   RO         2901    i.USB_OTG_HC_DoPing  usb_core.o
    0x08005076   0x08005076   0x00000082   Code   RO         2902    i.USB_OTG_HC_Halt   usb_core.o
    0x080050f8   0x080050f8   0x00000238   Code   RO         2903    i.USB_OTG_HC_Init   usb_core.o
    0x08005330   0x08005330   0x000001f6   Code   RO         2904    i.USB_OTG_HC_StartXfer  usb_core.o
    0x08005526   0x08005526   0x00000018   Code   RO         2905    i.USB_OTG_InitFSLSPClkSel  usb_core.o
    0x0800553e   0x0800553e   0x00000010   Code   RO         2907    i.USB_OTG_IsEvenFrame  usb_core.o
    0x0800554e   0x0800554e   0x00000014   Code   RO         2908    i.USB_OTG_IsHostMode  usb_core.o
    0x08005562   0x08005562   0x00000010   Code   RO         2909    i.USB_OTG_ReadCoreItr  usb_core.o
    0x08005572   0x08005572   0x00000030   Code   RO         2910    i.USB_OTG_ReadHPRT0  usb_core.o
    0x080055a2   0x080055a2   0x00000008   Code   RO         2911    i.USB_OTG_ReadHostAllChannels_intr  usb_core.o
    0x080055aa   0x080055aa   0x00000028   Code   RO         2913    i.USB_OTG_ReadPacket  usb_core.o
    0x080055d2   0x080055d2   0x00000040   Code   RO         2914    i.USB_OTG_ResetPort  usb_core.o
    0x08005612   0x08005612   0x00000002   PAD
    0x08005614   0x08005614   0x000000d8   Code   RO         2915    i.USB_OTG_SelectCore  usb_core.o
    0x080056ec   0x080056ec   0x0000004e   Code   RO         2916    i.USB_OTG_SetCurrentMode  usb_core.o
    0x0800573a   0x0800573a   0x00000002   PAD
    0x0800573c   0x0800573c   0x0000002c   Code   RO         2825    i.USB_OTG_USBH_handle_Disconnect_ISR  usb_hcd_int.o
    0x08005768   0x08005768   0x00000046   Code   RO         2826    i.USB_OTG_USBH_handle_IncompletePeriodicXfer_ISR  usb_hcd_int.o
    0x080057ae   0x080057ae   0x00000056   Code   RO         2827    i.USB_OTG_USBH_handle_hc_ISR  usb_hcd_int.o
    0x08005804   0x08005804   0x0000042a   Code   RO         2828    i.USB_OTG_USBH_handle_hc_n_In_ISR  usb_hcd_int.o
    0x08005c2e   0x08005c2e   0x000003d0   Code   RO         2829    i.USB_OTG_USBH_handle_hc_n_Out_ISR  usb_hcd_int.o
    0x08005ffe   0x08005ffe   0x0000012e   Code   RO         2830    i.USB_OTG_USBH_handle_nptxfempty_ISR  usb_hcd_int.o
    0x0800612c   0x0800612c   0x00000120   Code   RO         2831    i.USB_OTG_USBH_handle_port_ISR  usb_hcd_int.o
    0x0800624c   0x0800624c   0x0000012e   Code   RO         2832    i.USB_OTG_USBH_handle_ptxfempty_ISR  usb_hcd_int.o
    0x0800637a   0x0800637a   0x00000164   Code   RO         2833    i.USB_OTG_USBH_handle_rx_qlvl_ISR  usb_hcd_int.o
    0x080064de   0x080064de   0x00000002   PAD
    0x080064e0   0x080064e0   0x0000002c   Code   RO         2834    i.USB_OTG_USBH_handle_sof_ISR  usb_hcd_int.o
    0x0800650c   0x0800650c   0x00000040   Code   RO         2918    i.USB_OTG_WritePacket  usb_core.o
    0x0800654c   0x0800654c   0x00000164   Code   RO         3479    i.UartProtocol_DataAnalyze  usart.o
    0x080066b0   0x080066b0   0x00000004   Code   RO          549    i.UsageFault_Handler  stm32f4xx_it.o
    0x080066b4   0x080066b4   0x00000110   Code   RO         3480    i.Usart6_Init       usart.o
    0x080067c4   0x080067c4   0x00000020   Code   RO         3974    i.__0printf         mc_w.l(printfa.o)
    0x080067e4   0x080067e4   0x00000028   Code   RO         3976    i.__0sprintf        mc_w.l(printfa.o)
    0x0800680c   0x0800680c   0x0000002c   Code   RO         3979    i.__0vsnprintf      mc_w.l(printfa.o)
    0x08006838   0x08006838   0x00000038   Code   RO         3720    i.__hardfp_atof     m_wm.l(atof.o)
    0x08006870   0x08006870   0x0000000c   Code   RO         4030    i.__read_errno      mc_w.l(errno.o)
    0x0800687c   0x0800687c   0x0000000e   Code   RO         4082    i.__scatterload_copy  mc_w.l(handlers.o)
    0x0800688a   0x0800688a   0x00000002   Code   RO         4083    i.__scatterload_null  mc_w.l(handlers.o)
    0x0800688c   0x0800688c   0x0000000e   Code   RO         4084    i.__scatterload_zeroinit  mc_w.l(handlers.o)
    0x0800689a   0x0800689a   0x00000002   PAD
    0x0800689c   0x0800689c   0x0000000c   Code   RO         4031    i.__set_errno       mc_w.l(errno.o)
    0x080068a8   0x080068a8   0x00000184   Code   RO         3981    i._fp_digits        mc_w.l(printfa.o)
    0x08006a2c   0x08006a2c   0x0000000e   Code   RO         4071    i._is_digit         mc_w.l(scanf_fp.o)
    0x08006a3a   0x08006a3a   0x00000002   PAD
    0x08006a3c   0x08006a3c   0x000006dc   Code   RO         3982    i._printf_core      mc_w.l(printfa.o)
    0x08007118   0x08007118   0x00000024   Code   RO         3983    i._printf_post_padding  mc_w.l(printfa.o)
    0x0800713c   0x0800713c   0x0000002e   Code   RO         3984    i._printf_pre_padding  mc_w.l(printfa.o)
    0x0800716a   0x0800716a   0x00000016   Code   RO         3985    i._snputc           mc_w.l(printfa.o)
    0x08007180   0x08007180   0x0000000a   Code   RO         3986    i._sputc            mc_w.l(printfa.o)
    0x0800718a   0x0800718a   0x0000001c   Code   RO          347    i.bsp_SoftTimerDec  bsp_timer.o
    0x080071a6   0x080071a6   0x00000002   PAD
    0x080071a8   0x080071a8   0x00000090   Code   RO         1990    i.check_fs          ff.o
    0x08007238   0x08007238   0x00000018   Code   RO         1991    i.chk_chr           ff.o
    0x08007250   0x08007250   0x0000008c   Code   RO         1992    i.chk_lock          ff.o
    0x080072dc   0x080072dc   0x000003a8   Code   RO         1993    i.chk_mounted       ff.o
    0x08007684   0x08007684   0x00000030   Code   RO         1994    i.clear_lock        ff.o
    0x080076b4   0x080076b4   0x0000001a   Code   RO         1995    i.clust2sect        ff.o
    0x080076ce   0x080076ce   0x00000002   PAD
    0x080076d0   0x080076d0   0x00000090   Code   RO         1996    i.cmp_lfn           ff.o
    0x08007760   0x08007760   0x000000ca   Code   RO         1997    i.create_chain      ff.o
    0x0800782a   0x0800782a   0x00000002   PAD
    0x0800782c   0x0800782c   0x00000274   Code   RO         1998    i.create_name       ff.o
    0x08007aa0   0x08007aa0   0x0000004c   Code   RO         1999    i.dec_lock          ff.o
    0x08007aec   0x08007aec   0x00000056   Code   RO         2000    i.dir_alloc         ff.o
    0x08007b42   0x08007b42   0x000000de   Code   RO         2001    i.dir_find          ff.o
    0x08007c20   0x08007c20   0x00000114   Code   RO         2002    i.dir_next          ff.o
    0x08007d34   0x08007d34   0x000000c4   Code   RO         2003    i.dir_read          ff.o
    0x08007df8   0x08007df8   0x00000136   Code   RO         2004    i.dir_register      ff.o
    0x08007f2e   0x08007f2e   0x0000009c   Code   RO         2006    i.dir_sdi           ff.o
    0x08007fca   0x08007fca   0x00000002   PAD
    0x08007fcc   0x08007fcc   0x00000024   Code   RO         2301    i.disk_initialize   diskio.o
    0x08007ff0   0x08007ff0   0x0000004c   Code   RO         2302    i.disk_ioctl        diskio.o
    0x0800803c   0x0800803c   0x00000060   Code   RO         2303    i.disk_read         diskio.o
    0x0800809c   0x0800809c   0x00000010   Code   RO         2304    i.disk_status       diskio.o
    0x080080ac   0x080080ac   0x00000060   Code   RO         2305    i.disk_write        diskio.o
    0x0800810c   0x0800810c   0x00000028   Code   RO         2007    i.enq_lock          ff.o
    0x08008134   0x08008134   0x00000020   Code   RO         2009    i.f_close           ff.o
    0x08008154   0x08008154   0x000001ae   Code   RO         2011    i.f_lseek           ff.o
    0x08008302   0x08008302   0x00000002   PAD
    0x08008304   0x08008304   0x00000034   Code   RO         2013    i.f_mount           ff.o
    0x08008338   0x08008338   0x000001a0   Code   RO         2014    i.f_open            ff.o
    0x080084d8   0x080084d8   0x00000078   Code   RO         2015    i.f_opendir         ff.o
    0x08008550   0x08008550   0x000001ca   Code   RO         2016    i.f_read            ff.o
    0x0800871a   0x0800871a   0x00000064   Code   RO         2017    i.f_readdir         ff.o
    0x0800877e   0x0800877e   0x000000b0   Code   RO         2020    i.f_sync            ff.o
    0x0800882e   0x0800882e   0x0000020c   Code   RO         2024    i.f_write           ff.o
    0x08008a3a   0x08008a3a   0x00000002   PAD
    0x08008a3c   0x08008a3c   0x0000007c   Code   RO         2349    i.ff_convert        cc936.o
    0x08008ab8   0x08008ab8   0x00000038   Code   RO         2350    i.ff_wtoupper       cc936.o
    0x08008af0   0x08008af0   0x00000080   Code   RO         2025    i.fit_lfn           ff.o
    0x08008b70   0x08008b70   0x00000094   Code   RO         2026    i.follow_path       ff.o
    0x08008c04   0x08008c04   0x00000030   Code   RO         3481    i.fputc             usart.o
    0x08008c34   0x08008c34   0x000000be   Code   RO         2027    i.gen_numname       ff.o
    0x08008cf2   0x08008cf2   0x000000e4   Code   RO         2028    i.get_fat           ff.o
    0x08008dd6   0x08008dd6   0x00000002   PAD
    0x08008dd8   0x08008dd8   0x00000008   Code   RO         2306    i.get_fattime       diskio.o
    0x08008de0   0x08008de0   0x0000014c   Code   RO         2029    i.get_fileinfo      ff.o
    0x08008f2c   0x08008f2c   0x000000dc   Code   RO         2030    i.inc_lock          ff.o
    0x08009008   0x08009008   0x00000020   Code   RO         2031    i.ld_clust          ff.o
    0x08009028   0x08009028   0x00000048   Code   RO            3    i.main              main.o
    0x08009070   0x08009070   0x00000026   Code   RO         2032    i.mem_cmp           ff.o
    0x08009096   0x08009096   0x0000001a   Code   RO         2033    i.mem_cpy           ff.o
    0x080090b0   0x080090b0   0x00000014   Code   RO         2034    i.mem_set           ff.o
    0x080090c4   0x080090c4   0x00000032   Code   RO         2035    i.move_window       ff.o
    0x080090f6   0x080090f6   0x00000016   Code   RO         3483    i.parse_2digit      usart.o
    0x0800910c   0x0800910c   0x00000034   Code   RO         3484    i.parse_4digit      usart.o
    0x08009140   0x08009140   0x0000004e   Code   RO         3485    i.parse_ascii_float  usart.o
    0x0800918e   0x0800918e   0x00000002   PAD
    0x08009190   0x08009190   0x00000074   Code   RO         2036    i.pick_lfn          ff.o
    0x08009204   0x08009204   0x00000136   Code   RO         2037    i.put_fat           ff.o
    0x0800933a   0x0800933a   0x00000068   Code   RO         2038    i.remove_chain      ff.o
    0x080093a2   0x080093a2   0x00000002   PAD
    0x080093a4   0x080093a4   0x00000140   Code   RO         3486    i.shujuneiruDATA_Analyze  usart.o
    0x080094e4   0x080094e4   0x00000010   Code   RO         2039    i.st_clust          ff.o
    0x080094f4   0x080094f4   0x00000020   Code   RO         2040    i.sum_sfn           ff.o
    0x08009514   0x08009514   0x000000c8   Code   RO         2041    i.sync_fs           ff.o
    0x080095dc   0x080095dc   0x00000052   Code   RO         2042    i.sync_window       ff.o
    0x0800962e   0x0800962e   0x00000036   Code   RO         2043    i.validate          ff.o
    0x08009664   0x08009664   0x0000000d   Data   RO         2045    .constdata          ff.o
    0x08009671   0x08009671   0x00000001   PAD
    0x08009672   0x08009672   0x0002acc8   Data   RO         2351    .constdata          cc936.o
    0x0803433a   0x0803433a   0x000001a9   Data   RO         3161    .constdata          usbh_usr.o
    0x080344e3   0x080344e3   0x00000040   Data   RO         4076    .constdata          mc_w.l(ctype_c.o)
    0x08034523   0x08034523   0x00000001   PAD
    0x08034524   0x08034524   0x00000048   Data   RO         3488    .conststring        usart.o
    0x0803456c   0x0803456c   0x00000020   Data   RO         4080    Region$$Table       anon$$obj.o


    Execution Region RW_IRAM2 (Exec base: 0x10000000, Load base: 0x08034684, Size: 0x00000000, Max: 0x00010000, ABSOLUTE)

    **** No section assigned to this execution region ****


    Execution Region RW_IRAM1 (Exec base: 0x20000000, Load base: 0x0803458c, Size: 0x00009308, Max: 0x00020000, ABSOLUTE)

    Exec Addr    Load Addr    Size         Type   Attr      Idx    E Section Name        Object

    0x20000000   0x0803458c   0x00000015   Data   RW          203    .data               demo_fatfs.o
    0x20000015   0x080345a1   0x00000003   PAD
    0x20000018   0x080345a4   0x0000000d   Data   RW          353    .data               bsp_timer.o
    0x20000025   0x080345b1   0x00000010   Data   RW          680    .data               stm32f4xx_rcc.o
    0x20000035   0x080345c1   0x00000001   PAD
    0x20000036   0x080345c2   0x00000002   Data   RW         2046    .data               ff.o
    0x20000038   0x080345c4   0x00000011   Data   RW         2387    .data               usbh_msc_bot.o
    0x20000049   0x080345d5   0x00000003   PAD
    0x2000004c   0x080345d8   0x0000001d   Data   RW         2441    .data               usbh_msc_core.o
    0x20000069   0x080345f5   0x00000001   Data   RW         2493    .data               usbh_msc_scsi.o
    0x2000006a   0x080345f6   0x00000002   PAD
    0x2000006c   0x080345f8   0x00000012   Data   RW         2548    .data               usbh_core.o
    0x2000007e   0x0803460a   0x00000003   Data   RW         2743    .data               usbh_stdreq.o
    0x20000081   0x0803460d   0x00000003   PAD
    0x20000084   0x08034610   0x00000049   Data   RW         3162    .data               usbh_usr.o
    0x200000cd   0x08034659   0x00000003   PAD
    0x200000d0   0x0803465c   0x00000008   Data   RW         3286    .data               usb_bsp.o
    0x200000d8   0x08034664   0x0000000a   Data   RW         3489    .data               usart.o
    0x200000e2   0x0803466e   0x00000002   PAD
    0x200000e4   0x08034670   0x00000008   Data   RW         3563    .data               rs232.o
    0x200000ec   0x08034678   0x00000002   Data   RW         3617    .data               led.o
    0x200000ee   0x0803467a   0x00000002   PAD
    0x200000f0   0x0803467c   0x00000004   Data   RW         4024    .data               mc_w.l(stdout.o)
    0x200000f4   0x08034680   0x00000004   Data   RW         4032    .data               mc_w.l(errno.o)
    0x200000f8        -       0x0000100f   Zero   RW          202    .bss                demo_fatfs.o
    0x20001107   0x08034684   0x00000001   PAD
    0x20001108        -       0x00000030   Zero   RW          351    .bss                bsp_timer.o
    0x20001138        -       0x00000030   Zero   RW         2044    .bss                ff.o
    0x20001168        -       0x00000040   Zero   RW         2386    .bss                usbh_msc_bot.o
    0x200011a8        -       0x0000020a   Zero   RW         2440    .bss                usbh_msc_core.o
    0x200013b2   0x08034684   0x00000002   PAD
    0x200013b4        -       0x00000410   Zero   RW         2492    .bss                usbh_msc_scsi.o
    0x200017c4        -       0x00000200   Zero   RW         2742    .bss                usbh_stdreq.o
    0x200019c4        -       0x00000630   Zero   RW         3160    .bss                usbh_usr.o
    0x20001ff4        -       0x000001fe   Zero   RW         3436    .bss                dma.o
    0x200021f2   0x08034684   0x00000002   PAD
    0x200021f4        -       0x00000110   Zero   RW         3487    .bss                usart.o
    0x20002304        -       0x00000064   Zero   RW         3562    .bss                rs232.o
    0x20002368        -       0x00000fa0   Zero   RW         3703    .bss                dmapwm.o
    0x20003308        -       0x00006000   Zero   RW          628    STACK               startup_stm32f4xx.o


==============================================================================

Image component sizes


      Code (inc. data)   RO Data    RW Data    ZI Data      Debug   Object Name

       160         22          0         13         48       3085   bsp_timer.o
       180         18     175304          0          0       2923   cc936.o
       160          0          0          0          0       2548   crc.o
      1152        328          0         21       4111      28742   demo_fatfs.o
       328         34          0          0          0       4848   diskio.o
       344         40          0          0        510       2791   dma.o
       128         14          0          0       4000       1276   dmapwm.o
      8288         92         13          2         48      45790   ff.o
       164         32          0          2          0       1973   led.o
        72         12          0          0          0     274303   main.o
       160         32          0          0          0       2553   misc.o
       260         12          0          0          0       1840   pwm.o
       472         30          0          8        100       4206   rs232.o
        36          8        392          0      24576        968   startup_stm32f4xx.o
       606         54          0          0          0       7215   stm32f4xx_dma.o
       222          0          0          0          0       3455   stm32f4xx_gpio.o
       108         50          0          0          0       4456   stm32f4xx_it.o
       392         48          0         16          0       6397   stm32f4xx_rcc.o
       432         36          0          0          0       7968   stm32f4xx_tim.o
       752         32          0          0          0      11376   stm32f4xx_usart.o
       340         32          0          0          0       1789   system_stm32f4xx.o
       148         14          0          0          0       1202   timer.o
      1684        356         72         10        272       8530   usart.o
       414         16          0          8          0       7140   usb_bsp.o
      3020         18          0          0          0      21203   usb_core.o
       202          0          0          0          0       6023   usb_hcd.o
      3702         16          0          0          0      11503   usb_hcd_int.o
      1634         42          0         18          0      10121   usbh_core.o
       390          0          0          0          0       5240   usbh_hcs.o
       560          0          0          0          0       6358   usbh_ioreq.o
        24          6          0          0          0       1138   usbh_it.o
      1140        100          0         17         64      15341   usbh_msc_bot.o
       876         62          0         29        522       7521   usbh_msc_core.o
      1312         88          0          1       1040       8116   usbh_msc_scsi.o
       942         14          0          3        512      11773   usbh_stdreq.o
       612        342        425         73       1584      13053   usbh_usr.o

    ----------------------------------------------------------------------
     31462       2000     176239        240      37392     554764   Object Totals
         0          0         32          0          0          0   (incl. Generated)
        46          0          1         19          5          0   (incl. Padding)

    ----------------------------------------------------------------------

      Code (inc. data)   RO Data    RW Data    ZI Data      Debug   Library Member Name

        56         12          0          0          0        132   atof.o
        56          8          0          0          0         84   __0sscanf.o
        28          0          0          0          0         68   _chval.o
       812          4          0          0          0        112   _scanf.o
       332          0          0          0          0         96   _scanf_int.o
        64          0          0          0          0         84   _sgetc.o
        40          6         64          0          0         68   ctype_c.o
         0          0          0          0          0          0   entry.o
         0          0          0          0          0          0   entry10a.o
         0          0          0          0          0          0   entry11a.o
         8          4          0          0          0          0   entry2.o
         4          0          0          0          0          0   entry5.o
         0          0          0          0          0          0   entry7b.o
         0          0          0          0          0          0   entry8b.o
         8          4          0          0          0          0   entry9a.o
        24         12          0          4          0        136   errno.o
        30          0          0          0          0          0   handlers.o
        36          8          0          0          0         68   init.o
        10          0          0          0          0         68   isspace_c.o
         0          0          0          0          0          0   iusefp.o
        30          0          0          0          0         68   llshl.o
        36          0          0          0          0         68   llsshr.o
        32          0          0          0          0         68   llushr.o
        36          0          0          0          0         68   memcpya.o
        36          0          0          0          0        108   memseta.o
      2374        100          0          0          0        752   printfa.o
        40          8          0          0          0         84   scanf_char.o
       878         12          0          0          0        216   scanf_fp.o
         0          0          0          4          0          0   stdout.o
        28          0          0          0          0         76   strcmp.o
        14          0          0          0          0         68   strlen.o
        32          0          0          0          0         68   strrchr.o
       156         12          0          0          0        120   strtod.o
        44          0          0          0          0         80   uidiv.o
        98          0          0          0          0         92   uldiv.o
        48          0          0          0          0         68   cdrcmple.o
        56          0          0          0          0         88   d2f.o
       334          0          0          0          0        148   dadd.o
       222          0          0          0          0        100   ddiv.o
       186          0          0          0          0        176   depilogue.o
        48          0          0          0          0         68   dfixul.o
        24          0          0          0          0         76   dfltul.o
       228          0          0          0          0         96   dmul.o
        38          0          0          0          0         68   f2d.o
       110          0          0          0          0        168   fepilogue.o

    ----------------------------------------------------------------------
      6646        190         65          8          0       3908   Library Totals
        10          0          1          0          0          0   (incl. Padding)

    ----------------------------------------------------------------------

      Code (inc. data)   RO Data    RW Data    ZI Data      Debug   Library Name

        56         12          0          0          0        132   m_wm.l
      5286        178         64          8          0       2720   mc_w.l
      1294          0          0          0          0       1056   mf_w.l

    ----------------------------------------------------------------------
      6646        190         65          8          0       3908   Library Totals

    ----------------------------------------------------------------------

==============================================================================


      Code (inc. data)   RO Data    RW Data    ZI Data      Debug   

     38108       2190     176304        248      37392     530348   Grand Totals
     38108       2190     176304        248      37392     530348   ELF Image Totals
     38108       2190     176304        248          0          0   ROM Totals

==============================================================================

    Total RO  Size (Code + RO Data)               214412 ( 209.39kB)
    Total RW  Size (RW Data + ZI Data)             37640 (  36.76kB)
    Total ROM Size (Code + RO Data + RW Data)     214660 ( 209.63kB)

==============================================================================

