Component: ARM Compiler 5.06 update 1 (build 61) Tool: armlink [4d35a8]

==============================================================================

Section Cross References

    main.o(i.main) refers to dma.o(i.USART6_DMA_Tx_Init) for USART6_DMA_Tx_Init
    main.o(i.main) refers to dma.o(i.USART6_DMA_Rx_Init) for USART6_DMA_Rx_Init
    main.o(i.main) refers to usart.o(i.Usart6_Init) for Usart6_Init
    main.o(i.main) refers to dma.o(i.DMA_Send) for DMA_Send
    main.o(i.main) refers to demo_fatfs.o(i.DemoFatFS) for DemoFatFS
    main.o(i.main) refers to usart.o(.data) for ch_num
    main.o(i.main) refers to dma.o(.bss) for RX_Buffer
    demo_fatfs.o(i.CreateDir) refers to ff.o(i.f_mount) for f_mount
    demo_fatfs.o(i.CreateDir) refers to printf8.o(i.__0printf$8) for __2printf
    demo_fatfs.o(i.CreateDir) refers to ff.o(i.f_mkdir) for f_mkdir
    demo_fatfs.o(i.CreateNewFile) refers to demo_fatfs.o(i.ReadFileNumber) for ReadFileNumber
    demo_fatfs.o(i.CreateNewFile) refers to printf8.o(i.__0sprintf$8) for __2sprintf
    demo_fatfs.o(i.CreateNewFile) refers to ff.o(i.f_mount) for f_mount
    demo_fatfs.o(i.CreateNewFile) refers to printf8.o(i.__0printf$8) for __2printf
    demo_fatfs.o(i.CreateNewFile) refers to ff.o(i.f_opendir) for f_opendir
    demo_fatfs.o(i.CreateNewFile) refers to ff.o(i.f_open) for f_open
    demo_fatfs.o(i.CreateNewFile) refers to ff.o(i.f_lseek) for f_lseek
    demo_fatfs.o(i.CreateNewFile) refers to ff.o(i.f_write) for f_write
    demo_fatfs.o(i.CreateNewFile) refers to ff.o(i.f_close) for f_close
    demo_fatfs.o(i.CreateNewFile) refers to demo_fatfs.o(.data) for writeCount
    demo_fatfs.o(i.CreateNewFile) refers to demo_fatfs.o(.bss) for fileName
    demo_fatfs.o(i.CreateNewFile) refers to usart.o(.data) for ch_num
    demo_fatfs.o(i.CreateNewFile) refers to dma.o(.bss) for RX_Buffer
    demo_fatfs.o(i.DeleteDirFile) refers to ff.o(i.f_mount) for f_mount
    demo_fatfs.o(i.DeleteDirFile) refers to printf8.o(i.__0printf$8) for __2printf
    demo_fatfs.o(i.DeleteDirFile) refers to ff.o(i.f_unlink) for f_unlink
    demo_fatfs.o(i.DeleteDirFile) refers to printf8.o(i.__0sprintf$8) for __2sprintf
    demo_fatfs.o(i.DemoFatFS) refers to usbh_core.o(i.USBH_Init) for USBH_Init
    demo_fatfs.o(i.DemoFatFS) refers to usbh_core.o(i.USBH_Process) for USBH_Process
    demo_fatfs.o(i.DemoFatFS) refers to crc.o(i.CRC16_MODBUS) for CRC16_MODBUS
    demo_fatfs.o(i.DemoFatFS) refers to printf8.o(i.__0printf$8) for __2printf
    demo_fatfs.o(i.DemoFatFS) refers to demo_fatfs.o(i.CreateNewFile) for CreateNewFile
    demo_fatfs.o(i.DemoFatFS) refers to usbh_usr.o(.data) for USR_cb
    demo_fatfs.o(i.DemoFatFS) refers to usbh_msc_core.o(.data) for USBH_MSC_cb
    demo_fatfs.o(i.DemoFatFS) refers to usbh_usr.o(.bss) for USB_Host
    demo_fatfs.o(i.DemoFatFS) refers to usart.o(.data) for rx_flag
    demo_fatfs.o(i.DemoFatFS) refers to dma.o(.bss) for RX_Buffer
    demo_fatfs.o(i.DemoFatFS) refers to demo_fatfs.o(.data) for writeCount
    demo_fatfs.o(i.DispMenu) refers to printf8.o(i.__0printf$8) for __2printf
    demo_fatfs.o(i.ReadFileData) refers to ff.o(i.f_mount) for f_mount
    demo_fatfs.o(i.ReadFileData) refers to printf8.o(i.__0printf$8) for __2printf
    demo_fatfs.o(i.ReadFileData) refers to ff.o(i.f_opendir) for f_opendir
    demo_fatfs.o(i.ReadFileData) refers to ff.o(i.f_open) for f_open
    demo_fatfs.o(i.ReadFileData) refers to ff.o(i.f_read) for f_read
    demo_fatfs.o(i.ReadFileData) refers to ff.o(i.f_close) for f_close
    demo_fatfs.o(i.ReadFileData) refers to demo_fatfs.o(.bss) for fileName
    demo_fatfs.o(i.ReadFileNumber) refers to _scanf_int.o(.text) for _scanf_int
    demo_fatfs.o(i.ReadFileNumber) refers to ff.o(i.f_mount) for f_mount
    demo_fatfs.o(i.ReadFileNumber) refers to printf8.o(i.__0printf$8) for __2printf
    demo_fatfs.o(i.ReadFileNumber) refers to ff.o(i.f_opendir) for f_opendir
    demo_fatfs.o(i.ReadFileNumber) refers to strrchr.o(.text) for strrchr
    demo_fatfs.o(i.ReadFileNumber) refers to strcmp.o(.text) for strcmp
    demo_fatfs.o(i.ReadFileNumber) refers to __0sscanf.o(.text) for __0sscanf
    demo_fatfs.o(i.ReadFileNumber) refers to ff.o(i.f_readdir) for f_readdir
    demo_fatfs.o(i.ViewRootDir) refers to ff.o(i.f_mount) for f_mount
    demo_fatfs.o(i.ViewRootDir) refers to printf8.o(i.__0printf$8) for __2printf
    demo_fatfs.o(i.ViewRootDir) refers to ff.o(i.f_opendir) for f_opendir
    demo_fatfs.o(i.ViewRootDir) refers to ff.o(i.f_readdir) for f_readdir
    demo_fatfs.o(i.WriteFileTest) refers to ff.o(i.f_mount) for f_mount
    demo_fatfs.o(i.WriteFileTest) refers to printf8.o(i.__0printf$8) for __2printf
    demo_fatfs.o(i.WriteFileTest) refers to ff.o(i.f_opendir) for f_opendir
    demo_fatfs.o(i.WriteFileTest) refers to printf8.o(i.__0sprintf$8) for __2sprintf
    demo_fatfs.o(i.WriteFileTest) refers to ff.o(i.f_open) for f_open
    demo_fatfs.o(i.WriteFileTest) refers to bsp_timer.o(i.bsp_GetRunTime) for bsp_GetRunTime
[...]
    i.USB_OTG_USBH_handle_hc_ISR             0x0800463a   Section        0  usb_hcd_int.o(i.USB_OTG_USBH_handle_hc_ISR)
    USB_OTG_USBH_handle_hc_ISR               0x0800463b   Thumb Code    86  usb_hcd_int.o(i.USB_OTG_USBH_handle_hc_ISR)
    i.USB_OTG_USBH_handle_hc_n_In_ISR        0x08004690   Section        0  usb_hcd_int.o(i.USB_OTG_USBH_handle_hc_n_In_ISR)
    USB_OTG_USBH_handle_hc_n_In_ISR          0x08004691   Thumb Code  1066  usb_hcd_int.o(i.USB_OTG_USBH_handle_hc_n_In_ISR)
    i.USB_OTG_USBH_handle_hc_n_Out_ISR       0x08004aba   Section        0  usb_hcd_int.o(i.USB_OTG_USBH_handle_hc_n_Out_ISR)
    USB_OTG_USBH_handle_hc_n_Out_ISR         0x08004abb   Thumb Code   976  usb_hcd_int.o(i.USB_OTG_USBH_handle_hc_n_Out_ISR)
    i.USB_OTG_USBH_handle_nptxfempty_ISR     0x08004e8a   Section        0  usb_hcd_int.o(i.USB_OTG_USBH_handle_nptxfempty_ISR)
    USB_OTG_USBH_handle_nptxfempty_ISR       0x08004e8b   Thumb Code   302  usb_hcd_int.o(i.USB_OTG_USBH_handle_nptxfempty_ISR)
    i.USB_OTG_USBH_handle_port_ISR           0x08004fb8   Section        0  usb_hcd_int.o(i.USB_OTG_USBH_handle_port_ISR)
    USB_OTG_USBH_handle_port_ISR             0x08004fb9   Thumb Code   282  usb_hcd_int.o(i.USB_OTG_USBH_handle_port_ISR)
    i.USB_OTG_USBH_handle_ptxfempty_ISR      0x080050d8   Section        0  usb_hcd_int.o(i.USB_OTG_USBH_handle_ptxfempty_ISR)
    USB_OTG_USBH_handle_ptxfempty_ISR        0x080050d9   Thumb Code   302  usb_hcd_int.o(i.USB_OTG_USBH_handle_ptxfempty_ISR)
    i.USB_OTG_USBH_handle_rx_qlvl_ISR        0x08005206   Section        0  usb_hcd_int.o(i.USB_OTG_USBH_handle_rx_qlvl_ISR)
    USB_OTG_USBH_handle_rx_qlvl_ISR          0x08005207   Thumb Code   356  usb_hcd_int.o(i.USB_OTG_USBH_handle_rx_qlvl_ISR)
    i.USB_OTG_USBH_handle_sof_ISR            0x0800536c   Section        0  usb_hcd_int.o(i.USB_OTG_USBH_handle_sof_ISR)
    USB_OTG_USBH_handle_sof_ISR              0x0800536d   Thumb Code    38  usb_hcd_int.o(i.USB_OTG_USBH_handle_sof_ISR)
    i.USB_OTG_WritePacket                    0x08005398   Section        0  usb_core.o(i.USB_OTG_WritePacket)
    i.UartIRQ                                0x080053d8   Section        0  bsp_uart_fifo.o(i.UartIRQ)
    UartIRQ                                  0x080053d9   Thumb Code   230  bsp_uart_fifo.o(i.UartIRQ)
    i.UsageFault_Handler                     0x080054be   Section        0  stm32f4xx_it.o(i.UsageFault_Handler)
    i.Usart6_Init                            0x080054c4   Section        0  usart.o(i.Usart6_Init)
    i.__0printf$8                            0x080055d0   Section        0  printf8.o(i.__0printf$8)
    i.__0sprintf$8                           0x080055f0   Section        0  printf8.o(i.__0sprintf$8)
    i.__scatterload_copy                     0x08005618   Section       14  handlers.o(i.__scatterload_copy)
    i.__scatterload_null                     0x08005626   Section        2  handlers.o(i.__scatterload_null)
    i.__scatterload_zeroinit                 0x08005628   Section       14  handlers.o(i.__scatterload_zeroinit)
    i._printf_core                           0x08005638   Section        0  printf8.o(i._printf_core)
    _printf_core                             0x08005639   Thumb Code   996  printf8.o(i._printf_core)
    i._printf_post_padding                   0x08005a48   Section        0  printf8.o(i._printf_post_padding)
    _printf_post_padding                     0x08005a49   Thumb Code    36  printf8.o(i._printf_post_padding)
    i._printf_pre_padding                    0x08005a6c   Section        0  printf8.o(i._printf_pre_padding)
    _printf_pre_padding                      0x08005a6d   Thumb Code    46  printf8.o(i._printf_pre_padding)
    i._sputc                                 0x08005a9a   Section        0  printf8.o(i._sputc)
    _sputc                                   0x08005a9b   Thumb Code    10  printf8.o(i._sputc)
    i.bsp_SoftTimerDec                       0x08005aa4   Section        0  bsp_timer.o(i.bsp_SoftTimerDec)
    bsp_SoftTimerDec                         0x08005aa5   Thumb Code    28  bsp_timer.o(i.bsp_SoftTimerDec)
    i.check_fs                               0x08005ac0   Section        0  ff.o(i.check_fs)
    check_fs                                 0x08005ac1   Thumb Code   138  ff.o(i.check_fs)
    i.chk_chr                                0x08005b50   Section        0  ff.o(i.chk_chr)
    chk_chr                                  0x08005b51   Thumb Code    24  ff.o(i.chk_chr)
    i.chk_lock                               0x08005b68   Section        0  ff.o(i.chk_lock)
    chk_lock                                 0x08005b69   Thumb Code   134  ff.o(i.chk_lock)
    i.chk_mounted                            0x08005bf4   Section        0  ff.o(i.chk_mounted)
    chk_mounted                              0x08005bf5   Thumb Code   918  ff.o(i.chk_mounted)
    i.clear_lock                             0x08005f9c   Section        0  ff.o(i.clear_lock)
    clear_lock                               0x08005f9d   Thumb Code    42  ff.o(i.clear_lock)
    i.clust2sect                             0x08005fcc   Section        0  ff.o(i.clust2sect)
    i.cmp_lfn                                0x08005fe8   Section        0  ff.o(i.cmp_lfn)
    cmp_lfn                                  0x08005fe9   Thumb Code   138  ff.o(i.cmp_lfn)
    i.create_chain                           0x08006078   Section        0  ff.o(i.create_chain)
    create_chain                             0x08006079   Thumb Code   202  ff.o(i.create_chain)
    i.create_name                            0x08006144   Section        0  ff.o(i.create_name)
    create_name                              0x08006145   Thumb Code   606  ff.o(i.create_name)
    i.dec_lock                               0x080063b8   Section        0  ff.o(i.dec_lock)
    dec_lock                                 0x080063b9   Thumb Code    72  ff.o(i.dec_lock)
    i.dir_alloc                              0x08006404   Section        0  ff.o(i.dir_alloc)
    dir_alloc                                0x08006405   Thumb Code    86  ff.o(i.dir_alloc)
    i.dir_find                               0x0800645a   Section        0  ff.o(i.dir_find)
    dir_find                                 0x0800645b   Thumb Code   222  ff.o(i.dir_find)
    i.dir_next                               0x08006538   Section        0  ff.o(i.dir_next)
    dir_next                                 0x08006539   Thumb Code   276  ff.o(i.dir_next)
    i.dir_read                               0x0800664c   Section        0  ff.o(i.dir_read)
    dir_read                                 0x0800664d   Thumb Code   196  ff.o(i.dir_read)
    i.dir_register                           0x08006710   Section        0  ff.o(i.dir_register)
    dir_register                             0x08006711   Thumb Code   310  ff.o(i.dir_register)
    i.dir_sdi                                0x08006846   Section        0  ff.o(i.dir_sdi)
    dir_sdi                                  0x08006847   Thumb Code   156  ff.o(i.dir_sdi)
    i.disk_initialize                        0x080068e4   Section        0  diskio.o(i.disk_initialize)
    i.disk_ioctl                             0x08006908   Section        0  diskio.o(i.disk_ioctl)
    i.disk_read                              0x08006954   Section        0  diskio.o(i.disk_read)
    i.disk_status                            0x080069b4   Section        0  diskio.o(i.disk_status)
    i.disk_write                             0x080069c4   Section        0  diskio.o(i.disk_write)
    i.enq_lock                               0x08006a24   Section        0  ff.o(i.enq_lock)
    enq_lock                                 0x08006a25   Thumb Code    36  ff.o(i.enq_lock)
    i.f_close                                0x08006a4c   Section        0  ff.o(i.f_close)
    i.f_lseek                                0x08006a6c   Section        0  ff.o(i.f_lseek)
    i.f_mount                                0x08006c1c   Section        0  ff.o(i.f_mount)
    i.f_open                                 0x08006c50   Section        0  ff.o(i.f_open)
    i.f_opendir                              0x08006df0   Section        0  ff.o(i.f_opendir)
    i.f_readdir                              0x08006e68   Section        0  ff.o(i.f_readdir)
    i.f_sync                                 0x08006ecc   Section        0  ff.o(i.f_sync)
    i.f_write                                0x08006f7c   Section        0  ff.o(i.f_write)
    i.ff_convert                             0x08007188   Section        0  cc936.o(i.ff_convert)
    i.ff_wtoupper                            0x08007204   Section        0  cc936.o(i.ff_wtoupper)
    i.fit_lfn                                0x0800723c   Section        0  ff.o(i.fit_lfn)
    fit_lfn                                  0x0800723d   Thumb Code   122  ff.o(i.fit_lfn)
    i.follow_path                            0x080072bc   Section        0  ff.o(i.follow_path)
    follow_path                              0x080072bd   Thumb Code   148  ff.o(i.follow_path)
    i.fputc                                  0x08007350   Section        0  usart.o(i.fputc)
    i.gen_numname                            0x08007380   Section        0  ff.o(i.gen_numname)
    i.get_fat                                0x0800743e   Section        0  ff.o(i.get_fat)
    i.get_fattime                            0x08007524   Section        0  diskio.o(i.get_fattime)
    i.get_fileinfo                           0x0800752c   Section        0  ff.o(i.get_fileinfo)
    get_fileinfo                             0x0800752d   Thumb Code   332  ff.o(i.get_fileinfo)
    i.inc_lock                               0x08007678   Section        0  ff.o(i.inc_lock)
    inc_lock                                 0x08007679   Thumb Code   214  ff.o(i.inc_lock)
    i.ld_clust                               0x08007754   Section        0  ff.o(i.ld_clust)
    ld_clust                                 0x08007755   Thumb Code    32  ff.o(i.ld_clust)
    i.main                                   0x08007774   Section        0  main.o(i.main)
    i.mem_cmp                                0x080077ac   Section        0  ff.o(i.mem_cmp)
    mem_cmp                                  0x080077ad   Thumb Code    38  ff.o(i.mem_cmp)
    i.mem_cpy                                0x080077d2   Section        0  ff.o(i.mem_cpy)
    mem_cpy                                  0x080077d3   Thumb Code    26  ff.o(i.mem_cpy)
    i.mem_set                                0x080077ec   Section        0  ff.o(i.mem_set)
    mem_set                                  0x080077ed   Thumb Code    20  ff.o(i.mem_set)
    i.move_window                            0x08007800   Section        0  ff.o(i.move_window)
    move_window                              0x08007801   Thumb Code    50  ff.o(i.move_window)
    i.pick_lfn                               0x08007834   Section        0  ff.o(i.pick_lfn)
    pick_lfn                                 0x08007835   Thumb Code   112  ff.o(i.pick_lfn)
    i.put_fat                                0x080078a8   Section        0  ff.o(i.put_fat)
    i.remove_chain                           0x080079de   Section        0  ff.o(i.remove_chain)
    remove_chain                             0x080079df   Thumb Code   104  ff.o(i.remove_chain)
    i.st_clust                               0x08007a46   Section        0  ff.o(i.st_clust)
    st_clust                                 0x08007a47   Thumb Code    16  ff.o(i.st_clust)
    i.sum_sfn                                0x08007a56   Section        0  ff.o(i.sum_sfn)
    sum_sfn                                  0x08007a57   Thumb Code    32  ff.o(i.sum_sfn)
    i.sync_fs                                0x08007a76   Section        0  ff.o(i.sync_fs)
    sync_fs                                  0x08007a77   Thumb Code   200  ff.o(i.sync_fs)
    i.sync_window                            0x08007b3e   Section        0  ff.o(i.sync_window)
    sync_window                              0x08007b3f   Thumb Code    82  ff.o(i.sync_window)
    i.validate                               0x08007b90   Section        0  ff.o(i.validate)
    validate                                 0x08007b91   Thumb Code    54  ff.o(i.validate)
    .constdata                               0x08007bc6   Section       13  ff.o(.constdata)
    LfnOfs                                   0x08007bc6   Data          13  ff.o(.constdata)
    .constdata                               0x08007bd4   Section    175304  cc936.o(.constdata)
    uni2oem                                  0x08007bd4   Data       87172  cc936.o(.constdata)
    oem2uni                                  0x0801d058   Data       87172  cc936.o(.constdata)
    tbl_lower                                0x080324dc   Data         480  cc936.o(.constdata)
    tbl_upper                                0x080326bc   Data         480  cc936.o(.constdata)
    .constdata                               0x0803289c   Section      425  usbh_usr.o(.constdata)
    .constdata                               0x08032a45   Section       64  ctype_c.o(.constdata)
    .data                                    0x20000000   Section       14  demo_fatfs.o(.data)
    writeCount                               0x20000000   Data           4  demo_fatfs.o(.data)
    fileNumber                               0x2000000c   Data           1  demo_fatfs.o(.data)
    s_ucTestSn                               0x2000000d   Data           1  demo_fatfs.o(.data)
    .data                                    0x20000010   Section       13  bsp_timer.o(.data)
    s_uiDelayCount                           0x20000010   Data           4  bsp_timer.o(.data)
    s_ucTimeOutFlag                          0x20000014   Data           1  bsp_timer.o(.data)
    s_count                                  0x2000001c   Data           1  bsp_timer.o(.data)
    .data                                    0x2000001d   Section       16  stm32f4xx_rcc.o(.data)
    APBAHBPrescTable                         0x2000001d   Data          16  stm32f4xx_rcc.o(.data)
    .data                                    0x2000002e   Section        2  ff.o(.data)
    Fsid                                     0x2000002e   Data           2  ff.o(.data)
    .data                                    0x20000030   Section       17  usbh_msc_bot.o(.data)
    BOTStallErrorCount                       0x20000030   Data           4  usbh_msc_bot.o(.data)
    remainingDataLength                      0x20000034   Data           4  usbh_msc_bot.o(.data)
    datapointer                              0x20000038   Data           4  usbh_msc_bot.o(.data)
    datapointer_prev                         0x2000003c   Data           4  usbh_msc_bot.o(.data)
    error_direction                          0x20000040   Data           1  usbh_msc_bot.o(.data)
    .data                                    0x20000044   Section       29  usbh_msc_core.o(.data)
    maxLunExceed                             0x20000060   Data           1  usbh_msc_core.o(.data)
    .data                                    0x20000061   Section        1  usbh_msc_scsi.o(.data)
    status                                   0x20000061   Data           1  usbh_msc_scsi.o(.data)
    .data                                    0x20000064   Section       18  usbh_core.o(.data)
    timeout                                  0x20000074   Data           2  usbh_core.o(.data)
    .data                                    0x20000076   Section        3  usbh_stdreq.o(.data)
    prev_ep_size                             0x20000076   Data           2  usbh_stdreq.o(.data)
    prev_itf                                 0x20000078   Data           1  usbh_stdreq.o(.data)
    .data                                    0x2000007c   Section       73  usbh_usr.o(.data)
    startup                                  0x200000c4   Data           1  usbh_usr.o(.data)
    .data                                    0x200000c8   Section        8  usb_bsp.o(.data)
    .data                                    0x200000d0   Section        6  usart.o(.data)
    .data                                    0x200000d8   Section        4  stdout.o(.data)
    .bss                                     0x200000dc   Section     4111  demo_fatfs.o(.bss)
    fileName                                 0x200010dc   Data          15  demo_fatfs.o(.bss)
    .bss                                     0x200010ec   Section       48  bsp_timer.o(.bss)
    s_tTmr                                   0x200010ec   Data          48  bsp_timer.o(.bss)
    .bss                                     0x2000111c   Section     2088  bsp_uart_fifo.o(.bss)
    g_tUart1                                 0x2000111c   Data          40  bsp_uart_fifo.o(.bss)
    g_TxBuf1                                 0x20001144   Data        1024  bsp_uart_fifo.o(.bss)
    g_RxBuf1                                 0x20001544   Data        1024  bsp_uart_fifo.o(.bss)
    .bss                                     0x20001944   Section       48  ff.o(.bss)
    FatFs                                    0x20001944   Data          12  ff.o(.bss)
    Files                                    0x20001950   Data          36  ff.o(.bss)
    .bss                                     0x20001974   Section       64  usbh_msc_bot.o(.bss)
    .bss                                     0x200019b4   Section      522  usbh_msc_core.o(.bss)
    .bss                                     0x20001bc0   Section     1040  usbh_msc_scsi.o(.bss)
    .bss                                     0x20001fd0   Section      512  usbh_stdreq.o(.bss)
    .bss                                     0x200021d0   Section     1584  usbh_usr.o(.bss)
    .bss                                     0x20002800   Section      510  dma.o(.bss)
    STACK                                    0x20002a00   Section    24576  startup_stm32f4xx.o(STACK)

    Global Symbols

    Symbol Name                              Value     Ov Type        Size  Object(Section)

    BuildAttributes$$THM_ISAv4$E$P$D$K$B$S$7EM$VFPi3$EXTD16$VFPS$VFMA$PE$A:L22UL41UL21$X:L11$S22US41US21$IEEE1$IW$USESV6$~STKCKD$USESV7$~SHL$OSPACE$ROPI$EBA8$MICROLIB$REQ8$PRES8$EABIv2 0x00000000   Number         0  anon$$obj.o ABSOLUTE
    __ARM_use_no_argv                        0x00000000   Number         0  main.o ABSOLUTE
    _printf_a                                0x00000000   Number         0  stubs.o ABSOLUTE
    _printf_c                                0x00000000   Number         0  stubs.o ABSOLUTE
    _printf_charcount                        0x00000000   Number         0  stubs.o ABSOLUTE
    _printf_d                                0x00000000   Number         0  stubs.o ABSOLUTE
    _printf_e                                0x00000000   Number         0  stubs.o ABSOLUTE
    _printf_f                                0x00000000   Number         0  stubs.o ABSOLUTE
    _printf_flags                            0x00000000   Number         0  stubs.o ABSOLUTE
    _printf_fp_dec                           0x00000000   Number         0  stubs.o ABSOLUTE
    _printf_fp_hex                           0x00000000   Number         0  stubs.o ABSOLUTE
    _printf_g                                0x00000000   Number         0  stubs.o ABSOLUTE
    _printf_i                                0x00000000   Number         0  stubs.o ABSOLUTE
    _printf_int_dec                          0x00000000   Number         0  stubs.o ABSOLUTE
    _printf_l                                0x00000000   Number         0  stubs.o ABSOLUTE
    _printf_lc                               0x00000000   Number         0  stubs.o ABSOLUTE
    _printf_ll                               0x00000000   Number         0  stubs.o ABSOLUTE
    _printf_lld                              0x00000000   Number         0  stubs.o ABSOLUTE
    _printf_lli                              0x00000000   Number         0  stubs.o ABSOLUTE
    _printf_llo                              0x00000000   Number         0  stubs.o ABSOLUTE
    _printf_llu                              0x00000000   Number         0  stubs.o ABSOLUTE
    _printf_llx                              0x00000000   Number         0  stubs.o ABSOLUTE
    _printf_longlong_dec                     0x00000000   Number         0  stubs.o ABSOLUTE
    _printf_longlong_hex                     0x00000000   Number         0  stubs.o ABSOLUTE
    _printf_longlong_oct                     0x00000000   Number         0  stubs.o ABSOLUTE
    _printf_ls                               0x00000000   Number         0  stubs.o ABSOLUTE
    _printf_mbtowc                           0x00000000   Number         0  stubs.o ABSOLUTE
    _printf_n                                0x00000000   Number         0  stubs.o ABSOLUTE
    _printf_o                                0x00000000   Number         0  stubs.o ABSOLUTE
    _printf_p                                0x00000000   Number         0  stubs.o ABSOLUTE
    _printf_percent                          0x00000000   Number         0  stubs.o ABSOLUTE
    _printf_pre_padding                      0x00000000   Number         0  stubs.o ABSOLUTE
    _printf_return_value                     0x00000000   Number         0  stubs.o ABSOLUTE
    _printf_s                                0x00000000   Number         0  stubs.o ABSOLUTE
    _printf_sizespec                         0x00000000   Number         0  stubs.o ABSOLUTE
    _printf_str                              0x00000000   Number         0  stubs.o ABSOLUTE
    _printf_truncate_signed                  0x00000000   Number         0  stubs.o ABSOLUTE
    _printf_truncate_unsigned                0x00000000   Number         0  stubs.o ABSOLUTE
    _printf_u                                0x00000000   Number         0  stubs.o ABSOLUTE
    _printf_wc                               0x00000000   Number         0  stubs.o ABSOLUTE
    _printf_wctomb                           0x00000000   Number         0  stubs.o ABSOLUTE
    _printf_widthprec                        0x00000000   Number         0  stubs.o ABSOLUTE
    _printf_x                                0x00000000   Number         0  stubs.o ABSOLUTE
    __cpp_initialize__aeabi_                  - Undefined Weak Reference
    __cxa_finalize                            - Undefined Weak Reference
    __decompress                              - Undefined Weak Reference
    _clock_init                               - Undefined Weak Reference
    _microlib_exit                            - Undefined Weak Reference
    _scanf_longlong                           - Undefined Weak Reference
    _scanf_real                               - Undefined Weak Reference
    _scanf_string                             - Undefined Weak Reference
    __Vectors_Size                           0x00000188   Number         0  startup_stm32f4xx.o ABSOLUTE
    __Vectors                                0x08000000   Data           4  startup_stm32f4xx.o(RESET)
    __Vectors_End                            0x08000188   Data           0  startup_stm32f4xx.o(RESET)
    __main                                   0x08000189   Thumb Code     0  entry.o(.ARM.Collect$$$$00000000)
    _main_stk                                0x08000189   Thumb Code     0  entry2.o(.ARM.Collect$$$$00000001)
    _main_scatterload                        0x0800018d   Thumb Code     0  entry5.o(.ARM.Collect$$$$00000004)
    __main_after_scatterload                 0x08000191   Thumb Code     0  entry5.o(.ARM.Collect$$$$00000004)
    _main_clock                              0x08000191   Thumb Code     0  entry7b.o(.ARM.Collect$$$$00000008)
    _main_cpp_init                           0x08000191   Thumb Code     0  entry8b.o(.ARM.Collect$$$$0000000A)
    _main_init                               0x08000191   Thumb Code     0  entry9a.o(.ARM.Collect$$$$0000000B)
    __rt_final_cpp                           0x08000199   Thumb Code     0  entry10a.o(.ARM.Collect$$$$0000000D)
    __rt_final_exit                          0x08000199   Thumb Code     0  entry11a.o(.ARM.Collect$$$$0000000F)
    Reset_Handler                            0x0800019d   Thumb Code     8  startup_stm32f4xx.o(.text)
    ADC_IRQHandler                           0x080001b7   Thumb Code     0  startup_stm32f4xx.o(.text)
    CAN1_RX0_IRQHandler                      0x080001b7   Thumb Code     0  startup_stm32f4xx.o(.text)
    CAN1_RX1_IRQHandler                      0x080001b7   Thumb Code     0  startup_stm32f4xx.o(.text)
    CAN1_SCE_IRQHandler                      0x080001b7   Thumb Code     0  startup_stm32f4xx.o(.text)
    CAN1_TX_IRQHandler                       0x080001b7   Thumb Code     0  startup_stm32f4xx.o(.text)
    CAN2_RX0_IRQHandler                      0x080001b7   Thumb Code     0  startup_stm32f4xx.o(.text)
    CAN2_RX1_IRQHandler                      0x080001b7   Thumb Code     0  startup_stm32f4xx.o(.text)
    CAN2_SCE_IRQHandler                      0x080001b7   Thumb Code     0  startup_stm32f4xx.o(.text)
    CAN2_TX_IRQHandler                       0x080001b7   Thumb Code     0  startup_stm32f4xx.o(.text)
    CRYP_IRQHandler                          0x080001b7   Thumb Code     0  startup_stm32f4xx.o(.text)
    DCMI_IRQHandler                          0x080001b7   Thumb Code     0  startup_stm32f4xx.o(.text)
    DMA1_Stream0_IRQHandler                  0x080001b7   Thumb Code     0  startup_stm32f4xx.o(.text)
    DMA1_Stream1_IRQHandler                  0x080001b7   Thumb Code     0  startup_stm32f4xx.o(.text)
    DMA1_Stream2_IRQHandler                  0x080001b7   Thumb Code     0  startup_stm32f4xx.o(.text)
    DMA1_Stream3_IRQHandler                  0x080001b7   Thumb Code     0  startup_stm32f4xx.o(.text)
    DMA1_Stream4_IRQHandler                  0x080001b7   Thumb Code     0  startup_stm32f4xx.o(.text)
    DMA1_Stream5_IRQHandler                  0x080001b7   Thumb Code     0  startup_stm32f4xx.o(.text)
    DMA1_Stream6_IRQHandler                  0x080001b7   Thumb Code     0  startup_stm32f4xx.o(.text)
    DMA1_Stream7_IRQHandler                  0x080001b7   Thumb Code     0  startup_stm32f4xx.o(.text)
    DMA2_Stream0_IRQHandler                  0x080001b7   Thumb Code     0  startup_stm32f4xx.o(.text)
    DMA2_Stream1_IRQHandler                  0x080001b7   Thumb Code     0  startup_stm32f4xx.o(.text)
    DMA2_Stream2_IRQHandler                  0x080001b7   Thumb Code     0  startup_stm32f4xx.o(.text)
    DMA2_Stream3_IRQHandler                  0x080001b7   Thumb Code     0  startup_stm32f4xx.o(.text)
    DMA2_Stream4_IRQHandler                  0x080001b7   Thumb Code     0  startup_stm32f4xx.o(.text)
    DMA2_Stream5_IRQHandler                  0x080001b7   Thumb Code     0  startup_stm32f4xx.o(.text)
    DMA2_Stream6_IRQHandler                  0x080001b7   Thumb Code     0  startup_stm32f4xx.o(.text)
    DMA2_Stream7_IRQHandler                  0x080001b7   Thumb Code     0  startup_stm32f4xx.o(.text)
    ETH_IRQHandler                           0x080001b7   Thumb Code     0  startup_stm32f4xx.o(.text)
    ETH_WKUP_IRQHandler                      0x080001b7   Thumb Code     0  startup_stm32f4xx.o(.text)
    EXTI0_IRQHandler                         0x080001b7   Thumb Code     0  startup_stm32f4xx.o(.text)
    EXTI15_10_IRQHandler                     0x080001b7   Thumb Code     0  startup_stm32f4xx.o(.text)
    EXTI1_IRQHandler                         0x080001b7   Thumb Code     0  startup_stm32f4xx.o(.text)
    EXTI2_IRQHandler                         0x080001b7   Thumb Code     0  startup_stm32f4xx.o(.text)
    EXTI3_IRQHandler                         0x080001b7   Thumb Code     0  startup_stm32f4xx.o(.text)
    EXTI4_IRQHandler                         0x080001b7   Thumb Code     0  startup_stm32f4xx.o(.text)
    EXTI9_5_IRQHandler                       0x080001b7   Thumb Code     0  startup_stm32f4xx.o(.text)
    FLASH_IRQHandler                         0x080001b7   Thumb Code     0  startup_stm32f4xx.o(.text)
    FPU_IRQHandler                           0x080001b7   Thumb Code     0  startup_stm32f4xx.o(.text)
    FSMC_IRQHandler                          0x080001b7   Thumb Code     0  startup_stm32f4xx.o(.text)
    HASH_RNG_IRQHandler                      0x080001b7   Thumb Code     0  startup_stm32f4xx.o(.text)
    I2C1_ER_IRQHandler                       0x080001b7   Thumb Code     0  startup_stm32f4xx.o(.text)
    I2C1_EV_IRQHandler                       0x080001b7   Thumb Code     0  startup_stm32f4xx.o(.text)
    I2C2_ER_IRQHandler                       0x080001b7   Thumb Code     0  startup_stm32f4xx.o(.text)
    I2C2_EV_IRQHandler                       0x080001b7   Thumb Code     0  startup_stm32f4xx.o(.text)
    I2C3_ER_IRQHandler                       0x080001b7   Thumb Code     0  startup_stm32f4xx.o(.text)
    I2C3_EV_IRQHandler                       0x080001b7   Thumb Code     0  startup_stm32f4xx.o(.text)
    OTG_FS_IRQHandler                        0x080001b7   Thumb Code     0  startup_stm32f4xx.o(.text)
    OTG_FS_WKUP_IRQHandler                   0x080001b7   Thumb Code     0  startup_stm32f4xx.o(.text)
    OTG_HS_EP1_IN_IRQHandler                 0x080001b7   Thumb Code     0  startup_stm32f4xx.o(.text)
    OTG_HS_EP1_OUT_IRQHandler                0x080001b7   Thumb Code     0  startup_stm32f4xx.o(.text)
    OTG_HS_WKUP_IRQHandler                   0x080001b7   Thumb Code     0  startup_stm32f4xx.o(.text)
    PVD_IRQHandler                           0x080001b7   Thumb Code     0  startup_stm32f4xx.o(.text)
    RCC_IRQHandler                           0x080001b7   Thumb Code     0  startup_stm32f4xx.o(.text)
    RTC_Alarm_IRQHandler                     0x080001b7   Thumb Code     0  startup_stm32f4xx.o(.text)
    RTC_WKUP_IRQHandler                      0x080001b7   Thumb Code     0  startup_stm32f4xx.o(.text)
    SDIO_IRQHandler                          0x080001b7   Thumb Code     0  startup_stm32f4xx.o(.text)
    SPI1_IRQHandler                          0x080001b7   Thumb Code     0  startup_stm32f4xx.o(.text)
    SPI2_IRQHandler                          0x080001b7   Thumb Code     0  startup_stm32f4xx.o(.text)
    SPI3_IRQHandler                          0x080001b7   Thumb Code     0  startup_stm32f4xx.o(.text)
    TAMP_STAMP_IRQHandler                    0x080001b7   Thumb Code     0  startup_stm32f4xx.o(.text)
    TIM1_BRK_TIM9_IRQHandler                 0x080001b7   Thumb Code     0  startup_stm32f4xx.o(.text)
    TIM1_CC_IRQHandler                       0x080001b7   Thumb Code     0  startup_stm32f4xx.o(.text)
    TIM1_TRG_COM_TIM11_IRQHandler            0x080001b7   Thumb Code     0  startup_stm32f4xx.o(.text)
    TIM1_UP_TIM10_IRQHandler                 0x080001b7   Thumb Code     0  startup_stm32f4xx.o(.text)
    TIM3_IRQHandler                          0x080001b7   Thumb Code     0  startup_stm32f4xx.o(.text)
    TIM4_IRQHandler                          0x080001b7   Thumb Code     0  startup_stm32f4xx.o(.text)
    TIM5_IRQHandler                          0x080001b7   Thumb Code     0  startup_stm32f4xx.o(.text)
    TIM6_DAC_IRQHandler                      0x080001b7   Thumb Code     0  startup_stm32f4xx.o(.text)
    TIM7_IRQHandler                          0x080001b7   Thumb Code     0  startup_stm32f4xx.o(.text)
    TIM8_BRK_TIM12_IRQHandler                0x080001b7   Thumb Code     0  startup_stm32f4xx.o(.text)
    TIM8_CC_IRQHandler                       0x080001b7   Thumb Code     0  startup_stm32f4xx.o(.text)
    TIM8_TRG_COM_TIM14_IRQHandler            0x080001b7   Thumb Code     0  startup_stm32f4xx.o(.text)
    TIM8_UP_TIM13_IRQHandler                 0x080001b7   Thumb Code     0  startup_stm32f4xx.o(.text)
    UART4_IRQHandler                         0x080001b7   Thumb Code     0  startup_stm32f4xx.o(.text)
    UART5_IRQHandler                         0x080001b7   Thumb Code     0  startup_stm32f4xx.o(.text)
    USART2_IRQHandler                        0x080001b7   Thumb Code     0  startup_stm32f4xx.o(.text)
    USART3_IRQHandler                        0x080001b7   Thumb Code     0  startup_stm32f4xx.o(.text)
    WWDG_IRQHandler                          0x080001b7   Thumb Code     0  startup_stm32f4xx.o(.text)
    __aeabi_memcpy                           0x080001c1   Thumb Code    36  memcpya.o(.text)
    __aeabi_memcpy4                          0x080001c1   Thumb Code     0  memcpya.o(.text)
    __aeabi_memcpy8                          0x080001c1   Thumb Code     0  memcpya.o(.text)
    strcmp                                   0x080001e5   Thumb Code    28  strcmp.o(.text)
    strrchr                                  0x08000201   Thumb Code    32  strrchr.o(.text)
    __0sscanf                                0x08000221   Thumb Code    48  __0sscanf.o(.text)
    _scanf_int                               0x08000259   Thumb Code   332  _scanf_int.o(.text)
    __aeabi_uldivmod                         0x080003a5   Thumb Code    98  uldiv.o(.text)
    _chval                                   0x08000407   Thumb Code    28  _chval.o(.text)
    __vfscanf_char                           0x08000431   Thumb Code    20  scanf_char.o(.text)
    _sgetc                                   0x0800044d   Thumb Code    30  _sgetc.o(.text)
    _sbackspace                              0x0800046b   Thumb Code    34  _sgetc.o(.text)
    __scatterload                            0x0800048d   Thumb Code    28  init.o(.text)
    __scatterload_rt2                        0x0800048d   Thumb Code     0  init.o(.text)
    __aeabi_llsl                             0x080004b1   Thumb Code    30  llshl.o(.text)
    _ll_shift_l                              0x080004b1   Thumb Code     0  llshl.o(.text)
    __aeabi_llsr                             0x080004cf   Thumb Code    32  llushr.o(.text)
    _ll_ushift_r                             0x080004cf   Thumb Code     0  llushr.o(.text)
    isspace                                  0x080004ef   Thumb Code    10  isspace_c.o(.text)
    __vfscanf                                0x080004f9   Thumb Code   808  _scanf.o(.text)
    __ctype_lookup                           0x08000825   Thumb Code    34  ctype_c.o(.text)
    BusFault_Handler                         0x080008e3   Thumb Code     4  stm32f4xx_it.o(i.BusFault_Handler)
    CRC16_MODBUS                             0x080008e7   Thumb Code    84  crc.o(i.CRC16_MODBUS)
    DMA_ClearFlag                            0x08000b05   Thumb Code    38  stm32f4xx_dma.o(i.DMA_ClearFlag)
    DMA_Cmd                                  0x08000b39   Thumb Code    22  stm32f4xx_dma.o(i.DMA_Cmd)
    DMA_DeInit                               0x08000b51   Thumb Code   324  stm32f4xx_dma.o(i.DMA_DeInit)
    DMA_GetCmdStatus                         0x08000ca9   Thumb Code    20  stm32f4xx_dma.o(i.DMA_GetCmdStatus)
    DMA_GetCurrDataCounter                   0x08000cbd   Thumb Code     8  stm32f4xx_dma.o(i.DMA_GetCurrDataCounter)
    DMA_GetFlagStatus                        0x08000cc5   Thumb Code    54  stm32f4xx_dma.o(i.DMA_GetFlagStatus)
    DMA_Init                                 0x08000d09   Thumb Code    82  stm32f4xx_dma.o(i.DMA_Init)
    DMA_Send                                 0x08000d61   Thumb Code    84  dma.o(i.DMA_Send)
    DMA_SetCurrDataCounter                   0x08000dc1   Thumb Code     4  stm32f4xx_dma.o(i.DMA_SetCurrDataCounter)
    DebugMon_Handler                         0x08000dc5   Thumb Code     2  stm32f4xx_it.o(i.DebugMon_Handler)
    DemoFatFS                                0x08000dc9   Thumb Code   142  demo_fatfs.o(i.DemoFatFS)
    GPIO_Init                                0x08000ebd   Thumb Code   144  stm32f4xx_gpio.o(i.GPIO_Init)
    GPIO_PinAFConfig                         0x08000f4d   Thumb Code    70  stm32f4xx_gpio.o(i.GPIO_PinAFConfig)
    HCD_GetCurrentFrame                      0x08000f93   Thumb Code    10  usb_hcd.o(i.HCD_GetCurrentFrame)
    HCD_GetCurrentSpeed                      0x08000f9d   Thumb Code    20  usb_hcd.o(i.HCD_GetCurrentSpeed)
    HCD_GetURB_State                         0x08000fb1   Thumb Code    10  usb_hcd.o(i.HCD_GetURB_State)
    HCD_GetXferCnt                           0x08000fbb   Thumb Code    12  usb_hcd.o(i.HCD_GetXferCnt)
    HCD_Init                                 0x08000fc7   Thumb Code    96  usb_hcd.o(i.HCD_Init)
    HCD_IsDeviceConnected                    0x08001027   Thumb Code     8  usb_hcd.o(i.HCD_IsDeviceConnected)
    HCD_ResetPort                            0x0800102f   Thumb Code    14  usb_hcd.o(i.HCD_ResetPort)
    HCD_SubmitRequest                        0x0800103d   Thumb Code    32  usb_hcd.o(i.HCD_SubmitRequest)
    HardFault_Handler                        0x0800105d   Thumb Code    38  stm32f4xx_it.o(i.HardFault_Handler)
    MemManage_Handler                        0x08001101   Thumb Code     4  stm32f4xx_it.o(i.MemManage_Handler)
    NMI_Handler                              0x08001105   Thumb Code     2  stm32f4xx_it.o(i.NMI_Handler)
    NVIC_Init                                0x08001109   Thumb Code   106  misc.o(i.NVIC_Init)
    NVIC_PriorityGroupConfig                 0x08001181   Thumb Code    10  misc.o(i.NVIC_PriorityGroupConfig)
    NVIC_SetVectorTable                      0x08001195   Thumb Code    12  misc.o(i.NVIC_SetVectorTable)
    OTG_HS_IRQHandler                        0x080011a9   Thumb Code    10  usbh_it.o(i.OTG_HS_IRQHandler)
    PendSV_Handler                           0x080011b9   Thumb Code     2  stm32f4xx_it.o(i.PendSV_Handler)
    RCC_AHB1PeriphClockCmd                   0x080011bd   Thumb Code    26  stm32f4xx_rcc.o(i.RCC_AHB1PeriphClockCmd)
    RCC_APB1PeriphClockCmd                   0x080011dd   Thumb Code    26  stm32f4xx_rcc.o(i.RCC_APB1PeriphClockCmd)
    RCC_APB1PeriphResetCmd                   0x080011fd   Thumb Code    26  stm32f4xx_rcc.o(i.RCC_APB1PeriphResetCmd)
    RCC_APB2PeriphClockCmd                   0x0800121d   Thumb Code    26  stm32f4xx_rcc.o(i.RCC_APB2PeriphClockCmd)
    RCC_APB2PeriphResetCmd                   0x0800123d   Thumb Code    26  stm32f4xx_rcc.o(i.RCC_APB2PeriphResetCmd)
    RCC_GetClocksFreq                        0x0800125d   Thumb Code   214  stm32f4xx_rcc.o(i.RCC_GetClocksFreq)
    SVC_Handler                              0x08001425   Thumb Code     2  stm32f4xx_it.o(i.SVC_Handler)
    SysTick_Handler                          0x08001515   Thumb Code     8  bsp_timer.o(i.SysTick_Handler)
    SysTick_ISR                              0x0800151d   Thumb Code   102  bsp_timer.o(i.SysTick_ISR)
    SystemInit                               0x08001599   Thumb Code    88  system_stm32f4xx.o(i.SystemInit)
    TIM2_IRQHandler                          0x08001601   Thumb Code     8  usbh_it.o(i.TIM2_IRQHandler)
    TIM_ARRPreloadConfig                     0x08001609   Thumb Code    24  stm32f4xx_tim.o(i.TIM_ARRPreloadConfig)
    TIM_ClearITPendingBit                    0x08001621   Thumb Code     6  stm32f4xx_tim.o(i.TIM_ClearITPendingBit)
    TIM_Cmd                                  0x08001627   Thumb Code    24  stm32f4xx_tim.o(i.TIM_Cmd)
    TIM_GetITStatus                          0x0800163f   Thumb Code    34  stm32f4xx_tim.o(i.TIM_GetITStatus)
    TIM_ITConfig                             0x08001661   Thumb Code    18  stm32f4xx_tim.o(i.TIM_ITConfig)
    TIM_TimeBaseInit                         0x08001675   Thumb Code   104  stm32f4xx_tim.o(i.TIM_TimeBaseInit)
    USART1_IRQHandler                        0x080016f9   Thumb Code    10  bsp_uart_fifo.o(i.USART1_IRQHandler)
    USART6_DMA_Rx_Init                       0x08001709   Thumb Code   110  dma.o(i.USART6_DMA_Rx_Init)
    USART6_DMA_Tx_Init                       0x08001785   Thumb Code   110  dma.o(i.USART6_DMA_Tx_Init)
    USART6_IRQHandler                        0x08001801   Thumb Code   146  usart.o(i.USART6_IRQHandler)
    USART_ClearFlag                          0x080018ad   Thumb Code    18  stm32f4xx_usart.o(i.USART_ClearFlag)
    USART_ClearITPendingBit                  0x080018bf   Thumb Code    30  stm32f4xx_usart.o(i.USART_ClearITPendingBit)
    USART_Cmd                                0x080018dd   Thumb Code    24  stm32f4xx_usart.o(i.USART_Cmd)
    USART_DMACmd                             0x080018f5   Thumb Code    18  stm32f4xx_usart.o(i.USART_DMACmd)
    USART_DeInit                             0x08001909   Thumb Code   156  stm32f4xx_usart.o(i.USART_DeInit)
    USART_GetFlagStatus                      0x080019bd   Thumb Code    26  stm32f4xx_usart.o(i.USART_GetFlagStatus)
    USART_GetITStatus                        0x080019d7   Thumb Code    84  stm32f4xx_usart.o(i.USART_GetITStatus)
    USART_ITConfig                           0x08001a2b   Thumb Code    74  stm32f4xx_usart.o(i.USART_ITConfig)
    USART_Init                               0x08001a75   Thumb Code   204  stm32f4xx_usart.o(i.USART_Init)
    USART_ReceiveData                        0x08001b49   Thumb Code    10  stm32f4xx_usart.o(i.USART_ReceiveData)
    USART_SendData                           0x08001b53   Thumb Code     8  stm32f4xx_usart.o(i.USART_SendData)
    USBH_Alloc_Channel                       0x08001b5b   Thumb Code    38  usbh_hcs.o(i.USBH_Alloc_Channel)
    USBH_BulkReceiveData                     0x08001b81   Thumb Code    96  usbh_ioreq.o(i.USBH_BulkReceiveData)
    USBH_BulkSendData                        0x08001be1   Thumb Code    94  usbh_ioreq.o(i.USBH_BulkSendData)
    USBH_ClrFeature                          0x08001c3f   Thumb Code    76  usbh_stdreq.o(i.USBH_ClrFeature)
    USBH_Connected                           0x08001c8b   Thumb Code    12  usbh_core.o(i.USBH_Connected)
    USBH_CtlReceiveData                      0x08001c97   Thumb Code    70  usbh_ioreq.o(i.USBH_CtlReceiveData)
    USBH_CtlReq                              0x08001cdd   Thumb Code   100  usbh_ioreq.o(i.USBH_CtlReq)
    USBH_CtlSendData                         0x08001d41   Thumb Code   110  usbh_ioreq.o(i.USBH_CtlSendData)
    USBH_CtlSendSetup                        0x08001daf   Thumb Code    66  usbh_ioreq.o(i.USBH_CtlSendSetup)
    USBH_DeAllocate_AllChannel               0x08001df1   Thumb Code    28  usbh_hcs.o(i.USBH_DeAllocate_AllChannel)
    USBH_DeInit                              0x08001e0d   Thumb Code    58  usbh_core.o(i.USBH_DeInit)
    USBH_Disconnected                        0x08001e47   Thumb Code    12  usbh_core.o(i.USBH_Disconnected)
    USBH_ErrorHandle                         0x08001e53   Thumb Code    46  usbh_core.o(i.USBH_ErrorHandle)
    USBH_Free_Channel                        0x08001e81   Thumb Code    30  usbh_hcs.o(i.USBH_Free_Channel)
    USBH_GetDescriptor                       0x08001e9f   Thumb Code    68  usbh_stdreq.o(i.USBH_GetDescriptor)
    USBH_GetNextDesc                         0x08001f0b   Thumb Code    18  usbh_stdreq.o(i.USBH_GetNextDesc)
    USBH_Get_CfgDesc                         0x08001f1d   Thumb Code    88  usbh_stdreq.o(i.USBH_Get_CfgDesc)
    USBH_Get_DevDesc                         0x08001f79   Thumb Code    56  usbh_stdreq.o(i.USBH_Get_DevDesc)
    USBH_Get_StringDesc                      0x08001fb1   Thumb Code    60  usbh_stdreq.o(i.USBH_Get_StringDesc)
    USBH_HandleControl                       0x08001fed   Thumb Code   544  usbh_core.o(i.USBH_HandleControl)
    USBH_Init                                0x080023ed   Thumb Code    68  usbh_core.o(i.USBH_Init)
    USBH_MSC_BOT_Abort                       0x08002455   Thumb Code    86  usbh_msc_bot.o(i.USBH_MSC_BOT_Abort)
    USBH_MSC_DecodeCSW                       0x080024c9   Thumb Code   108  usbh_msc_bot.o(i.USBH_MSC_DecodeCSW)
    USBH_MSC_ErrorHandle                     0x08002549   Thumb Code    58  usbh_msc_core.o(i.USBH_MSC_ErrorHandle)
    USBH_MSC_HandleBOTXfer                   0x08002761   Thumb Code   812  usbh_msc_bot.o(i.USBH_MSC_HandleBOTXfer)
    USBH_MSC_Init                            0x08002ab1   Thumb Code    44  usbh_msc_bot.o(i.USBH_MSC_Init)
    USBH_MSC_ModeSense6                      0x08002c11   Thumb Code   192  usbh_msc_scsi.o(i.USBH_MSC_ModeSense6)
    USBH_MSC_Read10                          0x08002ce1   Thumb Code   242  usbh_msc_scsi.o(i.USBH_MSC_Read10)
    USBH_MSC_ReadCapacity10                  0x08002de1   Thumb Code   202  usbh_msc_scsi.o(i.USBH_MSC_ReadCapacity10)
    USBH_MSC_RequestSense                    0x08002ebd   Thumb Code   208  usbh_msc_scsi.o(i.USBH_MSC_RequestSense)
    USBH_MSC_TestUnitReady                   0x08002f9d   Thumb Code   162  usbh_msc_scsi.o(i.USBH_MSC_TestUnitReady)
    USBH_MSC_Write10                         0x0800304d   Thumb Code   218  usbh_msc_scsi.o(i.USBH_MSC_Write10)
    USBH_Modify_Channel                      0x08003131   Thumb Code   100  usbh_hcs.o(i.USBH_Modify_Channel)
    USBH_OTG_ISR_Handler                     0x08003195   Thumb Code   168  usb_hcd_int.o(i.USBH_OTG_ISR_Handler)
    USBH_Open_Channel                        0x0800323d   Thumb Code   154  usbh_hcs.o(i.USBH_Open_Channel)
    USBH_Process                             0x080034c9   Thumb Code   408  usbh_core.o(i.USBH_Process)
    USBH_SOF                                 0x08003661   Thumb Code     6  usbh_core.o(i.USBH_SOF)
    USBH_SetAddress                          0x08003667   Thumb Code    38  usbh_stdreq.o(i.USBH_SetAddress)
    USBH_SetCfg                              0x0800368d   Thumb Code    38  usbh_stdreq.o(i.USBH_SetCfg)
    USBH_USR_Configuration_DescAvailable     0x080036cd   Thumb Code    42  usbh_usr.o(i.USBH_USR_Configuration_DescAvailable)
    USBH_USR_DeInit                          0x08003701   Thumb Code     2  usbh_usr.o(i.USBH_USR_DeInit)
    USBH_USR_DeviceAddressAssigned           0x08003703   Thumb Code     2  usbh_usr.o(i.USBH_USR_DeviceAddressAssigned)
    USBH_USR_DeviceAttached                  0x08003705   Thumb Code    10  usbh_usr.o(i.USBH_USR_DeviceAttached)
    USBH_USR_DeviceDisconnected              0x08003715   Thumb Code    10  usbh_usr.o(i.USBH_USR_DeviceDisconnected)
    USBH_USR_DeviceNotSupported              0x08003725   Thumb Code    10  usbh_usr.o(i.USBH_USR_DeviceNotSupported)
    USBH_USR_DeviceSpeedDetected             0x0800374d   Thumb Code    46  usbh_usr.o(i.USBH_USR_DeviceSpeedDetected)
    USBH_USR_Device_DescAvailable            0x0800378d   Thumb Code    24  usbh_usr.o(i.USBH_USR_Device_DescAvailable)
    USBH_USR_EnumerationDone                 0x080037c5   Thumb Code    10  usbh_usr.o(i.USBH_USR_EnumerationDone)
    USBH_USR_Init                            0x080037d5   Thumb Code    34  usbh_usr.o(i.USBH_USR_Init)
    USBH_USR_MSC_Application                 0x08003855   Thumb Code     4  usbh_usr.o(i.USBH_USR_MSC_Application)
    USBH_USR_Manufacturer_String             0x08003859   Thumb Code    14  usbh_usr.o(i.USBH_USR_Manufacturer_String)
    USBH_USR_OverCurrentDetected             0x08003881   Thumb Code    10  usbh_usr.o(i.USBH_USR_OverCurrentDetected)
    USBH_USR_Product_String                  0x080038a9   Thumb Code    14  usbh_usr.o(i.USBH_USR_Product_String)
    USBH_USR_ResetDevice                     0x080038cd   Thumb Code    10  usbh_usr.o(i.USBH_USR_ResetDevice)
    USBH_USR_SerialNum_String                0x080038f5   Thumb Code    14  usbh_usr.o(i.USBH_USR_SerialNum_String)
    USBH_USR_UnrecoveredError                0x0800391d   Thumb Code    10  usbh_usr.o(i.USBH_USR_UnrecoveredError)
    USBH_USR_UserInput                       0x0800392d   Thumb Code     4  usbh_usr.o(i.USBH_USR_UserInput)
    USB_OTG_BSP_ConfigVBUS                   0x08003931   Thumb Code     2  usb_bsp.o(i.USB_OTG_BSP_ConfigVBUS)
    USB_OTG_BSP_DriveVBUS                    0x08003933   Thumb Code     2  usb_bsp.o(i.USB_OTG_BSP_DriveVBUS)
    USB_OTG_BSP_EnableInterrupt              0x08003935   Thumb Code    44  usb_bsp.o(i.USB_OTG_BSP_EnableInterrupt)
    USB_OTG_BSP_Init                         0x08003961   Thumb Code    72  usb_bsp.o(i.USB_OTG_BSP_Init)
    USB_OTG_BSP_TimerIRQ                     0x080039e5   Thumb Code    50  usb_bsp.o(i.USB_OTG_BSP_TimerIRQ)
    USB_OTG_BSP_mDelay                       0x08003a1d   Thumb Code    14  usb_bsp.o(i.USB_OTG_BSP_mDelay)
    USB_OTG_BSP_uDelay                       0x08003a2b   Thumb Code    14  usb_bsp.o(i.USB_OTG_BSP_uDelay)
    USB_OTG_CoreInit                         0x08003a39   Thumb Code   306  usb_core.o(i.USB_OTG_CoreInit)
    USB_OTG_CoreInitHost                     0x08003b6b   Thumb Code   218  usb_core.o(i.USB_OTG_CoreInitHost)
    USB_OTG_DisableGlobalInt                 0x08003cb5   Thumb Code    34  usb_core.o(i.USB_OTG_DisableGlobalInt)
    USB_OTG_DriveVbus                        0x08003cd7   Thumb Code    92  usb_core.o(i.USB_OTG_DriveVbus)
    USB_OTG_EnableGlobalInt                  0x08003d67   Thumb Code    34  usb_core.o(i.USB_OTG_EnableGlobalInt)
    USB_OTG_EnableHostInt                    0x08003d89   Thumb Code   116  usb_core.o(i.USB_OTG_EnableHostInt)
    USB_OTG_FlushRxFifo                      0x08003dfd   Thumb Code    70  usb_core.o(i.USB_OTG_FlushRxFifo)
    USB_OTG_FlushTxFifo                      0x08003e49   Thumb Code    80  usb_core.o(i.USB_OTG_FlushTxFifo)
    USB_OTG_GetMode                          0x08003e9d   Thumb Code    12  usb_core.o(i.USB_OTG_GetMode)
    USB_OTG_HC_DoPing                        0x08003ea9   Thumb Code    90  usb_core.o(i.USB_OTG_HC_DoPing)
    USB_OTG_HC_Halt                          0x08003f03   Thumb Code   130  usb_core.o(i.USB_OTG_HC_Halt)
    USB_OTG_HC_Init                          0x08003f85   Thumb Code   568  usb_core.o(i.USB_OTG_HC_Init)
    USB_OTG_HC_StartXfer                     0x080041bd   Thumb Code   502  usb_core.o(i.USB_OTG_HC_StartXfer)
    USB_OTG_InitFSLSPClkSel                  0x080043b3   Thumb Code    24  usb_core.o(i.USB_OTG_InitFSLSPClkSel)
    USB_OTG_IsEvenFrame                      0x080043cb   Thumb Code    16  usb_core.o(i.USB_OTG_IsEvenFrame)
    USB_OTG_IsHostMode                       0x080043db   Thumb Code    20  usb_core.o(i.USB_OTG_IsHostMode)
    USB_OTG_ReadCoreItr                      0x080043ef   Thumb Code    16  usb_core.o(i.USB_OTG_ReadCoreItr)
    USB_OTG_ReadHPRT0                        0x080043ff   Thumb Code    48  usb_core.o(i.USB_OTG_ReadHPRT0)
    USB_OTG_ReadHostAllChannels_intr         0x0800442f   Thumb Code     8  usb_core.o(i.USB_OTG_ReadHostAllChannels_intr)
    USB_OTG_ReadPacket                       0x08004437   Thumb Code    40  usb_core.o(i.USB_OTG_ReadPacket)
    USB_OTG_ResetPort                        0x0800445f   Thumb Code    64  usb_core.o(i.USB_OTG_ResetPort)
    USB_OTG_SelectCore                       0x080044a1   Thumb Code   212  usb_core.o(i.USB_OTG_SelectCore)
    USB_OTG_SetCurrentMode                   0x08004579   Thumb Code    78  usb_core.o(i.USB_OTG_SetCurrentMode)
    USB_OTG_WritePacket                      0x08005399   Thumb Code    64  usb_core.o(i.USB_OTG_WritePacket)
    UsageFault_Handler                       0x080054bf   Thumb Code     4  stm32f4xx_it.o(i.UsageFault_Handler)
    Usart6_Init                              0x080054c5   Thumb Code   258  usart.o(i.Usart6_Init)
    __0printf$8                              0x080055d1   Thumb Code    22  printf8.o(i.__0printf$8)
    __1printf$8                              0x080055d1   Thumb Code     0  printf8.o(i.__0printf$8)
    __2printf                                0x080055d1   Thumb Code     0  printf8.o(i.__0printf$8)
    __0sprintf$8                             0x080055f1   Thumb Code    34  printf8.o(i.__0sprintf$8)
    __1sprintf$8                             0x080055f1   Thumb Code     0  printf8.o(i.__0sprintf$8)
    __2sprintf                               0x080055f1   Thumb Code     0  printf8.o(i.__0sprintf$8)
    __scatterload_copy                       0x08005619   Thumb Code    14  handlers.o(i.__scatterload_copy)
    __scatterload_null                       0x08005627   Thumb Code     2  handlers.o(i.__scatterload_null)
    __scatterload_zeroinit                   0x08005629   Thumb Code    14  handlers.o(i.__scatterload_zeroinit)
    clust2sect                               0x08005fcd   Thumb Code    26  ff.o(i.clust2sect)
    disk_initialize                          0x080068e5   Thumb Code    30  diskio.o(i.disk_initialize)
    disk_ioctl                               0x08006909   Thumb Code    72  diskio.o(i.disk_ioctl)
    disk_read                                0x08006955   Thumb Code    86  diskio.o(i.disk_read)
    disk_status                              0x080069b5   Thumb Code    16  diskio.o(i.disk_status)
    disk_write                               0x080069c5   Thumb Code    86  diskio.o(i.disk_write)
    f_close                                  0x08006a4d   Thumb Code    32  ff.o(i.f_close)
    f_lseek                                  0x08006a6d   Thumb Code   430  ff.o(i.f_lseek)
    f_mount                                  0x08006c1d   Thumb Code    48  ff.o(i.f_mount)
    f_open                                   0x08006c51   Thumb Code   416  ff.o(i.f_open)
    f_opendir                                0x08006df1   Thumb Code   120  ff.o(i.f_opendir)
    f_readdir                                0x08006e69   Thumb Code   100  ff.o(i.f_readdir)
    f_sync                                   0x08006ecd   Thumb Code   176  ff.o(i.f_sync)
    f_write                                  0x08006f7d   Thumb Code   524  ff.o(i.f_write)
    ff_convert                               0x08007189   Thumb Code   116  cc936.o(i.ff_convert)
    ff_wtoupper                              0x08007205   Thumb Code    46  cc936.o(i.ff_wtoupper)
    fputc                                    0x08007351   Thumb Code    40  usart.o(i.fputc)
    gen_numname                              0x08007381   Thumb Code   190  ff.o(i.gen_numname)
    get_fat                                  0x0800743f   Thumb Code   228  ff.o(i.get_fat)
    get_fattime                              0x08007525   Thumb Code     4  diskio.o(i.get_fattime)
    main                                     0x08007775   Thumb Code    44  main.o(i.main)
    put_fat                                  0x080078a9   Thumb Code   310  ff.o(i.put_fat)
    MSG_HOST_INIT                            0x0803289c   Data          29  usbh_usr.o(.constdata)
    MSG_DEV_ATTACHED                         0x080328b9   Data          21  usbh_usr.o(.constdata)
    MSG_DEV_DISCONNECTED                     0x080328ce   Data          24  usbh_usr.o(.constdata)
    MSG_DEV_ENUMERATED                       0x080328e6   Data          27  usbh_usr.o(.constdata)
    MSG_DEV_HIGHSPEED                        0x08032901   Data          31  usbh_usr.o(.constdata)
    MSG_DEV_FULLSPEED                        0x08032920   Data          31  usbh_usr.o(.constdata)
    MSG_DEV_LOWSPEED                         0x0803293f   Data          30  usbh_usr.o(.constdata)
    MSG_DEV_ERROR                            0x0803295d   Data          18  usbh_usr.o(.constdata)
    MSG_MSC_CLASS                            0x0803296f   Data          34  usbh_usr.o(.constdata)
    MSG_HID_CLASS                            0x08032991   Data          25  usbh_usr.o(.constdata)
    MSG_DISK_SIZE                            0x080329aa   Data          33  usbh_usr.o(.constdata)
    MSG_LUN                                  0x080329cb   Data          33  usbh_usr.o(.constdata)
    MSG_ROOT_CONT                            0x080329ec   Data          29  usbh_usr.o(.constdata)
    MSG_WR_PROTECT                           0x08032a09   Data          32  usbh_usr.o(.constdata)
    MSG_UNREC_ERROR                          0x08032a29   Data          28  usbh_usr.o(.constdata)
    __ctype_categories                       0x08032a45   Data          64  ctype_c.o(.constdata)
    Region$$Table$$Base                      0x08032a88   Number         0  anon$$obj.o(Region$$Table)
    Region$$Table$$Limit                     0x08032aa8   Number         0  anon$$obj.o(Region$$Table)
    crc_value                                0x20000004   Data           2  demo_fatfs.o(.data)
    value                                    0x20000006   Data           2  demo_fatfs.o(.data)
    ptr                                      0x20000008   Data           4  demo_fatfs.o(.data)
    g_iRunTime                               0x20000018   Data           4  bsp_timer.o(.data)
    MSC_Setup                                0x20000044   Data           8  usbh_msc_core.o(.data)
    MSCErrorCount                            0x2000004c   Data           1  usbh_msc_core.o(.data)
    USBH_MSC_cb                              0x20000050   Data          16  usbh_msc_core.o(.data)
    USBH_HCD_INT_cb                          0x20000064   Data          12  usbh_core.o(.data)
    USBH_HCD_INT_fops                        0x20000070   Data           4  usbh_core.o(.data)
    USR_cb                                   0x2000007c   Data          72  usbh_usr.o(.data)
    HSEStartUpStatus                         0x200000c8   Data           1  usb_bsp.o(.data)
    BSP_delay                                0x200000cc   Data           4  usb_bsp.o(.data)
    rx_flag                                  0x200000d0   Data           1  usart.o(.data)
    ch_num                                   0x200000d2   Data           2  usart.o(.data)
    num                                      0x200000d4   Data           2  usart.o(.data)
    __stdout                                 0x200000d8   Data           4  stdout.o(.data)
    g_TestBuf                                0x200000dc   Data        4096  demo_fatfs.o(.bss)
    USBH_MSC_CBWData                         0x20001974   Data          32  usbh_msc_bot.o(.bss)
    USBH_MSC_CSWData                         0x20001994   Data          16  usbh_msc_bot.o(.bss)
    USBH_MSC_BOTXferParam                    0x200019a4   Data          16  usbh_msc_bot.o(.bss)
    MSC_Machine                              0x200019b4   Data         522  usbh_msc_core.o(.bss)
    USBH_MSC_Param                           0x20001bc0   Data          16  usbh_msc_scsi.o(.bss)
    USBH_DataInBuffer                        0x20001bd0   Data         512  usbh_msc_scsi.o(.bss)
    USBH_DataOutBuffer                       0x20001dd0   Data         512  usbh_msc_scsi.o(.bss)
    USBH_CfgDesc                             0x20001fd0   Data         512  usbh_stdreq.o(.bss)
    USB_OTG_Core                             0x200021d0   Data        1452  usbh_usr.o(.bss)
    USB_Host                                 0x2000277c   Data         132  usbh_usr.o(.bss)
    RX_Buffer                                0x20002800   Data         255  dma.o(.bss)
    TX_Buffer                                0x200028ff   Data         255  dma.o(.bss)
    __initial_sp                             0x20008a00   Data           0  startup_stm32f4xx.o(STACK)



==============================================================================

Memory Map of the image

  Image Entry point : 0x08000189

  Load Region LR_IROM1 (Base: 0x08000000, Size: 0x00032b84, Max: 0x00080000, ABSOLUTE)

    Execution Region ER_IROM1 (Base: 0x08000000, Size: 0x00032aa8, Max: 0x00080000, ABSOLUTE)

    Base Addr    Size         Type   Attr      Idx    E Section Name        Object

    0x08000000   0x00000188   Data   RO          598    RESET               startup_stm32f4xx.o
    0x08000188   0x00000000   Code   RO         3485  * .ARM.Collect$$$$00000000  mc_w.l(entry.o)
    0x08000188   0x00000004   Code   RO         3761    .ARM.Collect$$$$00000001  mc_w.l(entry2.o)
    0x0800018c   0x00000004   Code   RO         3764    .ARM.Collect$$$$00000004  mc_w.l(entry5.o)
    0x08000190   0x00000000   Code   RO         3766    .ARM.Collect$$$$00000008  mc_w.l(entry7b.o)
    0x08000190   0x00000000   Code   RO         3768    .ARM.Collect$$$$0000000A  mc_w.l(entry8b.o)
    0x08000190   0x00000008   Code   RO         3769    .ARM.Collect$$$$0000000B  mc_w.l(entry9a.o)
    0x08000198   0x00000000   Code   RO         3771    .ARM.Collect$$$$0000000D  mc_w.l(entry10a.o)
    0x08000198   0x00000000   Code   RO         3773    .ARM.Collect$$$$0000000F  mc_w.l(entry11a.o)
    0x08000198   0x00000004   Code   RO         3762    .ARM.Collect$$$$00002712  mc_w.l(entry2.o)
    0x0800019c   0x00000024   Code   RO          599    .text               startup_stm32f4xx.o
    0x080001c0   0x00000024   Code   RO         3488    .text               mc_w.l(memcpya.o)
    0x080001e4   0x0000001c   Code   RO         3490    .text               mc_w.l(strcmp.o)
    0x08000200   0x00000020   Code   RO         3492    .text               mc_w.l(strrchr.o)
    0x08000220   0x00000038   Code   RO         3757    .text               mc_w.l(__0sscanf.o)
    0x08000258   0x0000014c   Code   RO         3759    .text               mc_w.l(_scanf_int.o)
    0x080003a4   0x00000062   Code   RO         3778    .text               mc_w.l(uldiv.o)
    0x08000406   0x0000001c   Code   RO         3780    .text               mc_w.l(_chval.o)
    0x08000422   0x00000002   PAD
    0x08000424   0x00000028   Code   RO         3782    .text               mc_w.l(scanf_char.o)
    0x0800044c   0x00000040   Code   RO         3784    .text               mc_w.l(_sgetc.o)
    0x0800048c   0x00000024   Code   RO         3797    .text               mc_w.l(init.o)
    0x080004b0   0x0000001e   Code   RO         3799    .text               mc_w.l(llshl.o)
    0x080004ce   0x00000020   Code   RO         3801    .text               mc_w.l(llushr.o)
    0x080004ee   0x0000000a   Code   RO         3805    .text               mc_w.l(isspace_c.o)
    0x080004f8   0x0000032c   Code   RO         3807    .text               mc_w.l(_scanf.o)
    0x08000824   0x00000028   Code   RO         3811    .text               mc_w.l(ctype_c.o)
    0x0800084c   0x0000002c   Code   RO         3256    i.BSP_Delay         usb_bsp.o
    0x08000878   0x0000006a   Code   RO         3257    i.BSP_SetTime       usb_bsp.o
    0x080008e2   0x00000004   Code   RO          510    i.BusFault_Handler  stm32f4xx_it.o
    0x080008e6   0x00000054   Code   RO         3349    i.CRC16_MODBUS      crc.o
    0x0800093a   0x00000002   PAD
    0x0800093c   0x000001c8   Code   RO          165    i.CreateNewFile     demo_fatfs.o
    0x08000b04   0x00000034   Code   RO         1802    i.DMA_ClearFlag     stm32f4xx_dma.o
    0x08000b38   0x00000016   Code   RO         1804    i.DMA_Cmd           stm32f4xx_dma.o
    0x08000b4e   0x00000002   PAD
    0x08000b50   0x00000158   Code   RO         1805    i.DMA_DeInit        stm32f4xx_dma.o
    0x08000ca8   0x00000014   Code   RO         1809    i.DMA_GetCmdStatus  stm32f4xx_dma.o
    0x08000cbc   0x00000008   Code   RO         1810    i.DMA_GetCurrDataCounter  stm32f4xx_dma.o
    0x08000cc4   0x00000044   Code   RO         1813    i.DMA_GetFlagStatus  stm32f4xx_dma.o
    0x08000d08   0x00000058   Code   RO         1816    i.DMA_Init          stm32f4xx_dma.o
    0x08000d60   0x00000060   Code   RO         3411    i.DMA_Send          dma.o
    0x08000dc0   0x00000004   Code   RO         1819    i.DMA_SetCurrDataCounter  stm32f4xx_dma.o
    0x08000dc4   0x00000002   Code   RO          511    i.DebugMon_Handler  stm32f4xx_it.o
    0x08000dc6   0x00000002   PAD
    0x08000dc8   0x000000f4   Code   RO          168    i.DemoFatFS         demo_fatfs.o
    0x08000ebc   0x00000090   Code   RO          967    i.GPIO_Init         stm32f4xx_gpio.o
    0x08000f4c   0x00000046   Code   RO          968    i.GPIO_PinAFConfig  stm32f4xx_gpio.o
    0x08000f92   0x0000000a   Code   RO         3049    i.HCD_GetCurrentFrame  usb_hcd.o
    0x08000f9c   0x00000014   Code   RO         3050    i.HCD_GetCurrentSpeed  usb_hcd.o
    0x08000fb0   0x0000000a   Code   RO         3052    i.HCD_GetURB_State  usb_hcd.o
    0x08000fba   0x0000000c   Code   RO         3053    i.HCD_GetXferCnt    usb_hcd.o
    0x08000fc6   0x00000060   Code   RO         3055    i.HCD_Init          usb_hcd.o
    0x08001026   0x00000008   Code   RO         3056    i.HCD_IsDeviceConnected  usb_hcd.o
    0x0800102e   0x0000000e   Code   RO         3057    i.HCD_ResetPort     usb_hcd.o
    0x0800103c   0x00000020   Code   RO         3058    i.HCD_SubmitRequest  usb_hcd.o
    0x0800105c   0x00000058   Code   RO          512    i.HardFault_Handler  stm32f4xx_it.o
    0x080010b4   0x00000026   Code   RO         3350    i.InvertUint16      crc.o
    0x080010da   0x00000026   Code   RO         3351    i.InvertUint8       crc.o
    0x08001100   0x00000004   Code   RO          513    i.MemManage_Handler  stm32f4xx_it.o
    0x08001104   0x00000002   Code   RO          514    i.NMI_Handler       stm32f4xx_it.o
    0x08001106   0x00000002   PAD
    0x08001108   0x00000078   Code   RO          926    i.NVIC_Init         misc.o
    0x08001180   0x00000014   Code   RO          927    i.NVIC_PriorityGroupConfig  misc.o
    0x08001194   0x00000014   Code   RO          928    i.NVIC_SetVectorTable  misc.o
    0x080011a8   0x00000010   Code   RO         3326    i.OTG_HS_IRQHandler  usbh_it.o
    0x080011b8   0x00000002   Code   RO          515    i.PendSV_Handler    stm32f4xx_it.o
    0x080011ba   0x00000002   PAD
    0x080011bc   0x00000020   Code   RO          604    i.RCC_AHB1PeriphClockCmd  stm32f4xx_rcc.o
    0x080011dc   0x00000020   Code   RO          613    i.RCC_APB1PeriphClockCmd  stm32f4xx_rcc.o
    0x080011fc   0x00000020   Code   RO          615    i.RCC_APB1PeriphResetCmd  stm32f4xx_rcc.o
    0x0800121c   0x00000020   Code   RO          616    i.RCC_APB2PeriphClockCmd  stm32f4xx_rcc.o
    0x0800123c   0x00000020   Code   RO          618    i.RCC_APB2PeriphResetCmd  stm32f4xx_rcc.o
    0x0800125c   0x000000e8   Code   RO          625    i.RCC_GetClocksFreq  stm32f4xx_rcc.o
    0x08001344   0x000000e0   Code   RO          171    i.ReadFileNumber    demo_fatfs.o
    0x08001424   0x00000002   Code   RO          516    i.SVC_Handler       stm32f4xx_it.o
    0x08001426   0x00000002   PAD
    0x08001428   0x000000ec   Code   RO         1926    i.SetSysClock       system_stm32f4xx.o
    0x08001514   0x00000008   Code   RO          305    i.SysTick_Handler   bsp_timer.o
    0x0800151c   0x0000007c   Code   RO          306    i.SysTick_ISR       bsp_timer.o
    0x08001598   0x00000068   Code   RO         1928    i.SystemInit        system_stm32f4xx.o
    0x08001600   0x00000008   Code   RO         3327    i.TIM2_IRQHandler   usbh_it.o
    0x08001608   0x00000018   Code   RO         1248    i.TIM_ARRPreloadConfig  stm32f4xx_tim.o
    0x08001620   0x00000006   Code   RO         1255    i.TIM_ClearITPendingBit  stm32f4xx_tim.o
    0x08001626   0x00000018   Code   RO         1260    i.TIM_Cmd           stm32f4xx_tim.o
    0x0800163e   0x00000022   Code   RO         1281    i.TIM_GetITStatus   stm32f4xx_tim.o
    0x08001660   0x00000012   Code   RO         1285    i.TIM_ITConfig      stm32f4xx_tim.o
    0x08001672   0x00000002   PAD
    0x08001674   0x00000084   Code   RO         1332    i.TIM_TimeBaseInit  stm32f4xx_tim.o
    0x080016f8   0x00000010   Code   RO          406    i.USART1_IRQHandler  bsp_uart_fifo.o
    0x08001708   0x0000007c   Code   RO         3412    i.USART6_DMA_Rx_Init  dma.o
    0x08001784   0x0000007c   Code   RO         3413    i.USART6_DMA_Tx_Init  dma.o
    0x08001800   0x000000ac   Code   RO         3455    i.USART6_IRQHandler  usart.o
    0x080018ac   0x00000012   Code   RO         1060    i.USART_ClearFlag   stm32f4xx_usart.o
    0x080018be   0x0000001e   Code   RO         1061    i.USART_ClearITPendingBit  stm32f4xx_usart.o
    0x080018dc   0x00000018   Code   RO         1064    i.USART_Cmd         stm32f4xx_usart.o
    0x080018f4   0x00000012   Code   RO         1065    i.USART_DMACmd      stm32f4xx_usart.o
    0x08001906   0x00000002   PAD
    0x08001908   0x000000b4   Code   RO         1066    i.USART_DeInit      stm32f4xx_usart.o
    0x080019bc   0x0000001a   Code   RO         1067    i.USART_GetFlagStatus  stm32f4xx_usart.o
    0x080019d6   0x00000054   Code   RO         1068    i.USART_GetITStatus  stm32f4xx_usart.o
    0x08001a2a   0x0000004a   Code   RO         1070    i.USART_ITConfig    stm32f4xx_usart.o
    0x08001a74   0x000000d4   Code   RO         1071    i.USART_Init        stm32f4xx_usart.o
    0x08001b48   0x0000000a   Code   RO         1078    i.USART_ReceiveData  stm32f4xx_usart.o
    0x08001b52   0x00000008   Code   RO         1081    i.USART_SendData    stm32f4xx_usart.o
    0x08001b5a   0x00000026   Code   RO         2585    i.USBH_Alloc_Channel  usbh_hcs.o
    0x08001b80   0x00000060   Code   RO         2630    i.USBH_BulkReceiveData  usbh_ioreq.o
    0x08001be0   0x0000005e   Code   RO         2631    i.USBH_BulkSendData  usbh_ioreq.o
    0x08001c3e   0x0000004c   Code   RO         2705    i.USBH_ClrFeature   usbh_stdreq.o
    0x08001c8a   0x0000000c   Code   RO         2516    i.USBH_Connected    usbh_core.o
    0x08001c96   0x00000046   Code   RO         2632    i.USBH_CtlReceiveData  usbh_ioreq.o
    0x08001cdc   0x00000064   Code   RO         2633    i.USBH_CtlReq       usbh_ioreq.o
    0x08001d40   0x0000006e   Code   RO         2634    i.USBH_CtlSendData  usbh_ioreq.o
    0x08001dae   0x00000042   Code   RO         2635    i.USBH_CtlSendSetup  usbh_ioreq.o
    0x08001df0   0x0000001c   Code   RO         2586    i.USBH_DeAllocate_AllChannel  usbh_hcs.o
    0x08001e0c   0x0000003a   Code   RO         2517    i.USBH_DeInit       usbh_core.o
    0x08001e46   0x0000000c   Code   RO         2518    i.USBH_Disconnected  usbh_core.o
    0x08001e52   0x0000002e   Code   RO         2519    i.USBH_ErrorHandle  usbh_core.o
    0x08001e80   0x0000001e   Code   RO         2587    i.USBH_Free_Channel  usbh_hcs.o
    0x08001e9e   0x00000044   Code   RO         2706    i.USBH_GetDescriptor  usbh_stdreq.o
    0x08001ee2   0x00000028   Code   RO         2588    i.USBH_GetFreeChannel  usbh_hcs.o
    0x08001f0a   0x00000012   Code   RO         2707    i.USBH_GetNextDesc  usbh_stdreq.o
    0x08001f1c   0x0000005c   Code   RO         2708    i.USBH_Get_CfgDesc  usbh_stdreq.o
    0x08001f78   0x00000038   Code   RO         2709    i.USBH_Get_DevDesc  usbh_stdreq.o
    0x08001fb0   0x0000003c   Code   RO         2710    i.USBH_Get_StringDesc  usbh_stdreq.o
    0x08001fec   0x00000224   Code   RO         2520    i.USBH_HandleControl  usbh_core.o
    0x08002210   0x000001dc   Code   RO         2521    i.USBH_HandleEnum   usbh_core.o
    0x080023ec   0x00000044   Code   RO         2522    i.USBH_Init         usbh_core.o
    0x08002430   0x00000024   Code   RO         2410    i.USBH_MSC_BOTReset  usbh_msc_core.o
    0x08002454   0x00000060   Code   RO         2359    i.USBH_MSC_BOT_Abort  usbh_msc_bot.o
    0x080024b4   0x00000014   Code   RO         2411    i.USBH_MSC_ClassRequest  usbh_msc_core.o
    0x080024c8   0x00000080   Code   RO         2360    i.USBH_MSC_DecodeCSW  usbh_msc_bot.o
    0x08002548   0x00000044   Code   RO         2412    i.USBH_MSC_ErrorHandle  usbh_msc_core.o
    0x0800258c   0x0000002c   Code   RO         2413    i.USBH_MSC_GETMaxLUN  usbh_msc_core.o
    0x080025b8   0x000001a8   Code   RO         2414    i.USBH_MSC_Handle   usbh_msc_core.o
    0x08002760   0x00000350   Code   RO         2361    i.USBH_MSC_HandleBOTXfer  usbh_msc_bot.o
    0x08002ab0   0x00000044   Code   RO         2362    i.USBH_MSC_Init     usbh_msc_bot.o
    0x08002af4   0x0000004c   Code   RO         2415    i.USBH_MSC_InterfaceDeInit  usbh_msc_core.o
    0x08002b40   0x000000d0   Code   RO         2416    i.USBH_MSC_InterfaceInit  usbh_msc_core.o
    0x08002c10   0x000000d0   Code   RO         2463    i.USBH_MSC_ModeSense6  usbh_msc_scsi.o
    0x08002ce0   0x00000100   Code   RO         2464    i.USBH_MSC_Read10   usbh_msc_scsi.o
    0x08002de0   0x000000dc   Code   RO         2465    i.USBH_MSC_ReadCapacity10  usbh_msc_scsi.o
    0x08002ebc   0x000000e0   Code   RO         2466    i.USBH_MSC_RequestSense  usbh_msc_scsi.o
    0x08002f9c   0x000000b0   Code   RO         2467    i.USBH_MSC_TestUnitReady  usbh_msc_scsi.o
    0x0800304c   0x000000e4   Code   RO         2468    i.USBH_MSC_Write10  usbh_msc_scsi.o
    0x08003130   0x00000064   Code   RO         2589    i.USBH_Modify_Channel  usbh_hcs.o
    0x08003194   0x000000a8   Code   RO         2801    i.USBH_OTG_ISR_Handler  usb_hcd_int.o
    0x0800323c   0x0000009a   Code   RO         2590    i.USBH_Open_Channel  usbh_hcs.o
    0x080032d6   0x00000002   PAD
    0x080032d8   0x0000011c   Code   RO         2711    i.USBH_ParseCfgDesc  usbh_stdreq.o
    0x080033f4   0x00000058   Code   RO         2712    i.USBH_ParseDevDesc  usbh_stdreq.o
    0x0800344c   0x00000020   Code   RO         2713    i.USBH_ParseEPDesc  usbh_stdreq.o
    0x0800346c   0x00000026   Code   RO         2714    i.USBH_ParseInterfaceDesc  usbh_stdreq.o
    0x08003492   0x00000036   Code   RO         2715    i.USBH_ParseStringDesc  usbh_stdreq.o
    0x080034c8   0x00000198   Code   RO         2523    i.USBH_Process      usbh_core.o
    0x08003660   0x00000006   Code   RO         2524    i.USBH_SOF          usbh_core.o
    0x08003666   0x00000026   Code   RO         2716    i.USBH_SetAddress   usbh_stdreq.o
    0x0800368c   0x00000026   Code   RO         2717    i.USBH_SetCfg       usbh_stdreq.o
    0x080036b2   0x00000018   Code   RO         2640    i.USBH_SubmitSetupRequest  usbh_ioreq.o
    0x080036ca   0x00000002   PAD
    0x080036cc   0x00000034   Code   RO         3119    i.USBH_USR_Configuration_DescAvailable  usbh_usr.o
    0x08003700   0x00000002   Code   RO         3120    i.USBH_USR_DeInit   usbh_usr.o
    0x08003702   0x00000002   Code   RO         3121    i.USBH_USR_DeviceAddressAssigned  usbh_usr.o
    0x08003704   0x00000010   Code   RO         3122    i.USBH_USR_DeviceAttached  usbh_usr.o
    0x08003714   0x00000010   Code   RO         3123    i.USBH_USR_DeviceDisconnected  usbh_usr.o
    0x08003724   0x00000028   Code   RO         3124    i.USBH_USR_DeviceNotSupported  usbh_usr.o
    0x0800374c   0x00000040   Code   RO         3125    i.USBH_USR_DeviceSpeedDetected  usbh_usr.o
    0x0800378c   0x00000038   Code   RO         3126    i.USBH_USR_Device_DescAvailable  usbh_usr.o
    0x080037c4   0x00000010   Code   RO         3127    i.USBH_USR_EnumerationDone  usbh_usr.o
    0x080037d4   0x00000080   Code   RO         3128    i.USBH_USR_Init     usbh_usr.o
    0x08003854   0x00000004   Code   RO         3129    i.USBH_USR_MSC_Application  usbh_usr.o
    0x08003858   0x00000028   Code   RO         3130    i.USBH_USR_Manufacturer_String  usbh_usr.o
    0x08003880   0x00000028   Code   RO         3131    i.USBH_USR_OverCurrentDetected  usbh_usr.o
    0x080038a8   0x00000024   Code   RO         3132    i.USBH_USR_Product_String  usbh_usr.o
    0x080038cc   0x00000028   Code   RO         3133    i.USBH_USR_ResetDevice  usbh_usr.o
    0x080038f4   0x00000028   Code   RO         3134    i.USBH_USR_SerialNum_String  usbh_usr.o
    0x0800391c   0x00000010   Code   RO         3135    i.USBH_USR_UnrecoveredError  usbh_usr.o
    0x0800392c   0x00000004   Code   RO         3136    i.USBH_USR_UserInput  usbh_usr.o
    0x08003930   0x00000002   Code   RO         3258    i.USB_OTG_BSP_ConfigVBUS  usb_bsp.o
    0x08003932   0x00000002   Code   RO         3259    i.USB_OTG_BSP_DriveVBUS  usb_bsp.o
    0x08003934   0x0000002c   Code   RO         3260    i.USB_OTG_BSP_EnableInterrupt  usb_bsp.o
    0x08003960   0x0000004c   Code   RO         3261    i.USB_OTG_BSP_Init  usb_bsp.o
    0x080039ac   0x00000038   Code   RO         3262    i.USB_OTG_BSP_TimeInit  usb_bsp.o
    0x080039e4   0x00000038   Code   RO         3263    i.USB_OTG_BSP_TimerIRQ  usb_bsp.o
    0x08003a1c   0x0000000e   Code   RO         3264    i.USB_OTG_BSP_mDelay  usb_bsp.o
    0x08003a2a   0x0000000e   Code   RO         3265    i.USB_OTG_BSP_uDelay  usb_bsp.o
    0x08003a38   0x00000132   Code   RO         2867    i.USB_OTG_CoreInit  usb_core.o
    0x08003b6a   0x000000da   Code   RO         2868    i.USB_OTG_CoreInitHost  usb_core.o
    0x08003c44   0x00000070   Code   RO         2869    i.USB_OTG_CoreReset  usb_core.o
    0x08003cb4   0x00000022   Code   RO         2870    i.USB_OTG_DisableGlobalInt  usb_core.o
    0x08003cd6   0x0000005c   Code   RO         2871    i.USB_OTG_DriveVbus  usb_core.o
    0x08003d32   0x00000034   Code   RO         2872    i.USB_OTG_EnableCommonInt  usb_core.o
    0x08003d66   0x00000022   Code   RO         2873    i.USB_OTG_EnableGlobalInt  usb_core.o
    0x08003d88   0x00000074   Code   RO         2874    i.USB_OTG_EnableHostInt  usb_core.o
    0x08003dfc   0x0000004c   Code   RO         2875    i.USB_OTG_FlushRxFifo  usb_core.o
    0x08003e48   0x00000054   Code   RO         2876    i.USB_OTG_FlushTxFifo  usb_core.o
    0x08003e9c   0x0000000c   Code   RO         2877    i.USB_OTG_GetMode   usb_core.o
    0x08003ea8   0x0000005a   Code   RO         2878    i.USB_OTG_HC_DoPing  usb_core.o
    0x08003f02   0x00000082   Code   RO         2879    i.USB_OTG_HC_Halt   usb_core.o
    0x08003f84   0x00000238   Code   RO         2880    i.USB_OTG_HC_Init   usb_core.o
    0x080041bc   0x000001f6   Code   RO         2881    i.USB_OTG_HC_StartXfer  usb_core.o
    0x080043b2   0x00000018   Code   RO         2882    i.USB_OTG_InitFSLSPClkSel  usb_core.o
    0x080043ca   0x00000010   Code   RO         2884    i.USB_OTG_IsEvenFrame  usb_core.o
    0x080043da   0x00000014   Code   RO         2885    i.USB_OTG_IsHostMode  usb_core.o
    0x080043ee   0x00000010   Code   RO         2886    i.USB_OTG_ReadCoreItr  usb_core.o
    0x080043fe   0x00000030   Code   RO         2887    i.USB_OTG_ReadHPRT0  usb_core.o
    0x0800442e   0x00000008   Code   RO         2888    i.USB_OTG_ReadHostAllChannels_intr  usb_core.o
    0x08004436   0x00000028   Code   RO         2890    i.USB_OTG_ReadPacket  usb_core.o
    0x0800445e   0x00000040   Code   RO         2891    i.USB_OTG_ResetPort  usb_core.o
    0x0800449e   0x00000002   PAD
    0x080044a0   0x000000d8   Code   RO         2892    i.USB_OTG_SelectCore  usb_core.o
    0x08004578   0x0000004e   Code   RO         2893    i.USB_OTG_SetCurrentMode  usb_core.o
    0x080045c6   0x00000002   PAD
    0x080045c8   0x0000002c   Code   RO         2802    i.USB_OTG_USBH_handle_Disconnect_ISR  usb_hcd_int.o
    0x080045f4   0x00000046   Code   RO         2803    i.USB_OTG_USBH_handle_IncompletePeriodicXfer_ISR  usb_hcd_int.o
    0x0800463a   0x00000056   Code   RO         2804    i.USB_OTG_USBH_handle_hc_ISR  usb_hcd_int.o
    0x08004690   0x0000042a   Code   RO         2805    i.USB_OTG_USBH_handle_hc_n_In_ISR  usb_hcd_int.o
    0x08004aba   0x000003d0   Code   RO         2806    i.USB_OTG_USBH_handle_hc_n_Out_ISR  usb_hcd_int.o
    0x08004e8a   0x0000012e   Code   RO         2807    i.USB_OTG_USBH_handle_nptxfempty_ISR  usb_hcd_int.o
    0x08004fb8   0x00000120   Code   RO         2808    i.USB_OTG_USBH_handle_port_ISR  usb_hcd_int.o
    0x080050d8   0x0000012e   Code   RO         2809    i.USB_OTG_USBH_handle_ptxfempty_ISR  usb_hcd_int.o
    0x08005206   0x00000164   Code   RO         2810    i.USB_OTG_USBH_handle_rx_qlvl_ISR  usb_hcd_int.o
    0x0800536a   0x00000002   PAD
    0x0800536c   0x0000002c   Code   RO         2811    i.USB_OTG_USBH_handle_sof_ISR  usb_hcd_int.o
    0x08005398   0x00000040   Code   RO         2895    i.USB_OTG_WritePacket  usb_core.o
    0x080053d8   0x000000e6   Code   RO          410    i.UartIRQ           bsp_uart_fifo.o
    0x080054be   0x00000004   Code   RO          517    i.UsageFault_Handler  stm32f4xx_it.o
    0x080054c2   0x00000002   PAD
    0x080054c4   0x0000010c   Code   RO         3456    i.Usart6_Init       usart.o
    0x080055d0   0x00000020   Code   RO         3703    i.__0printf$8       mc_w.l(printf8.o)
    0x080055f0   0x00000028   Code   RO         3705    i.__0sprintf$8      mc_w.l(printf8.o)
    0x08005618   0x0000000e   Code   RO         3816    i.__scatterload_copy  mc_w.l(handlers.o)
    0x08005626   0x00000002   Code   RO         3817    i.__scatterload_null  mc_w.l(handlers.o)
    0x08005628   0x0000000e   Code   RO         3818    i.__scatterload_zeroinit  mc_w.l(handlers.o)
    0x08005636   0x00000002   PAD
    0x08005638   0x00000410   Code   RO         3710    i._printf_core      mc_w.l(printf8.o)
    0x08005a48   0x00000024   Code   RO         3711    i._printf_post_padding  mc_w.l(printf8.o)
    0x08005a6c   0x0000002e   Code   RO         3712    i._printf_pre_padding  mc_w.l(printf8.o)
    0x08005a9a   0x0000000a   Code   RO         3714    i._sputc            mc_w.l(printf8.o)
    0x08005aa4   0x0000001c   Code   RO          313    i.bsp_SoftTimerDec  bsp_timer.o
    0x08005ac0   0x00000090   Code   RO         1958    i.check_fs          ff.o
    0x08005b50   0x00000018   Code   RO         1959    i.chk_chr           ff.o
    0x08005b68   0x0000008c   Code   RO         1960    i.chk_lock          ff.o
    0x08005bf4   0x000003a8   Code   RO         1961    i.chk_mounted       ff.o
    0x08005f9c   0x00000030   Code   RO         1962    i.clear_lock        ff.o
    0x08005fcc   0x0000001a   Code   RO         1963    i.clust2sect        ff.o
    0x08005fe6   0x00000002   PAD
    0x08005fe8   0x00000090   Code   RO         1964    i.cmp_lfn           ff.o
    0x08006078   0x000000ca   Code   RO         1965    i.create_chain      ff.o
    0x08006142   0x00000002   PAD
    0x08006144   0x00000274   Code   RO         1966    i.create_name       ff.o
    0x080063b8   0x0000004c   Code   RO         1967    i.dec_lock          ff.o
    0x08006404   0x00000056   Code   RO         1968    i.dir_alloc         ff.o
    0x0800645a   0x000000de   Code   RO         1969    i.dir_find          ff.o
    0x08006538   0x00000114   Code   RO         1970    i.dir_next          ff.o
    0x0800664c   0x000000c4   Code   RO         1971    i.dir_read          ff.o
    0x08006710   0x00000136   Code   RO         1972    i.dir_register      ff.o
    0x08006846   0x0000009c   Code   RO         1974    i.dir_sdi           ff.o
    0x080068e2   0x00000002   PAD
    0x080068e4   0x00000024   Code   RO         2272    i.disk_initialize   diskio.o
    0x08006908   0x0000004c   Code   RO         2273    i.disk_ioctl        diskio.o
    0x08006954   0x00000060   Code   RO         2274    i.disk_read         diskio.o
    0x080069b4   0x00000010   Code   RO         2275    i.disk_status       diskio.o
    0x080069c4   0x00000060   Code   RO         2276    i.disk_write        diskio.o
    0x08006a24   0x00000028   Code   RO         1975    i.enq_lock          ff.o
    0x08006a4c   0x00000020   Code   RO         1977    i.f_close           ff.o
    0x08006a6c   0x000001ae   Code   RO         1979    i.f_lseek           ff.o
    0x08006c1a   0x00000002   PAD
    0x08006c1c   0x00000034   Code   RO         1981    i.f_mount           ff.o
    0x08006c50   0x000001a0   Code   RO         1982    i.f_open            ff.o
    0x08006df0   0x00000078   Code   RO         1983    i.f_opendir         ff.o
    0x08006e68   0x00000064   Code   RO         1985    i.f_readdir         ff.o
    0x08006ecc   0x000000b0   Code   RO         1988    i.f_sync            ff.o
    0x08006f7c   0x0000020c   Code   RO         1992    i.f_write           ff.o
    0x08007188   0x0000007c   Code   RO         2326    i.ff_convert        cc936.o
    0x08007204   0x00000038   Code   RO         2327    i.ff_wtoupper       cc936.o
    0x0800723c   0x00000080   Code   RO         1993    i.fit_lfn           ff.o
    0x080072bc   0x00000094   Code   RO         1994    i.follow_path       ff.o
    0x08007350   0x00000030   Code   RO         3457    i.fputc             usart.o
    0x08007380   0x000000be   Code   RO         1995    i.gen_numname       ff.o
    0x0800743e   0x000000e4   Code   RO         1996    i.get_fat           ff.o
    0x08007522   0x00000002   PAD
    0x08007524   0x00000008   Code   RO         2277    i.get_fattime       diskio.o
    0x0800752c   0x0000014c   Code   RO         1997    i.get_fileinfo      ff.o
    0x08007678   0x000000dc   Code   RO         1998    i.inc_lock          ff.o
    0x08007754   0x00000020   Code   RO         1999    i.ld_clust          ff.o
    0x08007774   0x00000038   Code   RO            2    i.main              main.o
    0x080077ac   0x00000026   Code   RO         2000    i.mem_cmp           ff.o
    0x080077d2   0x0000001a   Code   RO         2001    i.mem_cpy           ff.o
    0x080077ec   0x00000014   Code   RO         2002    i.mem_set           ff.o
    0x08007800   0x00000032   Code   RO         2003    i.move_window       ff.o
    0x08007832   0x00000002   PAD
    0x08007834   0x00000074   Code   RO         2004    i.pick_lfn          ff.o
    0x080078a8   0x00000136   Code   RO         2005    i.put_fat           ff.o
    0x080079de   0x00000068   Code   RO         2006    i.remove_chain      ff.o
    0x08007a46   0x00000010   Code   RO         2007    i.st_clust          ff.o
    0x08007a56   0x00000020   Code   RO         2008    i.sum_sfn           ff.o
    0x08007a76   0x000000c8   Code   RO         2009    i.sync_fs           ff.o
    0x08007b3e   0x00000052   Code   RO         2010    i.sync_window       ff.o
    0x08007b90   0x00000036   Code   RO         2011    i.validate          ff.o
    0x08007bc6   0x0000000d   Data   RO         2013    .constdata          ff.o
    0x08007bd3   0x00000001   PAD
    0x08007bd4   0x0002acc8   Data   RO         2328    .constdata          cc936.o
    0x0803289c   0x000001a9   Data   RO         3138    .constdata          usbh_usr.o
    0x08032a45   0x00000040   Data   RO         3812    .constdata          mc_w.l(ctype_c.o)
    0x08032a85   0x00000003   PAD
    0x08032a88   0x00000020   Data   RO         3814    Region$$Table       anon$$obj.o


    Execution Region RW_IRAM1 (Base: 0x20000000, Size: 0x00008a00, Max: 0x00020000, ABSOLUTE)

    Base Addr    Size         Type   Attr      Idx    E Section Name        Object

    0x20000000   0x0000000e   Data   RW          175    .data               demo_fatfs.o
    0x2000000e   0x00000002   PAD
    0x20000010   0x0000000d   Data   RW          319    .data               bsp_timer.o
    0x2000001d   0x00000010   Data   RW          648    .data               stm32f4xx_rcc.o
    0x2000002d   0x00000001   PAD
    0x2000002e   0x00000002   Data   RW         2014    .data               ff.o
    0x20000030   0x00000011   Data   RW         2364    .data               usbh_msc_bot.o
    0x20000041   0x00000003   PAD
    0x20000044   0x0000001d   Data   RW         2418    .data               usbh_msc_core.o
    0x20000061   0x00000001   Data   RW         2470    .data               usbh_msc_scsi.o
    0x20000062   0x00000002   PAD
    0x20000064   0x00000012   Data   RW         2525    .data               usbh_core.o
    0x20000076   0x00000003   Data   RW         2720    .data               usbh_stdreq.o
    0x20000079   0x00000003   PAD
    0x2000007c   0x00000049   Data   RW         3139    .data               usbh_usr.o
    0x200000c5   0x00000003   PAD
    0x200000c8   0x00000008   Data   RW         3266    .data               usb_bsp.o
    0x200000d0   0x00000006   Data   RW         3458    .data               usart.o
    0x200000d6   0x00000002   PAD
    0x200000d8   0x00000004   Data   RW         3775    .data               mc_w.l(stdout.o)
    0x200000dc   0x0000100f   Zero   RW          174    .bss                demo_fatfs.o
    0x200010eb   0x00000001   PAD
    0x200010ec   0x00000030   Zero   RW          317    .bss                bsp_timer.o
    0x2000111c   0x00000828   Zero   RW          420    .bss                bsp_uart_fifo.o
    0x20001944   0x00000030   Zero   RW         2012    .bss                ff.o
    0x20001974   0x00000040   Zero   RW         2363    .bss                usbh_msc_bot.o
    0x200019b4   0x0000020a   Zero   RW         2417    .bss                usbh_msc_core.o
    0x20001bbe   0x00000002   PAD
    0x20001bc0   0x00000410   Zero   RW         2469    .bss                usbh_msc_scsi.o
    0x20001fd0   0x00000200   Zero   RW         2719    .bss                usbh_stdreq.o
    0x200021d0   0x00000630   Zero   RW         3137    .bss                usbh_usr.o
    0x20002800   0x000001fe   Zero   RW         3414    .bss                dma.o
    0x200029fe   0x00000002   PAD
    0x20002a00   0x00006000   Zero   RW          596    STACK               startup_stm32f4xx.o


==============================================================================

Image component sizes


      Code (inc. data)   RO Data    RW Data    ZI Data      Debug   Object Name

       160         22          0         13         48       4161   bsp_timer.o
       246          6          0          0       2088       1988   bsp_uart_fifo.o
       180         18     175304          0          0       2947   cc936.o
       160          0          0          0          0       2455   crc.o
       924        318          0         14       4111      27292   demo_fatfs.o
       328         34          0          0          0       6268   diskio.o
       344         40          0          0        510       2755   dma.o
      7830         92         13          2         48      44589   ff.o
        56         12          0          0          0     273703   main.o
       160         32          0          0          0       2537   misc.o
        36          8        392          0      24576        968   startup_stm32f4xx.o
       606         54          0          0          0       7155   stm32f4xx_dma.o
       214          0          0          0          0       2107   stm32f4xx_gpio.o
       108         50          0          0          0       4404   stm32f4xx_it.o
       392         48          0         16          0       6357   stm32f4xx_rcc.o
       238         28          0          0          0       4993   stm32f4xx_tim.o
       684         32          0          0          0       9223   stm32f4xx_usart.o
       340         32          0          0          0       1773   system_stm32f4xx.o
       488         44          0          6          0       2347   usart.o
       414         16          0          8          0       7056   usb_bsp.o
      3020         18          0          0          0      21027   usb_core.o
       202          0          0          0          0       5963   usb_hcd.o
      3702         16          0          0          0      11439   usb_hcd_int.o
      1634         42          0         18          0      10053   usbh_core.o
       390          0          0          0          0       5200   usbh_hcs.o
       560          0          0          0          0       6318   usbh_ioreq.o
        24          6          0          0          0       1126   usbh_it.o
      1140        100          0         17         64      15277   usbh_msc_bot.o
       876         62          0         29        522       7465   usbh_msc_core.o
      1312         88          0          1       1040       8064   usbh_msc_scsi.o
       942         14          0          3        512      11689   usbh_stdreq.o
       612        342        425         73       1584      12925   usbh_usr.o

    ----------------------------------------------------------------------
     28362       1574     176167        216      35108     531624   Object Totals
         0          0         32          0          0          0   (incl. Generated)
        40          0          1         16          5          0   (incl. Padding)

    ----------------------------------------------------------------------

      Code (inc. data)   RO Data    RW Data    ZI Data      Debug   Library Member Name

        56          8          0          0          0         84   __0sscanf.o
        28          0          0          0          0         68   _chval.o
       812          4          0          0          0        112   _scanf.o
       332          0          0          0          0         96   _scanf_int.o
        64          0          0          0          0         84   _sgetc.o
        40          6         64          0          0         68   ctype_c.o
         0          0          0          0          0          0   entry.o
         0          0          0          0          0          0   entry10a.o
         0          0          0          0          0          0   entry11a.o
         8          4          0          0          0          0   entry2.o
         4          0          0          0          0          0   entry5.o
         0          0          0          0          0          0   entry7b.o
         0          0          0          0          0          0   entry8b.o
         8          4          0          0          0          0   entry9a.o
        30          0          0          0          0          0   handlers.o
        36          8          0          0          0         68   init.o
        10          0          0          0          0         68   isspace_c.o
        30          0          0          0          0         68   llshl.o
        32          0          0          0          0         68   llushr.o
        36          0          0          0          0         68   memcpya.o
      1204         60          0          0          0        504   printf8.o
        40          8          0          0          0         84   scanf_char.o
         0          0          0          4          0          0   stdout.o
        28          0          0          0          0         76   strcmp.o
        32          0          0          0          0         68   strrchr.o
        98          0          0          0          0         92   uldiv.o

    ----------------------------------------------------------------------
      2932        102         67          4          0       1676   Library Totals
         4          0          3          0          0          0   (incl. Padding)

    ----------------------------------------------------------------------

      Code (inc. data)   RO Data    RW Data    ZI Data      Debug   Library Name

      2928        102         64          4          0       1676   mc_w.l

    ----------------------------------------------------------------------
      2932        102         67          4          0       1676   Library Totals

    ----------------------------------------------------------------------

==============================================================================


      Code (inc. data)   RO Data    RW Data    ZI Data      Debug   

     31294       1676     176234        220      35108     509020   Grand Totals
     31294       1676     176234        220      35108     509020   ELF Image Totals
     31294       1676     176234        220          0          0   ROM Totals

==============================================================================

    Total RO  Size (Code + RO Data)               207528 ( 202.66kB)
    Total RW  Size (RW Data + ZI Data)             35328 (  34.50kB)
    Total ROM Size (Code + RO Data + RW Data)     207748 ( 202.88kB)

==============================================================================

