Component: ARM Compiler 5.06 update 6 (build 750) Tool: armlink [4d35ed]

==============================================================================

Section Cross References

    main.o(i.SystemClock_Info) refers to stm32f4xx_rcc.o(i.RCC_GetClocksFreq) for RCC_GetClocksFreq
    main.o(i.SystemClock_Info) refers to printfa.o(i.__0printf) for __2printf
    main.o(i.main) refers to led.o(i.LED_GPIO_Config) for LED_GPIO_Config
    main.o(i.main) refers to timer.o(i.TIM_Configuration) for TIM_Configuration
    main.o(i.main) refers to dma.o(i.USART6_DMA_Tx_Init) for USART6_DMA_Tx_Init
    main.o(i.main) refers to dma.o(i.USART6_DMA_Rx_Init) for USART6_DMA_Rx_Init
    main.o(i.main) refers to usart.o(i.Usart6_Init) for Usart6_Init
    main.o(i.main) refers to rs232.o(i.USART1_Configuration) for USART1_Configuration
    main.o(i.main) refers to pwm.o(i.DMA_PWM_Init) for DMA_PWM_Init
    main.o(i.main) refers to dma.o(i.DMA_Send) for DMA_Send
    main.o(i.main) refers to demo_fatfs.o(i.DemoFatFS) for DemoFatFS
    main.o(i.main) refers to usart.o(.data) for ch_num
    main.o(i.main) refers to dma.o(.bss) for RX_Buffer
    demo_fatfs.o(i.CreateDir) refers to ff.o(i.f_mount) for f_mount
    demo_fatfs.o(i.CreateDir) refers to printfa.o(i.__0printf) for __2printf
    demo_fatfs.o(i.CreateDir) refers to ff.o(i.f_mkdir) for f_mkdir
    demo_fatfs.o(i.CreateNewCSVFile) refers to strcmp.o(.text) for strcmp
    demo_fatfs.o(i.CreateNewCSVFile) refers to strcpy.o(.text) for strcpy
    demo_fatfs.o(i.CreateNewCSVFile) refers to demo_fatfs.o(i.ReadCSVFileNumber) for ReadCSVFileNumber
    demo_fatfs.o(i.CreateNewCSVFile) refers to printfa.o(i.__0sprintf) for __2sprintf
    demo_fatfs.o(i.CreateNewCSVFile) refers to ff.o(i.f_mount) for f_mount
    demo_fatfs.o(i.CreateNewCSVFile) refers to printfa.o(i.__0printf) for __2printf
    demo_fatfs.o(i.CreateNewCSVFile) refers to ff.o(i.f_opendir) for f_opendir
    demo_fatfs.o(i.CreateNewCSVFile) refers to ff.o(i.f_mkdir) for f_mkdir
    demo_fatfs.o(i.CreateNewCSVFile) refers to ff.o(i.f_chmod) for f_chmod
    demo_fatfs.o(i.CreateNewCSVFile) refers to ff.o(i.f_open) for f_open
    demo_fatfs.o(i.CreateNewCSVFile) refers to memcpya.o(.text) for __aeabi_memcpy4
    demo_fatfs.o(i.CreateNewCSVFile) refers to strlen.o(.text) for strlen
    demo_fatfs.o(i.CreateNewCSVFile) refers to ff.o(i.f_write) for f_write
    demo_fatfs.o(i.CreateNewCSVFile) refers to ff.o(i.f_lseek) for f_lseek
    demo_fatfs.o(i.CreateNewCSVFile) refers to memseta.o(.text) for __aeabi_memclr4
    demo_fatfs.o(i.CreateNewCSVFile) refers to usart.o(i.CSVData_Analyze) for CSVData_Analyze
    demo_fatfs.o(i.CreateNewCSVFile) refers to ff.o(i.f_close) for f_close
    demo_fatfs.o(i.CreateNewCSVFile) refers to demo_fatfs.o(.data) for csvWriteCount
    demo_fatfs.o(i.CreateNewCSVFile) refers to demo_fatfs.o(.bss) for csvDate
    demo_fatfs.o(i.CreateNewCSVFile) refers to usart.o(.data) for CSVvalue
    demo_fatfs.o(i.CreateNewFile) refers to strcmp.o(.text) for strcmp
    demo_fatfs.o(i.CreateNewFile) refers to strcpy.o(.text) for strcpy
    demo_fatfs.o(i.CreateNewFile) refers to demo_fatfs.o(i.ReadFileNumber) for ReadFileNumber
    demo_fatfs.o(i.CreateNewFile) refers to printfa.o(i.__0sprintf) for __2sprintf
    demo_fatfs.o(i.CreateNewFile) refers to ff.o(i.f_mount) for f_mount
    demo_fatfs.o(i.CreateNewFile) refers to printfa.o(i.__0printf) for __2printf
    demo_fatfs.o(i.CreateNewFile) refers to ff.o(i.f_opendir) for f_opendir
    demo_fatfs.o(i.CreateNewFile) refers to ff.o(i.f_mkdir) for f_mkdir
    demo_fatfs.o(i.CreateNewFile) refers to ff.o(i.f_open) for f_open
    demo_fatfs.o(i.CreateNewFile) refers to memcpya.o(.text) for __aeabi_memcpy4
    demo_fatfs.o(i.CreateNewFile) refers to strlen.o(.text) for strlen
    demo_fatfs.o(i.CreateNewFile) refers to ff.o(i.f_write) for f_write
    demo_fatfs.o(i.CreateNewFile) refers to ff.o(i.f_lseek) for f_lseek
    demo_fatfs.o(i.CreateNewFile) refers to ff.o(i.f_close) for f_close
    demo_fatfs.o(i.CreateNewFile) refers to demo_fatfs.o(.data) for s_flag
    demo_fatfs.o(i.CreateNewFile) refers to demo_fatfs.o(.bss) for txtDate
    demo_fatfs.o(i.DeleteDirFile) refers to ff.o(i.f_mount) for f_mount
    demo_fatfs.o(i.DeleteDirFile) refers to printfa.o(i.__0printf) for __2printf
    demo_fatfs.o(i.DeleteDirFile) refers to ff.o(i.f_unlink) for f_unlink
    demo_fatfs.o(i.DeleteDirFile) refers to printfa.o(i.__0sprintf) for __2sprintf
    demo_fatfs.o(i.DemoFatFS) refers to usbh_core.o(i.USBH_Init) for USBH_Init
    demo_fatfs.o(i.DemoFatFS) refers to usbh_core.o(i.USBH_Process) for USBH_Process
    demo_fatfs.o(i.DemoFatFS) refers to led.o(i.LED_FLAG_LOOP) for LED_FLAG_LOOP
    demo_fatfs.o(i.DemoFatFS) refers to usart.o(i.UartProtocol_DataAnalyze) for UartProtocol_DataAnalyze
    demo_fatfs.o(i.DemoFatFS) refers to memseta.o(.text) for __aeabi_memclr
    demo_fatfs.o(i.DemoFatFS) refers to usbh_usr.o(.data) for USR_cb
[...]
    _printf_x                                0x00000000   Number         0  stubs.o ABSOLUTE
    __cpp_initialize__aeabi_                  - Undefined Weak Reference
    __cxa_finalize                            - Undefined Weak Reference
    __decompress                              - Undefined Weak Reference
    _clock_init                               - Undefined Weak Reference
    _microlib_exit                            - Undefined Weak Reference
    __Vectors_Size                           0x00000188   Number         0  startup_stm32f4xx.o ABSOLUTE
    __Vectors                                0x08000000   Data           4  startup_stm32f4xx.o(RESET)
    __Vectors_End                            0x08000188   Data           0  startup_stm32f4xx.o(RESET)
    __main                                   0x08000189   Thumb Code     0  entry.o(.ARM.Collect$$$$00000000)
    _main_stk                                0x08000189   Thumb Code     0  entry2.o(.ARM.Collect$$$$00000001)
    _main_scatterload                        0x0800018d   Thumb Code     0  entry5.o(.ARM.Collect$$$$00000004)
    __main_after_scatterload                 0x08000191   Thumb Code     0  entry5.o(.ARM.Collect$$$$00000004)
    _main_clock                              0x08000191   Thumb Code     0  entry7b.o(.ARM.Collect$$$$00000008)
    _main_cpp_init                           0x08000191   Thumb Code     0  entry8b.o(.ARM.Collect$$$$0000000A)
    _main_init                               0x08000191   Thumb Code     0  entry9a.o(.ARM.Collect$$$$0000000B)
    __rt_final_cpp                           0x08000199   Thumb Code     0  entry10a.o(.ARM.Collect$$$$0000000D)
    __rt_final_exit                          0x08000199   Thumb Code     0  entry11a.o(.ARM.Collect$$$$0000000F)
    Reset_Handler                            0x0800019d   Thumb Code     8  startup_stm32f4xx.o(.text)
    ADC_IRQHandler                           0x080001b7   Thumb Code     0  startup_stm32f4xx.o(.text)
    CAN1_RX0_IRQHandler                      0x080001b7   Thumb Code     0  startup_stm32f4xx.o(.text)
    CAN1_RX1_IRQHandler                      0x080001b7   Thumb Code     0  startup_stm32f4xx.o(.text)
    CAN1_SCE_IRQHandler                      0x080001b7   Thumb Code     0  startup_stm32f4xx.o(.text)
    CAN1_TX_IRQHandler                       0x080001b7   Thumb Code     0  startup_stm32f4xx.o(.text)
    CAN2_RX0_IRQHandler                      0x080001b7   Thumb Code     0  startup_stm32f4xx.o(.text)
    CAN2_RX1_IRQHandler                      0x080001b7   Thumb Code     0  startup_stm32f4xx.o(.text)
    CAN2_SCE_IRQHandler                      0x080001b7   Thumb Code     0  startup_stm32f4xx.o(.text)
    CAN2_TX_IRQHandler                       0x080001b7   Thumb Code     0  startup_stm32f4xx.o(.text)
    CRYP_IRQHandler                          0x080001b7   Thumb Code     0  startup_stm32f4xx.o(.text)
    DCMI_IRQHandler                          0x080001b7   Thumb Code     0  startup_stm32f4xx.o(.text)
    DMA1_Stream0_IRQHandler                  0x080001b7   Thumb Code     0  startup_stm32f4xx.o(.text)
    DMA1_Stream1_IRQHandler                  0x080001b7   Thumb Code     0  startup_stm32f4xx.o(.text)
    DMA1_Stream2_IRQHandler                  0x080001b7   Thumb Code     0  startup_stm32f4xx.o(.text)
    DMA1_Stream3_IRQHandler                  0x080001b7   Thumb Code     0  startup_stm32f4xx.o(.text)
    DMA1_Stream4_IRQHandler                  0x080001b7   Thumb Code     0  startup_stm32f4xx.o(.text)
    DMA1_Stream5_IRQHandler                  0x080001b7   Thumb Code     0  startup_stm32f4xx.o(.text)
    DMA1_Stream6_IRQHandler                  0x080001b7   Thumb Code     0  startup_stm32f4xx.o(.text)
    DMA1_Stream7_IRQHandler                  0x080001b7   Thumb Code     0  startup_stm32f4xx.o(.text)
    DMA2_Stream0_IRQHandler                  0x080001b7   Thumb Code     0  startup_stm32f4xx.o(.text)
    DMA2_Stream1_IRQHandler                  0x080001b7   Thumb Code     0  startup_stm32f4xx.o(.text)
    DMA2_Stream2_IRQHandler                  0x080001b7   Thumb Code     0  startup_stm32f4xx.o(.text)
    DMA2_Stream3_IRQHandler                  0x080001b7   Thumb Code     0  startup_stm32f4xx.o(.text)
    DMA2_Stream4_IRQHandler                  0x080001b7   Thumb Code     0  startup_stm32f4xx.o(.text)
    DMA2_Stream5_IRQHandler                  0x080001b7   Thumb Code     0  startup_stm32f4xx.o(.text)
    DMA2_Stream6_IRQHandler                  0x080001b7   Thumb Code     0  startup_stm32f4xx.o(.text)
    DMA2_Stream7_IRQHandler                  0x080001b7   Thumb Code     0  startup_stm32f4xx.o(.text)
    ETH_IRQHandler                           0x080001b7   Thumb Code     0  startup_stm32f4xx.o(.text)
    ETH_WKUP_IRQHandler                      0x080001b7   Thumb Code     0  startup_stm32f4xx.o(.text)
    EXTI0_IRQHandler                         0x080001b7   Thumb Code     0  startup_stm32f4xx.o(.text)
    EXTI15_10_IRQHandler                     0x080001b7   Thumb Code     0  startup_stm32f4xx.o(.text)
    EXTI1_IRQHandler                         0x080001b7   Thumb Code     0  startup_stm32f4xx.o(.text)
    EXTI2_IRQHandler                         0x080001b7   Thumb Code     0  startup_stm32f4xx.o(.text)
    EXTI3_IRQHandler                         0x080001b7   Thumb Code     0  startup_stm32f4xx.o(.text)
    EXTI4_IRQHandler                         0x080001b7   Thumb Code     0  startup_stm32f4xx.o(.text)
    EXTI9_5_IRQHandler                       0x080001b7   Thumb Code     0  startup_stm32f4xx.o(.text)
    FLASH_IRQHandler                         0x080001b7   Thumb Code     0  startup_stm32f4xx.o(.text)
    FPU_IRQHandler                           0x080001b7   Thumb Code     0  startup_stm32f4xx.o(.text)
    FSMC_IRQHandler                          0x080001b7   Thumb Code     0  startup_stm32f4xx.o(.text)
    HASH_RNG_IRQHandler                      0x080001b7   Thumb Code     0  startup_stm32f4xx.o(.text)
    I2C1_ER_IRQHandler                       0x080001b7   Thumb Code     0  startup_stm32f4xx.o(.text)
    I2C1_EV_IRQHandler                       0x080001b7   Thumb Code     0  startup_stm32f4xx.o(.text)
    I2C2_ER_IRQHandler                       0x080001b7   Thumb Code     0  startup_stm32f4xx.o(.text)
    I2C2_EV_IRQHandler                       0x080001b7   Thumb Code     0  startup_stm32f4xx.o(.text)
    I2C3_ER_IRQHandler                       0x080001b7   Thumb Code     0  startup_stm32f4xx.o(.text)
    I2C3_EV_IRQHandler                       0x080001b7   Thumb Code     0  startup_stm32f4xx.o(.text)
    OTG_FS_IRQHandler                        0x080001b7   Thumb Code     0  startup_stm32f4xx.o(.text)
    OTG_FS_WKUP_IRQHandler                   0x080001b7   Thumb Code     0  startup_stm32f4xx.o(.text)
    OTG_HS_EP1_IN_IRQHandler                 0x080001b7   Thumb Code     0  startup_stm32f4xx.o(.text)
    OTG_HS_EP1_OUT_IRQHandler                0x080001b7   Thumb Code     0  startup_stm32f4xx.o(.text)
    OTG_HS_WKUP_IRQHandler                   0x080001b7   Thumb Code     0  startup_stm32f4xx.o(.text)
    PVD_IRQHandler                           0x080001b7   Thumb Code     0  startup_stm32f4xx.o(.text)
    RCC_IRQHandler                           0x080001b7   Thumb Code     0  startup_stm32f4xx.o(.text)
    RTC_Alarm_IRQHandler                     0x080001b7   Thumb Code     0  startup_stm32f4xx.o(.text)
    RTC_WKUP_IRQHandler                      0x080001b7   Thumb Code     0  startup_stm32f4xx.o(.text)
    SDIO_IRQHandler                          0x080001b7   Thumb Code     0  startup_stm32f4xx.o(.text)
    SPI1_IRQHandler                          0x080001b7   Thumb Code     0  startup_stm32f4xx.o(.text)
    SPI2_IRQHandler                          0x080001b7   Thumb Code     0  startup_stm32f4xx.o(.text)
    SPI3_IRQHandler                          0x080001b7   Thumb Code     0  startup_stm32f4xx.o(.text)
    TAMP_STAMP_IRQHandler                    0x080001b7   Thumb Code     0  startup_stm32f4xx.o(.text)
    TIM1_BRK_TIM9_IRQHandler                 0x080001b7   Thumb Code     0  startup_stm32f4xx.o(.text)
    TIM1_CC_IRQHandler                       0x080001b7   Thumb Code     0  startup_stm32f4xx.o(.text)
    TIM1_TRG_COM_TIM11_IRQHandler            0x080001b7   Thumb Code     0  startup_stm32f4xx.o(.text)
    TIM1_UP_TIM10_IRQHandler                 0x080001b7   Thumb Code     0  startup_stm32f4xx.o(.text)
    TIM4_IRQHandler                          0x080001b7   Thumb Code     0  startup_stm32f4xx.o(.text)
    TIM5_IRQHandler                          0x080001b7   Thumb Code     0  startup_stm32f4xx.o(.text)
    TIM6_DAC_IRQHandler                      0x080001b7   Thumb Code     0  startup_stm32f4xx.o(.text)
    TIM7_IRQHandler                          0x080001b7   Thumb Code     0  startup_stm32f4xx.o(.text)
    TIM8_BRK_TIM12_IRQHandler                0x080001b7   Thumb Code     0  startup_stm32f4xx.o(.text)
    TIM8_CC_IRQHandler                       0x080001b7   Thumb Code     0  startup_stm32f4xx.o(.text)
    TIM8_TRG_COM_TIM14_IRQHandler            0x080001b7   Thumb Code     0  startup_stm32f4xx.o(.text)
    TIM8_UP_TIM13_IRQHandler                 0x080001b7   Thumb Code     0  startup_stm32f4xx.o(.text)
    UART4_IRQHandler                         0x080001b7   Thumb Code     0  startup_stm32f4xx.o(.text)
    UART5_IRQHandler                         0x080001b7   Thumb Code     0  startup_stm32f4xx.o(.text)
    USART2_IRQHandler                        0x080001b7   Thumb Code     0  startup_stm32f4xx.o(.text)
    USART3_IRQHandler                        0x080001b7   Thumb Code     0  startup_stm32f4xx.o(.text)
    WWDG_IRQHandler                          0x080001b7   Thumb Code     0  startup_stm32f4xx.o(.text)
    __aeabi_memcpy                           0x080001c1   Thumb Code    36  memcpya.o(.text)
    __aeabi_memcpy4                          0x080001c1   Thumb Code     0  memcpya.o(.text)
    __aeabi_memcpy8                          0x080001c1   Thumb Code     0  memcpya.o(.text)
    __aeabi_memset                           0x080001e5   Thumb Code    14  memseta.o(.text)
    __aeabi_memset4                          0x080001e5   Thumb Code     0  memseta.o(.text)
    __aeabi_memset8                          0x080001e5   Thumb Code     0  memseta.o(.text)
    __aeabi_memclr                           0x080001f3   Thumb Code     4  memseta.o(.text)
    __aeabi_memclr4                          0x080001f3   Thumb Code     0  memseta.o(.text)
    __aeabi_memclr8                          0x080001f3   Thumb Code     0  memseta.o(.text)
    _memset$wrapper                          0x080001f7   Thumb Code    18  memseta.o(.text)
    strlen                                   0x08000209   Thumb Code    14  strlen.o(.text)
    strcmp                                   0x08000217   Thumb Code    28  strcmp.o(.text)
    strcpy                                   0x08000233   Thumb Code    18  strcpy.o(.text)
    strrchr                                  0x08000245   Thumb Code    32  strrchr.o(.text)
    atoi                                     0x08000265   Thumb Code    26  atoi.o(.text)
    __aeabi_f2d                              0x0800027f   Thumb Code    38  f2d.o(.text)
    __aeabi_d2f                              0x080002a5   Thumb Code    56  d2f.o(.text)
    __aeabi_uidiv                            0x080002dd   Thumb Code     0  uidiv.o(.text)
    __aeabi_uidivmod                         0x080002dd   Thumb Code    44  uidiv.o(.text)
    __aeabi_uldivmod                         0x08000309   Thumb Code    98  uldiv.o(.text)
    __strtod_int                             0x080003a3   Thumb Code    90  strtod.o(.text)
    strtol                                   0x08000409   Thumb Code   112  strtol.o(.text)
    __I$use$fp                               0x08000479   Thumb Code     0  iusefp.o(.text)
    _float_round                             0x08000479   Thumb Code    18  fepilogue.o(.text)
    _float_epilogue                          0x0800048b   Thumb Code    92  fepilogue.o(.text)
    __aeabi_dadd                             0x080004e7   Thumb Code   322  dadd.o(.text)
    __aeabi_dsub                             0x08000629   Thumb Code     6  dadd.o(.text)
    __aeabi_drsub                            0x0800062f   Thumb Code     6  dadd.o(.text)
    __aeabi_dmul                             0x08000635   Thumb Code   228  dmul.o(.text)
    __aeabi_ddiv                             0x08000719   Thumb Code   222  ddiv.o(.text)
    __aeabi_d2ulz                            0x080007f7   Thumb Code    48  dfixul.o(.text)
    __aeabi_cdrcmple                         0x08000829   Thumb Code    48  cdrcmple.o(.text)
    __scatterload                            0x08000859   Thumb Code    28  init.o(.text)
    __scatterload_rt2                        0x08000859   Thumb Code     0  init.o(.text)
    __aeabi_llsl                             0x0800087d   Thumb Code    30  llshl.o(.text)
    _ll_shift_l                              0x0800087d   Thumb Code     0  llshl.o(.text)
    __aeabi_llsr                             0x0800089b   Thumb Code    32  llushr.o(.text)
    _ll_ushift_r                             0x0800089b   Thumb Code     0  llushr.o(.text)
    __aeabi_lasr                             0x080008bb   Thumb Code    36  llsshr.o(.text)
    _ll_sshift_r                             0x080008bb   Thumb Code     0  llsshr.o(.text)
    __rt_ctype_table                         0x080008e1   Thumb Code     4  ctype_o.o(.text)
    isspace                                  0x080008e9   Thumb Code    18  isspace_o.o(.text)
    _scanf_real                              0x08000a25   Thumb Code     0  scanf_fp.o(.text)
    _scanf_really_real                       0x08000a25   Thumb Code   556  scanf_fp.o(.text)
    _sgetc                                   0x08000c5d   Thumb Code    30  _sgetc.o(.text)
    _sbackspace                              0x08000c7b   Thumb Code    34  _sgetc.o(.text)
    _strtoul                                 0x08000c9d   Thumb Code   158  _strtoul.o(.text)
    _double_round                            0x08000d3b   Thumb Code    30  depilogue.o(.text)
    _double_epilogue                         0x08000d59   Thumb Code   156  depilogue.o(.text)
    _chval                                   0x08000df5   Thumb Code    28  _chval.o(.text)
    __aeabi_ul2d                             0x08000e11   Thumb Code    24  dfltul.o(.text)
    BusFault_Handler                         0x08000ebf   Thumb Code     4  stm32f4xx_it.o(i.BusFault_Handler)
    CRC16_MODBUS                             0x08000ec3   Thumb Code    84  crc.o(i.CRC16_MODBUS)
    CSVData_Analyze                          0x08000f19   Thumb Code   306  usart.o(i.CSVData_Analyze)
    CreateNewCSVFile                         0x08001075   Thumb Code   470  demo_fatfs.o(i.CreateNewCSVFile)
    CreateNewFile                            0x08001345   Thumb Code   394  demo_fatfs.o(i.CreateNewFile)
    DMA_ClearFlag                            0x080015c5   Thumb Code    38  stm32f4xx_dma.o(i.DMA_ClearFlag)
    DMA_Cmd                                  0x080015f9   Thumb Code    22  stm32f4xx_dma.o(i.DMA_Cmd)
    DMA_DeInit                               0x08001611   Thumb Code   324  stm32f4xx_dma.o(i.DMA_DeInit)
    DMA_GetCmdStatus                         0x08001769   Thumb Code    20  stm32f4xx_dma.o(i.DMA_GetCmdStatus)
    DMA_GetCurrDataCounter                   0x0800177d   Thumb Code     8  stm32f4xx_dma.o(i.DMA_GetCurrDataCounter)
    DMA_GetFlagStatus                        0x08001785   Thumb Code    54  stm32f4xx_dma.o(i.DMA_GetFlagStatus)
    DMA_Init                                 0x080017c9   Thumb Code    82  stm32f4xx_dma.o(i.DMA_Init)
    DMA_PWM_Init                             0x08001821   Thumb Code    16  pwm.o(i.DMA_PWM_Init)
    DMA_Send                                 0x08001831   Thumb Code    84  dma.o(i.DMA_Send)
    DMA_SetCurrDataCounter                   0x08001891   Thumb Code     4  stm32f4xx_dma.o(i.DMA_SetCurrDataCounter)
    DebugMon_Handler                         0x08001895   Thumb Code     2  stm32f4xx_it.o(i.DebugMon_Handler)
    DemoFatFS                                0x08001899   Thumb Code    62  demo_fatfs.o(i.DemoFatFS)
    GPIO_Init                                0x080018f1   Thumb Code   144  stm32f4xx_gpio.o(i.GPIO_Init)
    GPIO_PinAFConfig                         0x08001981   Thumb Code    70  stm32f4xx_gpio.o(i.GPIO_PinAFConfig)
    GPIO_ResetBits                           0x080019c7   Thumb Code     4  stm32f4xx_gpio.o(i.GPIO_ResetBits)
    GPIO_SetBits                             0x080019cb   Thumb Code     4  stm32f4xx_gpio.o(i.GPIO_SetBits)
    HCD_GetCurrentFrame                      0x080019cf   Thumb Code    10  usb_hcd.o(i.HCD_GetCurrentFrame)
    HCD_GetCurrentSpeed                      0x080019d9   Thumb Code    20  usb_hcd.o(i.HCD_GetCurrentSpeed)
    HCD_GetURB_State                         0x080019ed   Thumb Code    10  usb_hcd.o(i.HCD_GetURB_State)
    HCD_GetXferCnt                           0x080019f7   Thumb Code    12  usb_hcd.o(i.HCD_GetXferCnt)
    HCD_Init                                 0x08001a03   Thumb Code    96  usb_hcd.o(i.HCD_Init)
    HCD_IsDeviceConnected                    0x08001a63   Thumb Code     8  usb_hcd.o(i.HCD_IsDeviceConnected)
    HCD_ResetPort                            0x08001a6b   Thumb Code    14  usb_hcd.o(i.HCD_ResetPort)
    HCD_SubmitRequest                        0x08001a79   Thumb Code    32  usb_hcd.o(i.HCD_SubmitRequest)
    HardFault_Handler                        0x08001a99   Thumb Code    38  stm32f4xx_it.o(i.HardFault_Handler)
    InvertUint16                             0x08001af1   Thumb Code    38  crc.o(i.InvertUint16)
    InvertUint8                              0x08001b17   Thumb Code    38  crc.o(i.InvertUint8)
    LED_FLAG_LOOP                            0x08001b3d   Thumb Code    38  led.o(i.LED_FLAG_LOOP)
    LED_FLAG_Run                             0x08001b71   Thumb Code    26  led.o(i.LED_FLAG_Run)
    LED_GPIO_Config                          0x08001b99   Thumb Code    68  led.o(i.LED_GPIO_Config)
    MemManage_Handler                        0x08001be1   Thumb Code     4  stm32f4xx_it.o(i.MemManage_Handler)
    NMI_Handler                              0x08001be5   Thumb Code     2  stm32f4xx_it.o(i.NMI_Handler)
    NVIC_Init                                0x08001be9   Thumb Code   106  misc.o(i.NVIC_Init)
    NVIC_PriorityGroupConfig                 0x08001c61   Thumb Code    10  misc.o(i.NVIC_PriorityGroupConfig)
    NVIC_SetVectorTable                      0x08001c75   Thumb Code    12  misc.o(i.NVIC_SetVectorTable)
    OTG_HS_IRQHandler                        0x08001c89   Thumb Code    10  usbh_it.o(i.OTG_HS_IRQHandler)
    PWM_Table_Init                           0x08001c99   Thumb Code    52  pwm.o(i.PWM_Table_Init)
    PendSV_Handler                           0x08001cd1   Thumb Code     2  stm32f4xx_it.o(i.PendSV_Handler)
    RCC_AHB1PeriphClockCmd                   0x08001cd5   Thumb Code    26  stm32f4xx_rcc.o(i.RCC_AHB1PeriphClockCmd)
    RCC_APB1PeriphClockCmd                   0x08001cf5   Thumb Code    26  stm32f4xx_rcc.o(i.RCC_APB1PeriphClockCmd)
    RCC_APB1PeriphResetCmd                   0x08001d15   Thumb Code    26  stm32f4xx_rcc.o(i.RCC_APB1PeriphResetCmd)
    RCC_APB2PeriphClockCmd                   0x08001d35   Thumb Code    26  stm32f4xx_rcc.o(i.RCC_APB2PeriphClockCmd)
    RCC_APB2PeriphResetCmd                   0x08001d55   Thumb Code    26  stm32f4xx_rcc.o(i.RCC_APB2PeriphResetCmd)
    RCC_GetClocksFreq                        0x08001d75   Thumb Code   214  stm32f4xx_rcc.o(i.RCC_GetClocksFreq)
    RS232_Printf                             0x08001e5d   Thumb Code    48  rs232.o(i.RS232_Printf)
    RS232_Send_Data                          0x08001e8d   Thumb Code    38  rs232.o(i.RS232_Send_Data)
    SVC_Handler                              0x08002191   Thumb Code     2  stm32f4xx_it.o(i.SVC_Handler)
    SetCSVFileReadOnly                       0x08002195   Thumb Code    76  demo_fatfs.o(i.SetCSVFileReadOnly)
    SysTick_Handler                          0x08002305   Thumb Code     8  bsp_timer.o(i.SysTick_Handler)
    SysTick_ISR                              0x0800230d   Thumb Code   102  bsp_timer.o(i.SysTick_ISR)
    SystemInit                               0x08002389   Thumb Code    88  system_stm32f4xx.o(i.SystemInit)
    TIM1_CH4_DMA_Init                        0x080023f1   Thumb Code   114  dmapwm.o(i.TIM1_CH4_DMA_Init)
    TIM1_PWM_Init                            0x08002471   Thumb Code   180  pwm.o(i.TIM1_PWM_Init)
    TIM2_IRQHandler                          0x0800252d   Thumb Code     8  usbh_it.o(i.TIM2_IRQHandler)
    TIM3_IRQHandler                          0x08002535   Thumb Code    40  timer.o(i.TIM3_IRQHandler)
    TIM_ARRPreloadConfig                     0x08002565   Thumb Code    24  stm32f4xx_tim.o(i.TIM_ARRPreloadConfig)
    TIM_ClearITPendingBit                    0x0800257d   Thumb Code     6  stm32f4xx_tim.o(i.TIM_ClearITPendingBit)
    TIM_Cmd                                  0x08002583   Thumb Code    24  stm32f4xx_tim.o(i.TIM_Cmd)
    TIM_Configuration                        0x0800259d   Thumb Code    94  timer.o(i.TIM_Configuration)
    TIM_CtrlPWMOutputs                       0x08002601   Thumb Code    30  stm32f4xx_tim.o(i.TIM_CtrlPWMOutputs)
    TIM_DMACmd                               0x0800261f   Thumb Code    18  stm32f4xx_tim.o(i.TIM_DMACmd)
    TIM_GetITStatus                          0x08002631   Thumb Code    34  stm32f4xx_tim.o(i.TIM_GetITStatus)
    TIM_ITConfig                             0x08002653   Thumb Code    18  stm32f4xx_tim.o(i.TIM_ITConfig)
    TIM_OC4Init                              0x08002665   Thumb Code   112  stm32f4xx_tim.o(i.TIM_OC4Init)
    TIM_OC4PreloadConfig                     0x080026dd   Thumb Code    26  stm32f4xx_tim.o(i.TIM_OC4PreloadConfig)
    TIM_TimeBaseInit                         0x080026f9   Thumb Code   104  stm32f4xx_tim.o(i.TIM_TimeBaseInit)
    USART1_Configuration                     0x0800277d   Thumb Code   232  rs232.o(i.USART1_Configuration)
    USART1_IRQHandler                        0x0800286d   Thumb Code   124  rs232.o(i.USART1_IRQHandler)
    USART6_DMA_Rx_Init                       0x080028f9   Thumb Code   110  dma.o(i.USART6_DMA_Rx_Init)
    USART6_DMA_Tx_Init                       0x08002975   Thumb Code   110  dma.o(i.USART6_DMA_Tx_Init)
    USART6_IRQHandler                        0x080029f1   Thumb Code   146  usart.o(i.USART6_IRQHandler)
    USART_ClearFlag                          0x08002a9d   Thumb Code    18  stm32f4xx_usart.o(i.USART_ClearFlag)
    USART_ClearITPendingBit                  0x08002aaf   Thumb Code    30  stm32f4xx_usart.o(i.USART_ClearITPendingBit)
    USART_ClockInit                          0x08002acd   Thumb Code    32  stm32f4xx_usart.o(i.USART_ClockInit)
    USART_ClockStructInit                    0x08002aed   Thumb Code    12  stm32f4xx_usart.o(i.USART_ClockStructInit)
    USART_Cmd                                0x08002af9   Thumb Code    24  stm32f4xx_usart.o(i.USART_Cmd)
    USART_DMACmd                             0x08002b11   Thumb Code    18  stm32f4xx_usart.o(i.USART_DMACmd)
    USART_DeInit                             0x08002b25   Thumb Code   156  stm32f4xx_usart.o(i.USART_DeInit)
    USART_GetFlagStatus                      0x08002bd9   Thumb Code    26  stm32f4xx_usart.o(i.USART_GetFlagStatus)
    USART_GetITStatus                        0x08002bf3   Thumb Code    84  stm32f4xx_usart.o(i.USART_GetITStatus)
    USART_ITConfig                           0x08002c47   Thumb Code    74  stm32f4xx_usart.o(i.USART_ITConfig)
    USART_Init                               0x08002c91   Thumb Code   204  stm32f4xx_usart.o(i.USART_Init)
    USART_ReceiveData                        0x08002d65   Thumb Code    10  stm32f4xx_usart.o(i.USART_ReceiveData)
    USART_SendData                           0x08002d6f   Thumb Code     8  stm32f4xx_usart.o(i.USART_SendData)
    USART_StructInit                         0x08002d77   Thumb Code    24  stm32f4xx_usart.o(i.USART_StructInit)
    USBH_Alloc_Channel                       0x08002d8f   Thumb Code    38  usbh_hcs.o(i.USBH_Alloc_Channel)
    USBH_BulkReceiveData                     0x08002db5   Thumb Code    96  usbh_ioreq.o(i.USBH_BulkReceiveData)
    USBH_BulkSendData                        0x08002e15   Thumb Code    94  usbh_ioreq.o(i.USBH_BulkSendData)
    USBH_ClrFeature                          0x08002e73   Thumb Code    76  usbh_stdreq.o(i.USBH_ClrFeature)
    USBH_Connected                           0x08002ebf   Thumb Code    12  usbh_core.o(i.USBH_Connected)
    USBH_CtlReceiveData                      0x08002ecb   Thumb Code    70  usbh_ioreq.o(i.USBH_CtlReceiveData)
    USBH_CtlReq                              0x08002f11   Thumb Code   100  usbh_ioreq.o(i.USBH_CtlReq)
    USBH_CtlSendData                         0x08002f75   Thumb Code   110  usbh_ioreq.o(i.USBH_CtlSendData)
    USBH_CtlSendSetup                        0x08002fe3   Thumb Code    66  usbh_ioreq.o(i.USBH_CtlSendSetup)
    USBH_DeAllocate_AllChannel               0x08003025   Thumb Code    28  usbh_hcs.o(i.USBH_DeAllocate_AllChannel)
    USBH_DeInit                              0x08003041   Thumb Code    58  usbh_core.o(i.USBH_DeInit)
    USBH_Disconnected                        0x0800307b   Thumb Code    12  usbh_core.o(i.USBH_Disconnected)
    USBH_ErrorHandle                         0x08003087   Thumb Code    46  usbh_core.o(i.USBH_ErrorHandle)
    USBH_Free_Channel                        0x080030b5   Thumb Code    30  usbh_hcs.o(i.USBH_Free_Channel)
    USBH_GetDescriptor                       0x080030d3   Thumb Code    68  usbh_stdreq.o(i.USBH_GetDescriptor)
    USBH_GetNextDesc                         0x0800313f   Thumb Code    18  usbh_stdreq.o(i.USBH_GetNextDesc)
    USBH_Get_CfgDesc                         0x08003151   Thumb Code    88  usbh_stdreq.o(i.USBH_Get_CfgDesc)
    USBH_Get_DevDesc                         0x080031ad   Thumb Code    56  usbh_stdreq.o(i.USBH_Get_DevDesc)
    USBH_Get_StringDesc                      0x080031e5   Thumb Code    60  usbh_stdreq.o(i.USBH_Get_StringDesc)
    USBH_HandleControl                       0x08003221   Thumb Code   544  usbh_core.o(i.USBH_HandleControl)
    USBH_Init                                0x08003621   Thumb Code    68  usbh_core.o(i.USBH_Init)
    USBH_MSC_BOT_Abort                       0x08003689   Thumb Code    86  usbh_msc_bot.o(i.USBH_MSC_BOT_Abort)
    USBH_MSC_DecodeCSW                       0x080036fd   Thumb Code   108  usbh_msc_bot.o(i.USBH_MSC_DecodeCSW)
    USBH_MSC_ErrorHandle                     0x0800377d   Thumb Code    58  usbh_msc_core.o(i.USBH_MSC_ErrorHandle)
    USBH_MSC_HandleBOTXfer                   0x08003995   Thumb Code   812  usbh_msc_bot.o(i.USBH_MSC_HandleBOTXfer)
    USBH_MSC_Init                            0x08003ce5   Thumb Code    44  usbh_msc_bot.o(i.USBH_MSC_Init)
    USBH_MSC_ModeSense6                      0x08003e45   Thumb Code   192  usbh_msc_scsi.o(i.USBH_MSC_ModeSense6)
    USBH_MSC_Read10                          0x08003f15   Thumb Code   242  usbh_msc_scsi.o(i.USBH_MSC_Read10)
    USBH_MSC_ReadCapacity10                  0x08004015   Thumb Code   202  usbh_msc_scsi.o(i.USBH_MSC_ReadCapacity10)
    USBH_MSC_RequestSense                    0x080040f1   Thumb Code   208  usbh_msc_scsi.o(i.USBH_MSC_RequestSense)
    USBH_MSC_TestUnitReady                   0x080041d1   Thumb Code   162  usbh_msc_scsi.o(i.USBH_MSC_TestUnitReady)
    USBH_MSC_Write10                         0x08004281   Thumb Code   218  usbh_msc_scsi.o(i.USBH_MSC_Write10)
    USBH_Modify_Channel                      0x08004365   Thumb Code   100  usbh_hcs.o(i.USBH_Modify_Channel)
    USBH_OTG_ISR_Handler                     0x080043c9   Thumb Code   168  usb_hcd_int.o(i.USBH_OTG_ISR_Handler)
    USBH_Open_Channel                        0x08004471   Thumb Code   154  usbh_hcs.o(i.USBH_Open_Channel)
    USBH_Process                             0x080046fd   Thumb Code   408  usbh_core.o(i.USBH_Process)
    USBH_SOF                                 0x08004895   Thumb Code     6  usbh_core.o(i.USBH_SOF)
    USBH_SetAddress                          0x0800489b   Thumb Code    38  usbh_stdreq.o(i.USBH_SetAddress)
    USBH_SetCfg                              0x080048c1   Thumb Code    38  usbh_stdreq.o(i.USBH_SetCfg)
    USBH_USR_Configuration_DescAvailable     0x08004901   Thumb Code    42  usbh_usr.o(i.USBH_USR_Configuration_DescAvailable)
    USBH_USR_DeInit                          0x08004935   Thumb Code     2  usbh_usr.o(i.USBH_USR_DeInit)
    USBH_USR_DeviceAddressAssigned           0x08004937   Thumb Code     2  usbh_usr.o(i.USBH_USR_DeviceAddressAssigned)
    USBH_USR_DeviceAttached                  0x08004939   Thumb Code    10  usbh_usr.o(i.USBH_USR_DeviceAttached)
    USBH_USR_DeviceDisconnected              0x08004949   Thumb Code    10  usbh_usr.o(i.USBH_USR_DeviceDisconnected)
    USBH_USR_DeviceNotSupported              0x08004959   Thumb Code    10  usbh_usr.o(i.USBH_USR_DeviceNotSupported)
    USBH_USR_DeviceSpeedDetected             0x08004981   Thumb Code    46  usbh_usr.o(i.USBH_USR_DeviceSpeedDetected)
    USBH_USR_Device_DescAvailable            0x080049c1   Thumb Code    24  usbh_usr.o(i.USBH_USR_Device_DescAvailable)
    USBH_USR_EnumerationDone                 0x080049f9   Thumb Code    10  usbh_usr.o(i.USBH_USR_EnumerationDone)
    USBH_USR_Init                            0x08004a09   Thumb Code    34  usbh_usr.o(i.USBH_USR_Init)
    USBH_USR_MSC_Application                 0x08004a89   Thumb Code     4  usbh_usr.o(i.USBH_USR_MSC_Application)
    USBH_USR_Manufacturer_String             0x08004a8d   Thumb Code    14  usbh_usr.o(i.USBH_USR_Manufacturer_String)
    USBH_USR_OverCurrentDetected             0x08004ab5   Thumb Code    10  usbh_usr.o(i.USBH_USR_OverCurrentDetected)
    USBH_USR_Product_String                  0x08004add   Thumb Code    14  usbh_usr.o(i.USBH_USR_Product_String)
    USBH_USR_ResetDevice                     0x08004b01   Thumb Code    10  usbh_usr.o(i.USBH_USR_ResetDevice)
    USBH_USR_SerialNum_String                0x08004b29   Thumb Code    14  usbh_usr.o(i.USBH_USR_SerialNum_String)
    USBH_USR_UnrecoveredError                0x08004b51   Thumb Code    10  usbh_usr.o(i.USBH_USR_UnrecoveredError)
    USBH_USR_UserInput                       0x08004b61   Thumb Code     4  usbh_usr.o(i.USBH_USR_UserInput)
    USB_OTG_BSP_ConfigVBUS                   0x08004b65   Thumb Code     2  usb_bsp.o(i.USB_OTG_BSP_ConfigVBUS)
    USB_OTG_BSP_DriveVBUS                    0x08004b67   Thumb Code     2  usb_bsp.o(i.USB_OTG_BSP_DriveVBUS)
    USB_OTG_BSP_EnableInterrupt              0x08004b69   Thumb Code    44  usb_bsp.o(i.USB_OTG_BSP_EnableInterrupt)
    USB_OTG_BSP_Init                         0x08004b95   Thumb Code    72  usb_bsp.o(i.USB_OTG_BSP_Init)
    USB_OTG_BSP_TimerIRQ                     0x08004c19   Thumb Code    50  usb_bsp.o(i.USB_OTG_BSP_TimerIRQ)
    USB_OTG_BSP_mDelay                       0x08004c51   Thumb Code    14  usb_bsp.o(i.USB_OTG_BSP_mDelay)
    USB_OTG_BSP_uDelay                       0x08004c5f   Thumb Code    14  usb_bsp.o(i.USB_OTG_BSP_uDelay)
    USB_OTG_CoreInit                         0x08004c6d   Thumb Code   306  usb_core.o(i.USB_OTG_CoreInit)
    USB_OTG_CoreInitHost                     0x08004d9f   Thumb Code   218  usb_core.o(i.USB_OTG_CoreInitHost)
    USB_OTG_DisableGlobalInt                 0x08004ee9   Thumb Code    34  usb_core.o(i.USB_OTG_DisableGlobalInt)
    USB_OTG_DriveVbus                        0x08004f0b   Thumb Code    92  usb_core.o(i.USB_OTG_DriveVbus)
    USB_OTG_EnableGlobalInt                  0x08004f9b   Thumb Code    34  usb_core.o(i.USB_OTG_EnableGlobalInt)
    USB_OTG_EnableHostInt                    0x08004fbd   Thumb Code   116  usb_core.o(i.USB_OTG_EnableHostInt)
    USB_OTG_FlushRxFifo                      0x08005031   Thumb Code    70  usb_core.o(i.USB_OTG_FlushRxFifo)
    USB_OTG_FlushTxFifo                      0x0800507d   Thumb Code    80  usb_core.o(i.USB_OTG_FlushTxFifo)
    USB_OTG_GetMode                          0x080050d1   Thumb Code    12  usb_core.o(i.USB_OTG_GetMode)
    USB_OTG_HC_DoPing                        0x080050dd   Thumb Code    90  usb_core.o(i.USB_OTG_HC_DoPing)
    USB_OTG_HC_Halt                          0x08005137   Thumb Code   130  usb_core.o(i.USB_OTG_HC_Halt)
    USB_OTG_HC_Init                          0x080051b9   Thumb Code   568  usb_core.o(i.USB_OTG_HC_Init)
    USB_OTG_HC_StartXfer                     0x080053f1   Thumb Code   502  usb_core.o(i.USB_OTG_HC_StartXfer)
    USB_OTG_InitFSLSPClkSel                  0x080055e7   Thumb Code    24  usb_core.o(i.USB_OTG_InitFSLSPClkSel)
    USB_OTG_IsEvenFrame                      0x080055ff   Thumb Code    16  usb_core.o(i.USB_OTG_IsEvenFrame)
    USB_OTG_IsHostMode                       0x0800560f   Thumb Code    20  usb_core.o(i.USB_OTG_IsHostMode)
    USB_OTG_ReadCoreItr                      0x08005623   Thumb Code    16  usb_core.o(i.USB_OTG_ReadCoreItr)
    USB_OTG_ReadHPRT0                        0x08005633   Thumb Code    48  usb_core.o(i.USB_OTG_ReadHPRT0)
    USB_OTG_ReadHostAllChannels_intr         0x08005663   Thumb Code     8  usb_core.o(i.USB_OTG_ReadHostAllChannels_intr)
    USB_OTG_ReadPacket                       0x0800566b   Thumb Code    40  usb_core.o(i.USB_OTG_ReadPacket)
    USB_OTG_ResetPort                        0x08005693   Thumb Code    64  usb_core.o(i.USB_OTG_ResetPort)
    USB_OTG_SelectCore                       0x080056d5   Thumb Code   212  usb_core.o(i.USB_OTG_SelectCore)
    USB_OTG_SetCurrentMode                   0x080057ad   Thumb Code    78  usb_core.o(i.USB_OTG_SetCurrentMode)
    USB_OTG_WritePacket                      0x080065cd   Thumb Code    64  usb_core.o(i.USB_OTG_WritePacket)
    UartProtocol_DataAnalyze                 0x0800660d   Thumb Code   612  usart.o(i.UartProtocol_DataAnalyze)
    UsageFault_Handler                       0x0800699d   Thumb Code     4  stm32f4xx_it.o(i.UsageFault_Handler)
    Usart6_Init                              0x080069a1   Thumb Code   262  usart.o(i.Usart6_Init)
    __0printf                                0x08006ab1   Thumb Code    22  printfa.o(i.__0printf)
    __1printf                                0x08006ab1   Thumb Code     0  printfa.o(i.__0printf)
    __2printf                                0x08006ab1   Thumb Code     0  printfa.o(i.__0printf)
    __c89printf                              0x08006ab1   Thumb Code     0  printfa.o(i.__0printf)
    printf                                   0x08006ab1   Thumb Code     0  printfa.o(i.__0printf)
    __0sprintf                               0x08006ad1   Thumb Code    34  printfa.o(i.__0sprintf)
    __1sprintf                               0x08006ad1   Thumb Code     0  printfa.o(i.__0sprintf)
    __2sprintf                               0x08006ad1   Thumb Code     0  printfa.o(i.__0sprintf)
    __c89sprintf                             0x08006ad1   Thumb Code     0  printfa.o(i.__0sprintf)
    sprintf                                  0x08006ad1   Thumb Code     0  printfa.o(i.__0sprintf)
    __0vsnprintf                             0x08006af9   Thumb Code    40  printfa.o(i.__0vsnprintf)
    __1vsnprintf                             0x08006af9   Thumb Code     0  printfa.o(i.__0vsnprintf)
    __2vsnprintf                             0x08006af9   Thumb Code     0  printfa.o(i.__0vsnprintf)
    __c89vsnprintf                           0x08006af9   Thumb Code     0  printfa.o(i.__0vsnprintf)
    vsnprintf                                0x08006af9   Thumb Code     0  printfa.o(i.__0vsnprintf)
    __aeabi_errno_addr                       0x08006b25   Thumb Code     4  errno.o(i.__aeabi_errno_addr)
    __rt_errno_addr                          0x08006b25   Thumb Code     0  errno.o(i.__aeabi_errno_addr)
    __hardfp_atof                            0x08006b31   Thumb Code    44  atof.o(i.__hardfp_atof)
    __read_errno                             0x08006b69   Thumb Code     6  errno.o(i.__read_errno)
    __scatterload_copy                       0x08006b75   Thumb Code    14  handlers.o(i.__scatterload_copy)
    __scatterload_null                       0x08006b83   Thumb Code     2  handlers.o(i.__scatterload_null)
    __scatterload_zeroinit                   0x08006b85   Thumb Code    14  handlers.o(i.__scatterload_zeroinit)
    __set_errno                              0x08006b95   Thumb Code     6  errno.o(i.__set_errno)
    _is_digit                                0x08006d25   Thumb Code    14  scanf_fp.o(i._is_digit)
    clust2sect                               0x080079ad   Thumb Code    26  ff.o(i.clust2sect)
    disk_initialize                          0x080082c5   Thumb Code    30  diskio.o(i.disk_initialize)
    disk_ioctl                               0x080082e9   Thumb Code    72  diskio.o(i.disk_ioctl)
    disk_read                                0x08008335   Thumb Code    86  diskio.o(i.disk_read)
    disk_status                              0x08008395   Thumb Code    16  diskio.o(i.disk_status)
    disk_write                               0x080083a5   Thumb Code    86  diskio.o(i.disk_write)
    f_chmod                                  0x0800842d   Thumb Code    92  ff.o(i.f_chmod)
    f_close                                  0x08008489   Thumb Code    32  ff.o(i.f_close)
    f_lseek                                  0x080084a9   Thumb Code   430  ff.o(i.f_lseek)
    f_mkdir                                  0x08008657   Thumb Code   358  ff.o(i.f_mkdir)
    f_mount                                  0x080087bd   Thumb Code    48  ff.o(i.f_mount)
    f_open                                   0x080087f1   Thumb Code   416  ff.o(i.f_open)
    f_opendir                                0x08008991   Thumb Code   120  ff.o(i.f_opendir)
    f_readdir                                0x08008a09   Thumb Code   100  ff.o(i.f_readdir)
    f_sync                                   0x08008a6d   Thumb Code   176  ff.o(i.f_sync)
    f_write                                  0x08008b1d   Thumb Code   524  ff.o(i.f_write)
    ff_convert                               0x08008d29   Thumb Code   116  cc936.o(i.ff_convert)
    ff_wtoupper                              0x08008da5   Thumb Code    46  cc936.o(i.ff_wtoupper)
    fputc                                    0x08008f95   Thumb Code    40  usart.o(i.fputc)
    gen_numname                              0x08008fc5   Thumb Code   190  ff.o(i.gen_numname)
    get_fat                                  0x08009083   Thumb Code   228  ff.o(i.get_fat)
    get_fattime                              0x08009169   Thumb Code     4  diskio.o(i.get_fattime)
    main                                     0x080093b9   Thumb Code    60  main.o(i.main)
    put_fat                                  0x08009545   Thumb Code   310  ff.o(i.put_fat)
    shujuneiruDATA_Analyze                   0x080096e5   Thumb Code   408  usart.o(i.shujuneiruDATA_Analyze)
    MSG_HOST_INIT                            0x08034742   Data          29  usbh_usr.o(.constdata)
    MSG_DEV_ATTACHED                         0x0803475f   Data          21  usbh_usr.o(.constdata)
    MSG_DEV_DISCONNECTED                     0x08034774   Data          24  usbh_usr.o(.constdata)
    MSG_DEV_ENUMERATED                       0x0803478c   Data          27  usbh_usr.o(.constdata)
    MSG_DEV_HIGHSPEED                        0x080347a7   Data          31  usbh_usr.o(.constdata)
    MSG_DEV_FULLSPEED                        0x080347c6   Data          31  usbh_usr.o(.constdata)
    MSG_DEV_LOWSPEED                         0x080347e5   Data          30  usbh_usr.o(.constdata)
    MSG_DEV_ERROR                            0x08034803   Data          18  usbh_usr.o(.constdata)
    MSG_MSC_CLASS                            0x08034815   Data          34  usbh_usr.o(.constdata)
    MSG_HID_CLASS                            0x08034837   Data          25  usbh_usr.o(.constdata)
    MSG_DISK_SIZE                            0x08034850   Data          33  usbh_usr.o(.constdata)
    MSG_LUN                                  0x08034871   Data          33  usbh_usr.o(.constdata)
    MSG_ROOT_CONT                            0x08034892   Data          29  usbh_usr.o(.constdata)
    MSG_WR_PROTECT                           0x080348af   Data          32  usbh_usr.o(.constdata)
    MSG_UNREC_ERROR                          0x080348cf   Data          28  usbh_usr.o(.constdata)
    __ctype_table                            0x080348eb   Data         129  ctype_o.o(.constdata)
    Region$$Table$$Base                      0x080349b8   Number         0  anon$$obj.o(Region$$Table)
    Region$$Table$$Limit                     0x080349d8   Number         0  anon$$obj.o(Region$$Table)
    crc_value                                0x20000000   Data           2  demo_fatfs.o(.data)
    value                                    0x20000002   Data           2  demo_fatfs.o(.data)
    QDvalue                                  0x20000004   Data           2  demo_fatfs.o(.data)
    ptr                                      0x20000008   Data           4  demo_fatfs.o(.data)
    writeCount                               0x2000000c   Data           4  demo_fatfs.o(.data)
    s_flag                                   0x20000010   Data           1  demo_fatfs.o(.data)
    buff                                     0x20000011   Data           2  demo_fatfs.o(.data)
    csvWriteCount                            0x20000018   Data           4  demo_fatfs.o(.data)
    g_iRunTime                               0x20000028   Data           4  bsp_timer.o(.data)
    MSC_Setup                                0x20000054   Data           8  usbh_msc_core.o(.data)
    MSCErrorCount                            0x2000005c   Data           1  usbh_msc_core.o(.data)
    USBH_MSC_cb                              0x20000060   Data          16  usbh_msc_core.o(.data)
    USBH_HCD_INT_cb                          0x20000074   Data          12  usbh_core.o(.data)
    USBH_HCD_INT_fops                        0x20000080   Data           4  usbh_core.o(.data)
    USR_cb                                   0x2000008c   Data          72  usbh_usr.o(.data)
    HSEStartUpStatus                         0x200000d8   Data           1  usb_bsp.o(.data)
    BSP_delay                                0x200000dc   Data           4  usb_bsp.o(.data)
    DYvalue                                  0x200000e0   Data           2  usart.o(.data)
    CSVvalue                                 0x200000e2   Data           2  usart.o(.data)
    buf_index                                0x200000e4   Data           2  usart.o(.data)
    i                                        0x200000e6   Data           1  usart.o(.data)
    rx_flag                                  0x200000e7   Data           1  usart.o(.data)
    ch_num                                   0x200000e8   Data           2  usart.o(.data)
    num                                      0x200000ea   Data           2  usart.o(.data)
    RS232_REC_Flag                           0x200000ec   Data           1  rs232.o(.data)
    RS232_rec_counter                        0x200000f0   Data           4  rs232.o(.data)
    LED_thing_FLAG                           0x200000f4   Data           1  led.o(.data)
    LED_thing_time                           0x200000f5   Data           1  led.o(.data)
    __stdout                                 0x200000f8   Data           4  stdout.o(.data)
    g_TestBuf                                0x20000100   Data        4096  demo_fatfs.o(.bss)
    USBH_MSC_CBWData                         0x200011a4   Data          32  usbh_msc_bot.o(.bss)
    USBH_MSC_CSWData                         0x200011c4   Data          16  usbh_msc_bot.o(.bss)
    USBH_MSC_BOTXferParam                    0x200011d4   Data          16  usbh_msc_bot.o(.bss)
    MSC_Machine                              0x200011e4   Data         522  usbh_msc_core.o(.bss)
    USBH_MSC_Param                           0x200013f0   Data          16  usbh_msc_scsi.o(.bss)
    USBH_DataInBuffer                        0x20001400   Data         512  usbh_msc_scsi.o(.bss)
    USBH_DataOutBuffer                       0x20001600   Data         512  usbh_msc_scsi.o(.bss)
    USBH_CfgDesc                             0x20001800   Data         512  usbh_stdreq.o(.bss)
    USB_OTG_Core                             0x20001a00   Data        1452  usbh_usr.o(.bss)
    USB_Host                                 0x20001fac   Data         132  usbh_usr.o(.bss)
    RX_Buffer                                0x20002030   Data         255  dma.o(.bss)
    TX_Buffer                                0x2000212f   Data         255  dma.o(.bss)
    printf_buf                               0x20002230   Data         256  usart.o(.bss)
    Data                                     0x20002330   Data          16  usart.o(.bss)
    RS232_buff                               0x20002340   Data         100  rs232.o(.bss)
    PWM_Breathe_Table                        0x200023a4   Data        4000  dmapwm.o(.bss)
    __initial_sp                             0x20009348   Data           0  startup_stm32f4xx.o(STACK)



==============================================================================

Memory Map of the image

  Image Entry point : 0x08000189

  Load Region LR_IROM1 (Base: 0x08000000, Size: 0x00034ad8, Max: 0x00080000, ABSOLUTE)

    Execution Region ER_IROM1 (Exec base: 0x08000000, Load base: 0x08000000, Size: 0x000349d8, Max: 0x00080000, ABSOLUTE)

    Exec Addr    Load Addr    Size         Type   Attr      Idx    E Section Name        Object

    0x08000000   0x08000000   0x00000188   Data   RO          648    RESET               startup_stm32f4xx.o
    0x08000188   0x08000188   0x00000000   Code   RO         3945  * .ARM.Collect$$$$00000000  mc_w.l(entry.o)
    0x08000188   0x08000188   0x00000004   Code   RO         4229    .ARM.Collect$$$$00000001  mc_w.l(entry2.o)
    0x0800018c   0x0800018c   0x00000004   Code   RO         4232    .ARM.Collect$$$$00000004  mc_w.l(entry5.o)
    0x08000190   0x08000190   0x00000000   Code   RO         4234    .ARM.Collect$$$$00000008  mc_w.l(entry7b.o)
    0x08000190   0x08000190   0x00000000   Code   RO         4236    .ARM.Collect$$$$0000000A  mc_w.l(entry8b.o)
    0x08000190   0x08000190   0x00000008   Code   RO         4237    .ARM.Collect$$$$0000000B  mc_w.l(entry9a.o)
    0x08000198   0x08000198   0x00000000   Code   RO         4239    .ARM.Collect$$$$0000000D  mc_w.l(entry10a.o)
    0x08000198   0x08000198   0x00000000   Code   RO         4241    .ARM.Collect$$$$0000000F  mc_w.l(entry11a.o)
    0x08000198   0x08000198   0x00000004   Code   RO         4230    .ARM.Collect$$$$00002712  mc_w.l(entry2.o)
    0x0800019c   0x0800019c   0x00000024   Code   RO          649    .text               startup_stm32f4xx.o
    0x080001c0   0x080001c0   0x00000024   Code   RO         3948    .text               mc_w.l(memcpya.o)
    0x080001e4   0x080001e4   0x00000024   Code   RO         3950    .text               mc_w.l(memseta.o)
    0x08000208   0x08000208   0x0000000e   Code   RO         3952    .text               mc_w.l(strlen.o)
    0x08000216   0x08000216   0x0000001c   Code   RO         3954    .text               mc_w.l(strcmp.o)
    0x08000232   0x08000232   0x00000012   Code   RO         3956    .text               mc_w.l(strcpy.o)
    0x08000244   0x08000244   0x00000020   Code   RO         3958    .text               mc_w.l(strrchr.o)
    0x08000264   0x08000264   0x0000001a   Code   RO         4223    .text               mc_w.l(atoi.o)
    0x0800027e   0x0800027e   0x00000026   Code   RO         4225    .text               mf_w.l(f2d.o)
    0x080002a4   0x080002a4   0x00000038   Code   RO         4227    .text               mf_w.l(d2f.o)
    0x080002dc   0x080002dc   0x0000002c   Code   RO         4244    .text               mc_w.l(uidiv.o)
    0x08000308   0x08000308   0x00000062   Code   RO         4246    .text               mc_w.l(uldiv.o)
    0x0800036a   0x0800036a   0x00000002   PAD
    0x0800036c   0x0800036c   0x0000009c   Code   RO         4255    .text               mc_w.l(strtod.o)
    0x08000408   0x08000408   0x00000070   Code   RO         4257    .text               mc_w.l(strtol.o)
    0x08000478   0x08000478   0x00000000   Code   RO         4259    .text               mc_w.l(iusefp.o)
    0x08000478   0x08000478   0x0000006e   Code   RO         4260    .text               mf_w.l(fepilogue.o)
    0x080004e6   0x080004e6   0x0000014e   Code   RO         4262    .text               mf_w.l(dadd.o)
    0x08000634   0x08000634   0x000000e4   Code   RO         4264    .text               mf_w.l(dmul.o)
    0x08000718   0x08000718   0x000000de   Code   RO         4266    .text               mf_w.l(ddiv.o)
    0x080007f6   0x080007f6   0x00000030   Code   RO         4268    .text               mf_w.l(dfixul.o)
    0x08000826   0x08000826   0x00000002   PAD
    0x08000828   0x08000828   0x00000030   Code   RO         4270    .text               mf_w.l(cdrcmple.o)
    0x08000858   0x08000858   0x00000024   Code   RO         4272    .text               mc_w.l(init.o)
    0x0800087c   0x0800087c   0x0000001e   Code   RO         4274    .text               mc_w.l(llshl.o)
    0x0800089a   0x0800089a   0x00000020   Code   RO         4276    .text               mc_w.l(llushr.o)
    0x080008ba   0x080008ba   0x00000024   Code   RO         4278    .text               mc_w.l(llsshr.o)
    0x080008de   0x080008de   0x00000002   PAD
    0x080008e0   0x080008e0   0x00000008   Code   RO         4282    .text               mc_w.l(ctype_o.o)
    0x080008e8   0x080008e8   0x00000012   Code   RO         4304    .text               mc_w.l(isspace_o.o)
    0x080008fa   0x080008fa   0x00000002   PAD
    0x080008fc   0x080008fc   0x00000360   Code   RO         4310    .text               mc_w.l(scanf_fp.o)
    0x08000c5c   0x08000c5c   0x00000040   Code   RO         4314    .text               mc_w.l(_sgetc.o)
    0x08000c9c   0x08000c9c   0x0000009e   Code   RO         4316    .text               mc_w.l(_strtoul.o)
    0x08000d3a   0x08000d3a   0x000000ba   Code   RO         4318    .text               mf_w.l(depilogue.o)
    0x08000df4   0x08000df4   0x0000001c   Code   RO         4323    .text               mc_w.l(_chval.o)
    0x08000e10   0x08000e10   0x00000018   Code   RO         4325    .text               mf_w.l(dfltul.o)
    0x08000e28   0x08000e28   0x0000002c   Code   RO         3484    i.BSP_Delay         usb_bsp.o
    0x08000e54   0x08000e54   0x0000006a   Code   RO         3485    i.BSP_SetTime       usb_bsp.o
    0x08000ebe   0x08000ebe   0x00000004   Code   RO          560    i.BusFault_Handler  stm32f4xx_it.o
    0x08000ec2   0x08000ec2   0x00000054   Code   RO         3577    i.CRC16_MODBUS      crc.o
    0x08000f16   0x08000f16   0x00000002   PAD
    0x08000f18   0x08000f18   0x0000015c   Code   RO         3685    i.CSVData_Analyze   usart.o
    0x08001074   0x08001074   0x000002d0   Code   RO          192    i.CreateNewCSVFile  demo_fatfs.o
    0x08001344   0x08001344   0x00000280   Code   RO          193    i.CreateNewFile     demo_fatfs.o
    0x080015c4   0x080015c4   0x00000034   Code   RO         1852    i.DMA_ClearFlag     stm32f4xx_dma.o
    0x080015f8   0x080015f8   0x00000016   Code   RO         1854    i.DMA_Cmd           stm32f4xx_dma.o
    0x0800160e   0x0800160e   0x00000002   PAD
    0x08001610   0x08001610   0x00000158   Code   RO         1855    i.DMA_DeInit        stm32f4xx_dma.o
    0x08001768   0x08001768   0x00000014   Code   RO         1859    i.DMA_GetCmdStatus  stm32f4xx_dma.o
    0x0800177c   0x0800177c   0x00000008   Code   RO         1860    i.DMA_GetCurrDataCounter  stm32f4xx_dma.o
    0x08001784   0x08001784   0x00000044   Code   RO         1863    i.DMA_GetFlagStatus  stm32f4xx_dma.o
    0x080017c8   0x080017c8   0x00000058   Code   RO         1866    i.DMA_Init          stm32f4xx_dma.o
    0x08001820   0x08001820   0x00000010   Code   RO         3892    i.DMA_PWM_Init      pwm.o
    0x08001830   0x08001830   0x00000060   Code   RO         3641    i.DMA_Send          dma.o
    0x08001890   0x08001890   0x00000004   Code   RO         1869    i.DMA_SetCurrDataCounter  stm32f4xx_dma.o
    0x08001894   0x08001894   0x00000002   Code   RO          561    i.DebugMon_Handler  stm32f4xx_it.o
    0x08001896   0x08001896   0x00000002   PAD
    0x08001898   0x08001898   0x00000058   Code   RO          196    i.DemoFatFS         demo_fatfs.o
    0x080018f0   0x080018f0   0x00000090   Code   RO         1017    i.GPIO_Init         stm32f4xx_gpio.o
    0x08001980   0x08001980   0x00000046   Code   RO         1018    i.GPIO_PinAFConfig  stm32f4xx_gpio.o
    0x080019c6   0x080019c6   0x00000004   Code   RO         1024    i.GPIO_ResetBits    stm32f4xx_gpio.o
    0x080019ca   0x080019ca   0x00000004   Code   RO         1025    i.GPIO_SetBits      stm32f4xx_gpio.o
    0x080019ce   0x080019ce   0x0000000a   Code   RO         3280    i.HCD_GetCurrentFrame  usb_hcd.o
    0x080019d8   0x080019d8   0x00000014   Code   RO         3281    i.HCD_GetCurrentSpeed  usb_hcd.o
    0x080019ec   0x080019ec   0x0000000a   Code   RO         3283    i.HCD_GetURB_State  usb_hcd.o
    0x080019f6   0x080019f6   0x0000000c   Code   RO         3284    i.HCD_GetXferCnt    usb_hcd.o
    0x08001a02   0x08001a02   0x00000060   Code   RO         3286    i.HCD_Init          usb_hcd.o
    0x08001a62   0x08001a62   0x00000008   Code   RO         3287    i.HCD_IsDeviceConnected  usb_hcd.o
    0x08001a6a   0x08001a6a   0x0000000e   Code   RO         3288    i.HCD_ResetPort     usb_hcd.o
    0x08001a78   0x08001a78   0x00000020   Code   RO         3289    i.HCD_SubmitRequest  usb_hcd.o
    0x08001a98   0x08001a98   0x00000058   Code   RO          562    i.HardFault_Handler  stm32f4xx_it.o
    0x08001af0   0x08001af0   0x00000026   Code   RO         3578    i.InvertUint16      crc.o
    0x08001b16   0x08001b16   0x00000026   Code   RO         3579    i.InvertUint8       crc.o
    0x08001b3c   0x08001b3c   0x00000034   Code   RO         3833    i.LED_FLAG_LOOP     led.o
    0x08001b70   0x08001b70   0x00000028   Code   RO         3834    i.LED_FLAG_Run      led.o
    0x08001b98   0x08001b98   0x00000048   Code   RO         3835    i.LED_GPIO_Config   led.o
    0x08001be0   0x08001be0   0x00000004   Code   RO          563    i.MemManage_Handler  stm32f4xx_it.o
    0x08001be4   0x08001be4   0x00000002   Code   RO          564    i.NMI_Handler       stm32f4xx_it.o
    0x08001be6   0x08001be6   0x00000002   PAD
    0x08001be8   0x08001be8   0x00000078   Code   RO          976    i.NVIC_Init         misc.o
    0x08001c60   0x08001c60   0x00000014   Code   RO          977    i.NVIC_PriorityGroupConfig  misc.o
    0x08001c74   0x08001c74   0x00000014   Code   RO          978    i.NVIC_SetVectorTable  misc.o
    0x08001c88   0x08001c88   0x00000010   Code   RO         3554    i.OTG_HS_IRQHandler  usbh_it.o
    0x08001c98   0x08001c98   0x00000038   Code   RO         3893    i.PWM_Table_Init    pwm.o
    0x08001cd0   0x08001cd0   0x00000002   Code   RO          565    i.PendSV_Handler    stm32f4xx_it.o
    0x08001cd2   0x08001cd2   0x00000002   PAD
    0x08001cd4   0x08001cd4   0x00000020   Code   RO          654    i.RCC_AHB1PeriphClockCmd  stm32f4xx_rcc.o
    0x08001cf4   0x08001cf4   0x00000020   Code   RO          663    i.RCC_APB1PeriphClockCmd  stm32f4xx_rcc.o
    0x08001d14   0x08001d14   0x00000020   Code   RO          665    i.RCC_APB1PeriphResetCmd  stm32f4xx_rcc.o
    0x08001d34   0x08001d34   0x00000020   Code   RO          666    i.RCC_APB2PeriphClockCmd  stm32f4xx_rcc.o
    0x08001d54   0x08001d54   0x00000020   Code   RO          668    i.RCC_APB2PeriphResetCmd  stm32f4xx_rcc.o
    0x08001d74   0x08001d74   0x000000e8   Code   RO          675    i.RCC_GetClocksFreq  stm32f4xx_rcc.o
    0x08001e5c   0x08001e5c   0x00000030   Code   RO         3776    i.RS232_Printf      rs232.o
    0x08001e8c   0x08001e8c   0x0000002c   Code   RO         3777    i.RS232_Send_Data   rs232.o
    0x08001eb8   0x08001eb8   0x0000016c   Code   RO          198    i.ReadCSVFileNumber  demo_fatfs.o
    0x08002024   0x08002024   0x0000016c   Code   RO          200    i.ReadFileNumber    demo_fatfs.o
    0x08002190   0x08002190   0x00000002   Code   RO          566    i.SVC_Handler       stm32f4xx_it.o
    0x08002192   0x08002192   0x00000002   PAD
    0x08002194   0x08002194   0x00000084   Code   RO          202    i.SetCSVFileReadOnly  demo_fatfs.o
    0x08002218   0x08002218   0x000000ec   Code   RO         2166    i.SetSysClock       system_stm32f4xx.o
    0x08002304   0x08002304   0x00000008   Code   RO          357    i.SysTick_Handler   bsp_timer.o
    0x0800230c   0x0800230c   0x0000007c   Code   RO          358    i.SysTick_ISR       bsp_timer.o
    0x08002388   0x08002388   0x00000068   Code   RO         2168    i.SystemInit        system_stm32f4xx.o
    0x080023f0   0x080023f0   0x00000080   Code   RO         3921    i.TIM1_CH4_DMA_Init  dmapwm.o
    0x08002470   0x08002470   0x000000bc   Code   RO         3894    i.TIM1_PWM_Init     pwm.o
    0x0800252c   0x0800252c   0x00000008   Code   RO         3555    i.TIM2_IRQHandler   usbh_it.o
    0x08002534   0x08002534   0x00000030   Code   RO         3867    i.TIM3_IRQHandler   timer.o
    0x08002564   0x08002564   0x00000018   Code   RO         1298    i.TIM_ARRPreloadConfig  stm32f4xx_tim.o
    0x0800257c   0x0800257c   0x00000006   Code   RO         1305    i.TIM_ClearITPendingBit  stm32f4xx_tim.o
    0x08002582   0x08002582   0x00000018   Code   RO         1310    i.TIM_Cmd           stm32f4xx_tim.o
    0x0800259a   0x0800259a   0x00000002   PAD
    0x0800259c   0x0800259c   0x00000064   Code   RO         3868    i.TIM_Configuration  timer.o
    0x08002600   0x08002600   0x0000001e   Code   RO         1312    i.TIM_CtrlPWMOutputs  stm32f4xx_tim.o
    0x0800261e   0x0800261e   0x00000012   Code   RO         1313    i.TIM_DMACmd        stm32f4xx_tim.o
    0x08002630   0x08002630   0x00000022   Code   RO         1331    i.TIM_GetITStatus   stm32f4xx_tim.o
    0x08002652   0x08002652   0x00000012   Code   RO         1335    i.TIM_ITConfig      stm32f4xx_tim.o
    0x08002664   0x08002664   0x00000078   Code   RO         1354    i.TIM_OC4Init       stm32f4xx_tim.o
    0x080026dc   0x080026dc   0x0000001a   Code   RO         1356    i.TIM_OC4PreloadConfig  stm32f4xx_tim.o
    0x080026f6   0x080026f6   0x00000002   PAD
    0x080026f8   0x080026f8   0x00000084   Code   RO         1382    i.TIM_TimeBaseInit  stm32f4xx_tim.o
    0x0800277c   0x0800277c   0x000000f0   Code   RO         3779    i.USART1_Configuration  rs232.o
    0x0800286c   0x0800286c   0x0000008c   Code   RO         3780    i.USART1_IRQHandler  rs232.o
    0x080028f8   0x080028f8   0x0000007c   Code   RO         3642    i.USART6_DMA_Rx_Init  dma.o
    0x08002974   0x08002974   0x0000007c   Code   RO         3643    i.USART6_DMA_Tx_Init  dma.o
    0x080029f0   0x080029f0   0x000000ac   Code   RO         3687    i.USART6_IRQHandler  usart.o
    0x08002a9c   0x08002a9c   0x00000012   Code   RO         1110    i.USART_ClearFlag   stm32f4xx_usart.o
    0x08002aae   0x08002aae   0x0000001e   Code   RO         1111    i.USART_ClearITPendingBit  stm32f4xx_usart.o
    0x08002acc   0x08002acc   0x00000020   Code   RO         1112    i.USART_ClockInit   stm32f4xx_usart.o
    0x08002aec   0x08002aec   0x0000000c   Code   RO         1113    i.USART_ClockStructInit  stm32f4xx_usart.o
    0x08002af8   0x08002af8   0x00000018   Code   RO         1114    i.USART_Cmd         stm32f4xx_usart.o
    0x08002b10   0x08002b10   0x00000012   Code   RO         1115    i.USART_DMACmd      stm32f4xx_usart.o
    0x08002b22   0x08002b22   0x00000002   PAD
    0x08002b24   0x08002b24   0x000000b4   Code   RO         1116    i.USART_DeInit      stm32f4xx_usart.o
    0x08002bd8   0x08002bd8   0x0000001a   Code   RO         1117    i.USART_GetFlagStatus  stm32f4xx_usart.o
    0x08002bf2   0x08002bf2   0x00000054   Code   RO         1118    i.USART_GetITStatus  stm32f4xx_usart.o
    0x08002c46   0x08002c46   0x0000004a   Code   RO         1120    i.USART_ITConfig    stm32f4xx_usart.o
    0x08002c90   0x08002c90   0x000000d4   Code   RO         1121    i.USART_Init        stm32f4xx_usart.o
    0x08002d64   0x08002d64   0x0000000a   Code   RO         1128    i.USART_ReceiveData  stm32f4xx_usart.o
    0x08002d6e   0x08002d6e   0x00000008   Code   RO         1131    i.USART_SendData    stm32f4xx_usart.o
    0x08002d76   0x08002d76   0x00000018   Code   RO         1137    i.USART_StructInit  stm32f4xx_usart.o
    0x08002d8e   0x08002d8e   0x00000026   Code   RO         2816    i.USBH_Alloc_Channel  usbh_hcs.o
    0x08002db4   0x08002db4   0x00000060   Code   RO         2861    i.USBH_BulkReceiveData  usbh_ioreq.o
    0x08002e14   0x08002e14   0x0000005e   Code   RO         2862    i.USBH_BulkSendData  usbh_ioreq.o
    0x08002e72   0x08002e72   0x0000004c   Code   RO         2936    i.USBH_ClrFeature   usbh_stdreq.o
    0x08002ebe   0x08002ebe   0x0000000c   Code   RO         2747    i.USBH_Connected    usbh_core.o
    0x08002eca   0x08002eca   0x00000046   Code   RO         2863    i.USBH_CtlReceiveData  usbh_ioreq.o
    0x08002f10   0x08002f10   0x00000064   Code   RO         2864    i.USBH_CtlReq       usbh_ioreq.o
    0x08002f74   0x08002f74   0x0000006e   Code   RO         2865    i.USBH_CtlSendData  usbh_ioreq.o
    0x08002fe2   0x08002fe2   0x00000042   Code   RO         2866    i.USBH_CtlSendSetup  usbh_ioreq.o
    0x08003024   0x08003024   0x0000001c   Code   RO         2817    i.USBH_DeAllocate_AllChannel  usbh_hcs.o
    0x08003040   0x08003040   0x0000003a   Code   RO         2748    i.USBH_DeInit       usbh_core.o
    0x0800307a   0x0800307a   0x0000000c   Code   RO         2749    i.USBH_Disconnected  usbh_core.o
    0x08003086   0x08003086   0x0000002e   Code   RO         2750    i.USBH_ErrorHandle  usbh_core.o
    0x080030b4   0x080030b4   0x0000001e   Code   RO         2818    i.USBH_Free_Channel  usbh_hcs.o
    0x080030d2   0x080030d2   0x00000044   Code   RO         2937    i.USBH_GetDescriptor  usbh_stdreq.o
    0x08003116   0x08003116   0x00000028   Code   RO         2819    i.USBH_GetFreeChannel  usbh_hcs.o
    0x0800313e   0x0800313e   0x00000012   Code   RO         2938    i.USBH_GetNextDesc  usbh_stdreq.o
    0x08003150   0x08003150   0x0000005c   Code   RO         2939    i.USBH_Get_CfgDesc  usbh_stdreq.o
    0x080031ac   0x080031ac   0x00000038   Code   RO         2940    i.USBH_Get_DevDesc  usbh_stdreq.o
    0x080031e4   0x080031e4   0x0000003c   Code   RO         2941    i.USBH_Get_StringDesc  usbh_stdreq.o
    0x08003220   0x08003220   0x00000224   Code   RO         2751    i.USBH_HandleControl  usbh_core.o
    0x08003444   0x08003444   0x000001dc   Code   RO         2752    i.USBH_HandleEnum   usbh_core.o
    0x08003620   0x08003620   0x00000044   Code   RO         2753    i.USBH_Init         usbh_core.o
    0x08003664   0x08003664   0x00000024   Code   RO         2641    i.USBH_MSC_BOTReset  usbh_msc_core.o
    0x08003688   0x08003688   0x00000060   Code   RO         2590    i.USBH_MSC_BOT_Abort  usbh_msc_bot.o
    0x080036e8   0x080036e8   0x00000014   Code   RO         2642    i.USBH_MSC_ClassRequest  usbh_msc_core.o
    0x080036fc   0x080036fc   0x00000080   Code   RO         2591    i.USBH_MSC_DecodeCSW  usbh_msc_bot.o
    0x0800377c   0x0800377c   0x00000044   Code   RO         2643    i.USBH_MSC_ErrorHandle  usbh_msc_core.o
    0x080037c0   0x080037c0   0x0000002c   Code   RO         2644    i.USBH_MSC_GETMaxLUN  usbh_msc_core.o
    0x080037ec   0x080037ec   0x000001a8   Code   RO         2645    i.USBH_MSC_Handle   usbh_msc_core.o
    0x08003994   0x08003994   0x00000350   Code   RO         2592    i.USBH_MSC_HandleBOTXfer  usbh_msc_bot.o
    0x08003ce4   0x08003ce4   0x00000044   Code   RO         2593    i.USBH_MSC_Init     usbh_msc_bot.o
    0x08003d28   0x08003d28   0x0000004c   Code   RO         2646    i.USBH_MSC_InterfaceDeInit  usbh_msc_core.o
    0x08003d74   0x08003d74   0x000000d0   Code   RO         2647    i.USBH_MSC_InterfaceInit  usbh_msc_core.o
    0x08003e44   0x08003e44   0x000000d0   Code   RO         2694    i.USBH_MSC_ModeSense6  usbh_msc_scsi.o
    0x08003f14   0x08003f14   0x00000100   Code   RO         2695    i.USBH_MSC_Read10   usbh_msc_scsi.o
    0x08004014   0x08004014   0x000000dc   Code   RO         2696    i.USBH_MSC_ReadCapacity10  usbh_msc_scsi.o
    0x080040f0   0x080040f0   0x000000e0   Code   RO         2697    i.USBH_MSC_RequestSense  usbh_msc_scsi.o
    0x080041d0   0x080041d0   0x000000b0   Code   RO         2698    i.USBH_MSC_TestUnitReady  usbh_msc_scsi.o
    0x08004280   0x08004280   0x000000e4   Code   RO         2699    i.USBH_MSC_Write10  usbh_msc_scsi.o
    0x08004364   0x08004364   0x00000064   Code   RO         2820    i.USBH_Modify_Channel  usbh_hcs.o
    0x080043c8   0x080043c8   0x000000a8   Code   RO         3032    i.USBH_OTG_ISR_Handler  usb_hcd_int.o
    0x08004470   0x08004470   0x0000009a   Code   RO         2821    i.USBH_Open_Channel  usbh_hcs.o
    0x0800450a   0x0800450a   0x00000002   PAD
    0x0800450c   0x0800450c   0x0000011c   Code   RO         2942    i.USBH_ParseCfgDesc  usbh_stdreq.o
    0x08004628   0x08004628   0x00000058   Code   RO         2943    i.USBH_ParseDevDesc  usbh_stdreq.o
    0x08004680   0x08004680   0x00000020   Code   RO         2944    i.USBH_ParseEPDesc  usbh_stdreq.o
    0x080046a0   0x080046a0   0x00000026   Code   RO         2945    i.USBH_ParseInterfaceDesc  usbh_stdreq.o
    0x080046c6   0x080046c6   0x00000036   Code   RO         2946    i.USBH_ParseStringDesc  usbh_stdreq.o
    0x080046fc   0x080046fc   0x00000198   Code   RO         2754    i.USBH_Process      usbh_core.o
    0x08004894   0x08004894   0x00000006   Code   RO         2755    i.USBH_SOF          usbh_core.o
    0x0800489a   0x0800489a   0x00000026   Code   RO         2947    i.USBH_SetAddress   usbh_stdreq.o
    0x080048c0   0x080048c0   0x00000026   Code   RO         2948    i.USBH_SetCfg       usbh_stdreq.o
    0x080048e6   0x080048e6   0x00000018   Code   RO         2871    i.USBH_SubmitSetupRequest  usbh_ioreq.o
    0x080048fe   0x080048fe   0x00000002   PAD
    0x08004900   0x08004900   0x00000034   Code   RO         3350    i.USBH_USR_Configuration_DescAvailable  usbh_usr.o
    0x08004934   0x08004934   0x00000002   Code   RO         3351    i.USBH_USR_DeInit   usbh_usr.o
    0x08004936   0x08004936   0x00000002   Code   RO         3352    i.USBH_USR_DeviceAddressAssigned  usbh_usr.o
    0x08004938   0x08004938   0x00000010   Code   RO         3353    i.USBH_USR_DeviceAttached  usbh_usr.o
    0x08004948   0x08004948   0x00000010   Code   RO         3354    i.USBH_USR_DeviceDisconnected  usbh_usr.o
    0x08004958   0x08004958   0x00000028   Code   RO         3355    i.USBH_USR_DeviceNotSupported  usbh_usr.o
    0x08004980   0x08004980   0x00000040   Code   RO         3356    i.USBH_USR_DeviceSpeedDetected  usbh_usr.o
    0x080049c0   0x080049c0   0x00000038   Code   RO         3357    i.USBH_USR_Device_DescAvailable  usbh_usr.o
    0x080049f8   0x080049f8   0x00000010   Code   RO         3358    i.USBH_USR_EnumerationDone  usbh_usr.o
    0x08004a08   0x08004a08   0x00000080   Code   RO         3359    i.USBH_USR_Init     usbh_usr.o
    0x08004a88   0x08004a88   0x00000004   Code   RO         3360    i.USBH_USR_MSC_Application  usbh_usr.o
    0x08004a8c   0x08004a8c   0x00000028   Code   RO         3361    i.USBH_USR_Manufacturer_String  usbh_usr.o
    0x08004ab4   0x08004ab4   0x00000028   Code   RO         3362    i.USBH_USR_OverCurrentDetected  usbh_usr.o
    0x08004adc   0x08004adc   0x00000024   Code   RO         3363    i.USBH_USR_Product_String  usbh_usr.o
    0x08004b00   0x08004b00   0x00000028   Code   RO         3364    i.USBH_USR_ResetDevice  usbh_usr.o
    0x08004b28   0x08004b28   0x00000028   Code   RO         3365    i.USBH_USR_SerialNum_String  usbh_usr.o
    0x08004b50   0x08004b50   0x00000010   Code   RO         3366    i.USBH_USR_UnrecoveredError  usbh_usr.o
    0x08004b60   0x08004b60   0x00000004   Code   RO         3367    i.USBH_USR_UserInput  usbh_usr.o
    0x08004b64   0x08004b64   0x00000002   Code   RO         3486    i.USB_OTG_BSP_ConfigVBUS  usb_bsp.o
    0x08004b66   0x08004b66   0x00000002   Code   RO         3487    i.USB_OTG_BSP_DriveVBUS  usb_bsp.o
    0x08004b68   0x08004b68   0x0000002c   Code   RO         3488    i.USB_OTG_BSP_EnableInterrupt  usb_bsp.o
    0x08004b94   0x08004b94   0x0000004c   Code   RO         3489    i.USB_OTG_BSP_Init  usb_bsp.o
    0x08004be0   0x08004be0   0x00000038   Code   RO         3490    i.USB_OTG_BSP_TimeInit  usb_bsp.o
    0x08004c18   0x08004c18   0x00000038   Code   RO         3491    i.USB_OTG_BSP_TimerIRQ  usb_bsp.o
    0x08004c50   0x08004c50   0x0000000e   Code   RO         3492    i.USB_OTG_BSP_mDelay  usb_bsp.o
    0x08004c5e   0x08004c5e   0x0000000e   Code   RO         3493    i.USB_OTG_BSP_uDelay  usb_bsp.o
    0x08004c6c   0x08004c6c   0x00000132   Code   RO         3098    i.USB_OTG_CoreInit  usb_core.o
    0x08004d9e   0x08004d9e   0x000000da   Code   RO         3099    i.USB_OTG_CoreInitHost  usb_core.o
    0x08004e78   0x08004e78   0x00000070   Code   RO         3100    i.USB_OTG_CoreReset  usb_core.o
    0x08004ee8   0x08004ee8   0x00000022   Code   RO         3101    i.USB_OTG_DisableGlobalInt  usb_core.o
    0x08004f0a   0x08004f0a   0x0000005c   Code   RO         3102    i.USB_OTG_DriveVbus  usb_core.o
    0x08004f66   0x08004f66   0x00000034   Code   RO         3103    i.USB_OTG_EnableCommonInt  usb_core.o
    0x08004f9a   0x08004f9a   0x00000022   Code   RO         3104    i.USB_OTG_EnableGlobalInt  usb_core.o
    0x08004fbc   0x08004fbc   0x00000074   Code   RO         3105    i.USB_OTG_EnableHostInt  usb_core.o
    0x08005030   0x08005030   0x0000004c   Code   RO         3106    i.USB_OTG_FlushRxFifo  usb_core.o
    0x0800507c   0x0800507c   0x00000054   Code   RO         3107    i.USB_OTG_FlushTxFifo  usb_core.o
    0x080050d0   0x080050d0   0x0000000c   Code   RO         3108    i.USB_OTG_GetMode   usb_core.o
    0x080050dc   0x080050dc   0x0000005a   Code   RO         3109    i.USB_OTG_HC_DoPing  usb_core.o
    0x08005136   0x08005136   0x00000082   Code   RO         3110    i.USB_OTG_HC_Halt   usb_core.o
    0x080051b8   0x080051b8   0x00000238   Code   RO         3111    i.USB_OTG_HC_Init   usb_core.o
    0x080053f0   0x080053f0   0x000001f6   Code   RO         3112    i.USB_OTG_HC_StartXfer  usb_core.o
    0x080055e6   0x080055e6   0x00000018   Code   RO         3113    i.USB_OTG_InitFSLSPClkSel  usb_core.o
    0x080055fe   0x080055fe   0x00000010   Code   RO         3115    i.USB_OTG_IsEvenFrame  usb_core.o
    0x0800560e   0x0800560e   0x00000014   Code   RO         3116    i.USB_OTG_IsHostMode  usb_core.o
    0x08005622   0x08005622   0x00000010   Code   RO         3117    i.USB_OTG_ReadCoreItr  usb_core.o
    0x08005632   0x08005632   0x00000030   Code   RO         3118    i.USB_OTG_ReadHPRT0  usb_core.o
    0x08005662   0x08005662   0x00000008   Code   RO         3119    i.USB_OTG_ReadHostAllChannels_intr  usb_core.o
    0x0800566a   0x0800566a   0x00000028   Code   RO         3121    i.USB_OTG_ReadPacket  usb_core.o
    0x08005692   0x08005692   0x00000040   Code   RO         3122    i.USB_OTG_ResetPort  usb_core.o
    0x080056d2   0x080056d2   0x00000002   PAD
    0x080056d4   0x080056d4   0x000000d8   Code   RO         3123    i.USB_OTG_SelectCore  usb_core.o
    0x080057ac   0x080057ac   0x0000004e   Code   RO         3124    i.USB_OTG_SetCurrentMode  usb_core.o
    0x080057fa   0x080057fa   0x00000002   PAD
    0x080057fc   0x080057fc   0x0000002c   Code   RO         3033    i.USB_OTG_USBH_handle_Disconnect_ISR  usb_hcd_int.o
    0x08005828   0x08005828   0x00000046   Code   RO         3034    i.USB_OTG_USBH_handle_IncompletePeriodicXfer_ISR  usb_hcd_int.o
    0x0800586e   0x0800586e   0x00000056   Code   RO         3035    i.USB_OTG_USBH_handle_hc_ISR  usb_hcd_int.o
    0x080058c4   0x080058c4   0x0000042a   Code   RO         3036    i.USB_OTG_USBH_handle_hc_n_In_ISR  usb_hcd_int.o
    0x08005cee   0x08005cee   0x000003d0   Code   RO         3037    i.USB_OTG_USBH_handle_hc_n_Out_ISR  usb_hcd_int.o
    0x080060be   0x080060be   0x0000012e   Code   RO         3038    i.USB_OTG_USBH_handle_nptxfempty_ISR  usb_hcd_int.o
    0x080061ec   0x080061ec   0x00000120   Code   RO         3039    i.USB_OTG_USBH_handle_port_ISR  usb_hcd_int.o
    0x0800630c   0x0800630c   0x0000012e   Code   RO         3040    i.USB_OTG_USBH_handle_ptxfempty_ISR  usb_hcd_int.o
    0x0800643a   0x0800643a   0x00000164   Code   RO         3041    i.USB_OTG_USBH_handle_rx_qlvl_ISR  usb_hcd_int.o
    0x0800659e   0x0800659e   0x00000002   PAD
    0x080065a0   0x080065a0   0x0000002c   Code   RO         3042    i.USB_OTG_USBH_handle_sof_ISR  usb_hcd_int.o
    0x080065cc   0x080065cc   0x00000040   Code   RO         3126    i.USB_OTG_WritePacket  usb_core.o
    0x0800660c   0x0800660c   0x00000390   Code   RO         3688    i.UartProtocol_DataAnalyze  usart.o
    0x0800699c   0x0800699c   0x00000004   Code   RO          567    i.UsageFault_Handler  stm32f4xx_it.o
    0x080069a0   0x080069a0   0x00000110   Code   RO         3689    i.Usart6_Init       usart.o
    0x08006ab0   0x08006ab0   0x00000020   Code   RO         4195    i.__0printf         mc_w.l(printfa.o)
    0x08006ad0   0x08006ad0   0x00000028   Code   RO         4197    i.__0sprintf        mc_w.l(printfa.o)
    0x08006af8   0x08006af8   0x0000002c   Code   RO         4200    i.__0vsnprintf      mc_w.l(printfa.o)
    0x08006b24   0x08006b24   0x00000008   Code   RO         4248    i.__aeabi_errno_addr  mc_w.l(errno.o)
    0x08006b2c   0x08006b2c   0x00000004   PAD
    0x08006b30   0x08006b30   0x00000038   Code   RO         3939    i.__hardfp_atof     m_wm.l(atof.o)
    0x08006b68   0x08006b68   0x0000000c   Code   RO         4249    i.__read_errno      mc_w.l(errno.o)
    0x08006b74   0x08006b74   0x0000000e   Code   RO         4329    i.__scatterload_copy  mc_w.l(handlers.o)
    0x08006b82   0x08006b82   0x00000002   Code   RO         4330    i.__scatterload_null  mc_w.l(handlers.o)
    0x08006b84   0x08006b84   0x0000000e   Code   RO         4331    i.__scatterload_zeroinit  mc_w.l(handlers.o)
    0x08006b92   0x08006b92   0x00000002   PAD
    0x08006b94   0x08006b94   0x0000000c   Code   RO         4250    i.__set_errno       mc_w.l(errno.o)
    0x08006ba0   0x08006ba0   0x00000184   Code   RO         4202    i._fp_digits        mc_w.l(printfa.o)
    0x08006d24   0x08006d24   0x0000000e   Code   RO         4312    i._is_digit         mc_w.l(scanf_fp.o)
    0x08006d32   0x08006d32   0x00000002   PAD
    0x08006d34   0x08006d34   0x000006dc   Code   RO         4203    i._printf_core      mc_w.l(printfa.o)
    0x08007410   0x08007410   0x00000024   Code   RO         4204    i._printf_post_padding  mc_w.l(printfa.o)
    0x08007434   0x08007434   0x0000002e   Code   RO         4205    i._printf_pre_padding  mc_w.l(printfa.o)
    0x08007462   0x08007462   0x00000016   Code   RO         4206    i._snputc           mc_w.l(printfa.o)
    0x08007478   0x08007478   0x0000000a   Code   RO         4207    i._sputc            mc_w.l(printfa.o)
    0x08007482   0x08007482   0x0000001c   Code   RO          365    i.bsp_SoftTimerDec  bsp_timer.o
    0x0800749e   0x0800749e   0x00000002   PAD
    0x080074a0   0x080074a0   0x00000090   Code   RO         2198    i.check_fs          ff.o
    0x08007530   0x08007530   0x00000018   Code   RO         2199    i.chk_chr           ff.o
    0x08007548   0x08007548   0x0000008c   Code   RO         2200    i.chk_lock          ff.o
    0x080075d4   0x080075d4   0x000003a8   Code   RO         2201    i.chk_mounted       ff.o
    0x0800797c   0x0800797c   0x00000030   Code   RO         2202    i.clear_lock        ff.o
    0x080079ac   0x080079ac   0x0000001a   Code   RO         2203    i.clust2sect        ff.o
    0x080079c6   0x080079c6   0x00000002   PAD
    0x080079c8   0x080079c8   0x00000090   Code   RO         2204    i.cmp_lfn           ff.o
    0x08007a58   0x08007a58   0x000000ca   Code   RO         2205    i.create_chain      ff.o
    0x08007b22   0x08007b22   0x00000002   PAD
    0x08007b24   0x08007b24   0x00000274   Code   RO         2206    i.create_name       ff.o
    0x08007d98   0x08007d98   0x0000004c   Code   RO         2207    i.dec_lock          ff.o
    0x08007de4   0x08007de4   0x00000056   Code   RO         2208    i.dir_alloc         ff.o
    0x08007e3a   0x08007e3a   0x000000de   Code   RO         2209    i.dir_find          ff.o
    0x08007f18   0x08007f18   0x00000114   Code   RO         2210    i.dir_next          ff.o
    0x0800802c   0x0800802c   0x000000c4   Code   RO         2211    i.dir_read          ff.o
    0x080080f0   0x080080f0   0x00000136   Code   RO         2212    i.dir_register      ff.o
    0x08008226   0x08008226   0x0000009c   Code   RO         2214    i.dir_sdi           ff.o
    0x080082c2   0x080082c2   0x00000002   PAD
    0x080082c4   0x080082c4   0x00000024   Code   RO         2509    i.disk_initialize   diskio.o
    0x080082e8   0x080082e8   0x0000004c   Code   RO         2510    i.disk_ioctl        diskio.o
    0x08008334   0x08008334   0x00000060   Code   RO         2511    i.disk_read         diskio.o
    0x08008394   0x08008394   0x00000010   Code   RO         2512    i.disk_status       diskio.o
    0x080083a4   0x080083a4   0x00000060   Code   RO         2513    i.disk_write        diskio.o
    0x08008404   0x08008404   0x00000028   Code   RO         2215    i.enq_lock          ff.o
    0x0800842c   0x0800842c   0x0000005c   Code   RO         2216    i.f_chmod           ff.o
    0x08008488   0x08008488   0x00000020   Code   RO         2217    i.f_close           ff.o
    0x080084a8   0x080084a8   0x000001ae   Code   RO         2219    i.f_lseek           ff.o
    0x08008656   0x08008656   0x00000166   Code   RO         2220    i.f_mkdir           ff.o
    0x080087bc   0x080087bc   0x00000034   Code   RO         2221    i.f_mount           ff.o
    0x080087f0   0x080087f0   0x000001a0   Code   RO         2222    i.f_open            ff.o
    0x08008990   0x08008990   0x00000078   Code   RO         2223    i.f_opendir         ff.o
    0x08008a08   0x08008a08   0x00000064   Code   RO         2225    i.f_readdir         ff.o
    0x08008a6c   0x08008a6c   0x000000b0   Code   RO         2228    i.f_sync            ff.o
    0x08008b1c   0x08008b1c   0x0000020c   Code   RO         2232    i.f_write           ff.o
    0x08008d28   0x08008d28   0x0000007c   Code   RO         2557    i.ff_convert        cc936.o
    0x08008da4   0x08008da4   0x00000038   Code   RO         2558    i.ff_wtoupper       cc936.o
    0x08008ddc   0x08008ddc   0x000000a2   Code   RO         3690    i.find_caret_fields  usart.o
    0x08008e7e   0x08008e7e   0x00000002   PAD
    0x08008e80   0x08008e80   0x00000080   Code   RO         2233    i.fit_lfn           ff.o
    0x08008f00   0x08008f00   0x00000094   Code   RO         2234    i.follow_path       ff.o
    0x08008f94   0x08008f94   0x00000030   Code   RO         3691    i.fputc             usart.o
    0x08008fc4   0x08008fc4   0x000000be   Code   RO         2235    i.gen_numname       ff.o
    0x08009082   0x08009082   0x000000e4   Code   RO         2236    i.get_fat           ff.o
    0x08009166   0x08009166   0x00000002   PAD
    0x08009168   0x08009168   0x00000008   Code   RO         2514    i.get_fattime       diskio.o
    0x08009170   0x08009170   0x0000014c   Code   RO         2237    i.get_fileinfo      ff.o
    0x080092bc   0x080092bc   0x000000dc   Code   RO         2238    i.inc_lock          ff.o
    0x08009398   0x08009398   0x00000020   Code   RO         2239    i.ld_clust          ff.o
    0x080093b8   0x080093b8   0x00000048   Code   RO            3    i.main              main.o
    0x08009400   0x08009400   0x00000026   Code   RO         2240    i.mem_cmp           ff.o
    0x08009426   0x08009426   0x0000001a   Code   RO         2241    i.mem_cpy           ff.o
    0x08009440   0x08009440   0x00000014   Code   RO         2242    i.mem_set           ff.o
    0x08009454   0x08009454   0x00000032   Code   RO         2243    i.move_window       ff.o
    0x08009486   0x08009486   0x00000016   Code   RO         3693    i.parse_2digit      usart.o
    0x0800949c   0x0800949c   0x00000034   Code   RO         3694    i.parse_4digit      usart.o
    0x080094d0   0x080094d0   0x00000074   Code   RO         2244    i.pick_lfn          ff.o
    0x08009544   0x08009544   0x00000136   Code   RO         2245    i.put_fat           ff.o
    0x0800967a   0x0800967a   0x00000068   Code   RO         2246    i.remove_chain      ff.o
    0x080096e2   0x080096e2   0x00000002   PAD
    0x080096e4   0x080096e4   0x00000208   Code   RO         3696    i.shujuneiruDATA_Analyze  usart.o
    0x080098ec   0x080098ec   0x00000010   Code   RO         2247    i.st_clust          ff.o
    0x080098fc   0x080098fc   0x00000020   Code   RO         2248    i.sum_sfn           ff.o
    0x0800991c   0x0800991c   0x000000c8   Code   RO         2249    i.sync_fs           ff.o
    0x080099e4   0x080099e4   0x00000052   Code   RO         2250    i.sync_window       ff.o
    0x08009a36   0x08009a36   0x00000036   Code   RO         2251    i.validate          ff.o
    0x08009a6c   0x08009a6c   0x0000000d   Data   RO         2253    .constdata          ff.o
    0x08009a79   0x08009a79   0x00000001   PAD
    0x08009a7a   0x08009a7a   0x0002acc8   Data   RO         2559    .constdata          cc936.o
    0x08034742   0x08034742   0x000001a9   Data   RO         3369    .constdata          usbh_usr.o
    0x080348eb   0x080348eb   0x00000081   Data   RO         4283    .constdata          mc_w.l(ctype_o.o)
    0x0803496c   0x0803496c   0x00000004   Data   RO         4284    .constdata          mc_w.l(ctype_o.o)
    0x08034970   0x08034970   0x00000048   Data   RO         3698    .conststring        usart.o
    0x080349b8   0x080349b8   0x00000020   Data   RO         4327    Region$$Table       anon$$obj.o


    Execution Region RW_IRAM2 (Exec base: 0x10000000, Load base: 0x08034ad8, Size: 0x00000000, Max: 0x00010000, ABSOLUTE)

    **** No section assigned to this execution region ****


    Execution Region RW_IRAM1 (Exec base: 0x20000000, Load base: 0x080349d8, Size: 0x00009348, Max: 0x00020000, ABSOLUTE)

    Exec Addr    Load Addr    Size         Type   Attr      Idx    E Section Name        Object

    0x20000000   0x080349d8   0x0000001d   Data   RW          206    .data               demo_fatfs.o
    0x2000001d   0x080349f5   0x00000003   PAD
    0x20000020   0x080349f8   0x0000000d   Data   RW          371    .data               bsp_timer.o
    0x2000002d   0x08034a05   0x00000010   Data   RW          698    .data               stm32f4xx_rcc.o
    0x2000003d   0x08034a15   0x00000001   PAD
    0x2000003e   0x08034a16   0x00000002   Data   RW         2254    .data               ff.o
    0x20000040   0x08034a18   0x00000011   Data   RW         2595    .data               usbh_msc_bot.o
    0x20000051   0x08034a29   0x00000003   PAD
    0x20000054   0x08034a2c   0x0000001d   Data   RW         2649    .data               usbh_msc_core.o
    0x20000071   0x08034a49   0x00000001   Data   RW         2701    .data               usbh_msc_scsi.o
    0x20000072   0x08034a4a   0x00000002   PAD
    0x20000074   0x08034a4c   0x00000012   Data   RW         2756    .data               usbh_core.o
    0x20000086   0x08034a5e   0x00000003   Data   RW         2951    .data               usbh_stdreq.o
    0x20000089   0x08034a61   0x00000003   PAD
    0x2000008c   0x08034a64   0x00000049   Data   RW         3370    .data               usbh_usr.o
    0x200000d5   0x08034aad   0x00000003   PAD
    0x200000d8   0x08034ab0   0x00000008   Data   RW         3494    .data               usb_bsp.o
    0x200000e0   0x08034ab8   0x0000000c   Data   RW         3699    .data               usart.o
    0x200000ec   0x08034ac4   0x00000008   Data   RW         3782    .data               rs232.o
    0x200000f4   0x08034acc   0x00000002   Data   RW         3836    .data               led.o
    0x200000f6   0x08034ace   0x00000002   PAD
    0x200000f8   0x08034ad0   0x00000004   Data   RW         4243    .data               mc_w.l(stdout.o)
    0x200000fc   0x08034ad4   0x00000004   Data   RW         4251    .data               mc_w.l(errno.o)
    0x20000100        -       0x00001044   Zero   RW          205    .bss                demo_fatfs.o
    0x20001144        -       0x00000030   Zero   RW          369    .bss                bsp_timer.o
    0x20001174        -       0x00000030   Zero   RW         2252    .bss                ff.o
    0x200011a4        -       0x00000040   Zero   RW         2594    .bss                usbh_msc_bot.o
    0x200011e4        -       0x0000020a   Zero   RW         2648    .bss                usbh_msc_core.o
    0x200013ee   0x08034ad8   0x00000002   PAD
    0x200013f0        -       0x00000410   Zero   RW         2700    .bss                usbh_msc_scsi.o
    0x20001800        -       0x00000200   Zero   RW         2950    .bss                usbh_stdreq.o
    0x20001a00        -       0x00000630   Zero   RW         3368    .bss                usbh_usr.o
    0x20002030        -       0x000001fe   Zero   RW         3644    .bss                dma.o
    0x2000222e   0x08034ad8   0x00000002   PAD
    0x20002230        -       0x00000110   Zero   RW         3697    .bss                usart.o
    0x20002340        -       0x00000064   Zero   RW         3781    .bss                rs232.o
    0x200023a4        -       0x00000fa0   Zero   RW         3922    .bss                dmapwm.o
    0x20003344   0x08034ad8   0x00000004   PAD
    0x20003348        -       0x00006000   Zero   RW          646    STACK               startup_stm32f4xx.o


==============================================================================

Image component sizes


      Code (inc. data)   RO Data    RW Data    ZI Data      Debug   Object Name

       160         22          0         13         48       3293   bsp_timer.o
       180         18     175304          0          0       3099   cc936.o
       160          0          0          0          0       2692   crc.o
      2308        758          0         29       4164      31932   demo_fatfs.o
       328         34          0          0          0       5092   diskio.o
       344         40          0          0        510       2955   dma.o
       128         14          0          0       4000       1380   dmapwm.o
      8280         92         13          2         48      48013   ff.o
       164         32          0          2          0       2113   led.o
        72         12          0          0          0     274579   main.o
       160         32          0          0          0       2697   misc.o
       260         12          0          0          0       1940   pwm.o
       472         30          0          8        100       4418   rs232.o
        36          8        392          0      24576        992   startup_stm32f4xx.o
       606         54          0          0          0       7527   stm32f4xx_dma.o
       222          0          0          0          0       3631   stm32f4xx_gpio.o
       108         50          0          0          0       4732   stm32f4xx_it.o
       392         48          0         16          0       6685   stm32f4xx_rcc.o
       432         36          0          0          0       8344   stm32f4xx_tim.o
       752         32          0          0          0      11896   stm32f4xx_usart.o
       340         32          0          0          0       1893   system_stm32f4xx.o
       148         14          0          0          0       1270   timer.o
      2508        498         72         12        272      10420   usart.o
       414         16          0          8          0       7552   usb_bsp.o
      3020         18          0          0          0      22127   usb_core.o
       202          0          0          0          0       6331   usb_hcd.o
      3702         16          0          0          0      11931   usb_hcd_int.o
      1634         42          0         18          0      10541   usbh_core.o
       390          0          0          0          0       5488   usbh_hcs.o
       560          0          0          0          0       6646   usbh_ioreq.o
        24          6          0          0          0       1206   usbh_it.o
      1140        100          0         17         64      15661   usbh_msc_bot.o
       876         62          0         29        522       7869   usbh_msc_core.o
      1312         88          0          1       1040       8424   usbh_msc_scsi.o
       942         14          0          3        512      12305   usbh_stdreq.o
       612        342        425         73       1584      13745   usbh_usr.o

    ----------------------------------------------------------------------
     33430       2572     176239        248      37448     571419   Object Totals
         0          0         32          0          0          0   (incl. Generated)
        42          0          1         17          8          0   (incl. Padding)

    ----------------------------------------------------------------------

      Code (inc. data)   RO Data    RW Data    ZI Data      Debug   Library Member Name

        56         12          0          0          0        132   atof.o
        28          0          0          0          0         68   _chval.o
        64          0          0          0          0         84   _sgetc.o
       158          0          0          0          0         92   _strtoul.o
        26          0          0          0          0         80   atoi.o
         8          4        133          0          0         68   ctype_o.o
         0          0          0          0          0          0   entry.o
         0          0          0          0          0          0   entry10a.o
         0          0          0          0          0          0   entry11a.o
         8          4          0          0          0          0   entry2.o
         4          0          0          0          0          0   entry5.o
         0          0          0          0          0          0   entry7b.o
         0          0          0          0          0          0   entry8b.o
         8          4          0          0          0          0   entry9a.o
        32         16          0          4          0        204   errno.o
        30          0          0          0          0          0   handlers.o
        36          8          0          0          0         68   init.o
        18          0          0          0          0         76   isspace_o.o
         0          0          0          0          0          0   iusefp.o
        30          0          0          0          0         68   llshl.o
        36          0          0          0          0         68   llsshr.o
        32          0          0          0          0         68   llushr.o
        36          0          0          0          0         68   memcpya.o
        36          0          0          0          0        108   memseta.o
      2374        100          0          0          0        752   printfa.o
       878         12          0          0          0        216   scanf_fp.o
         0          0          0          4          0          0   stdout.o
        28          0          0          0          0         76   strcmp.o
        18          0          0          0          0         68   strcpy.o
        14          0          0          0          0         68   strlen.o
        32          0          0          0          0         68   strrchr.o
       156         12          0          0          0        120   strtod.o
       112          0          0          0          0         88   strtol.o
        44          0          0          0          0         80   uidiv.o
        98          0          0          0          0         92   uldiv.o
        48          0          0          0          0         68   cdrcmple.o
        56          0          0          0          0         88   d2f.o
       334          0          0          0          0        148   dadd.o
       222          0          0          0          0        100   ddiv.o
       186          0          0          0          0        176   depilogue.o
        48          0          0          0          0         68   dfixul.o
        24          0          0          0          0         76   dfltul.o
       228          0          0          0          0         96   dmul.o
        38          0          0          0          0         68   f2d.o
       110          0          0          0          0        168   fepilogue.o

    ----------------------------------------------------------------------
      5710        176        133          8          0       3936   Library Totals
        16          4          0          0          0          0   (incl. Padding)

    ----------------------------------------------------------------------

      Code (inc. data)   RO Data    RW Data    ZI Data      Debug   Library Name

        56         12          0          0          0        132   m_wm.l
      4344        160        133          8          0       2748   mc_w.l
      1294          0          0          0          0       1056   mf_w.l

    ----------------------------------------------------------------------
      5710        176        133          8          0       3936   Library Totals

    ----------------------------------------------------------------------

==============================================================================


      Code (inc. data)   RO Data    RW Data    ZI Data      Debug   

     39140       2748     176372        256      37448     546679   Grand Totals
     39140       2748     176372        256      37448     546679   ELF Image Totals
     39140       2748     176372        256          0          0   ROM Totals

==============================================================================

    Total RO  Size (Code + RO Data)               215512 ( 210.46kB)
    Total RW  Size (RW Data + ZI Data)             37704 (  36.82kB)
    Total ROM Size (Code + RO Data + RW Data)     215768 ( 210.71kB)

==============================================================================

