<html>
<body>
<pre>
<h1>礦ision Build Log</h1>
<h2>Tool Versions:</h2>
IDE-Version: μVision V5.25.2.0
Copyright (C) 2018 ARM Ltd and ARM Germany GmbH. All rights reserved.
License Information: A huawei, A, LIC=DSNXV-PIJIE-YDBK5-G0KXF-70GQ5-TGNTV
 
Tool Versions:
Toolchain:       MDK-ARM Professional  Version: 5.25.2.0
Toolchain Path:  D:\keil5\ARM\ARMCC\Bin
C Compiler:      Armcc.exe V5.06 update 6 (build 750)
Assembler:       Armasm.exe V5.06 update 6 (build 750)
Linker/Locator:  ArmLink.exe V5.06 update 6 (build 750)
Library Manager: ArmAr.exe V5.06 update 6 (build 750)
Hex Converter:   FromElf.exe V5.06 update 6 (build 750)
CPU DLL:         SARMCM3.DLL V5.25.2.0
Dialog DLL:      DCM.DLL V1.17.1.0
Target DLL:      STLink\ST-LINKIII-KEIL_SWO.dll V3.0.1.0
Dialog DLL:      TCM.DLL V1.35.1.0
 
<h2>Project:</h2>
D:\BaiduNetdiskDownload\在此基础增加写入csv文件\2.6日修改\2.6日修改时间格式和printf传输\Project\MDK-ARM(uV5)\project.uvprojx
Project File Date:  02/04/2026

<h2>Output:</h2>
*** Using Compiler 'V5.06 update 6 (build 750)', folder: 'D:\keil5\ARM\ARMCC\Bin'
Rebuild target 'STM32F407'
compiling bsp_uart_fifo.c...
..\..\User\bsp_stm32f4xx\src\bsp_uart_fifo.c(50): warning:  #940-D: missing return statement at end of non-void function "ComToUart" 
  }
..\..\User\bsp_stm32f4xx\src\bsp_uart_fifo.c(443): warning:  #177-D: function "UartIRQ"  was declared but never referenced
  static void UartIRQ(UART_T *_pUart)
..\..\User\bsp_stm32f4xx\src\bsp_uart_fifo.c: 2 warnings, 0 errors
compiling stm32f4xx_assert.c...
compiling stm32f4xx_it.c...
compiling bsp.c...
compiling bsp_timer.c...
assembling startup_stm32f4xx.s...
compiling demo_fatfs.c...
..\..\User\demo_fatfs.c(43): warning:  #177-D: variable "cmd"  was declared but never referenced
  	uint8_t cmd;
..\..\User\demo_fatfs.c(234): warning:  #223-D: function "atoi" declared implicitly
                      num = atoi(name + 10);
..\..\User\demo_fatfs.c(267): warning:  #177-D: variable "buf"  was declared but never referenced
  	char buf[128];
..\..\User\demo_fatfs.c(423): warning:  #223-D: function "atoi" declared implicitly
                      num = atoi(name + 10);
..\..\User\demo_fatfs.c(83): warning:  #177-D: function "DispMenu"  was declared but never referenced
  static void DispMenu(void)
..\..\User\demo_fatfs.c(103): warning:  #177-D: function "ViewRootDir"  was declared but never referenced
  static void ViewRootDir(void)
..\..\User\demo_fatfs.c(615): warning:  #177-D: function "ReadFileData"  was declared but never referenced
  static void ReadFileData(void)
..\..\User\demo_fatfs.c(755): warning:  #177-D: function "CreateDir"  was declared but never referenced
  static void CreateDir(void)
..\..\User\demo_fatfs.c(828): warning:  #177-D: function "DeleteDirFile"  was declared but never referenced
  static void DeleteDirFile(void)
..\..\User\demo_fatfs.c(959): warning:  #177-D: function "WriteFileTest"  was declared but never referenced
  static void WriteFileTest(void)
..\..\User\demo_fatfs.c(603): warning:  #177-D: function "Delay"  was declared but never referenced
  static void Delay(__IO uint32_t nCount)
..\..\User\demo_fatfs.c: 11 warnings, 0 errors
compiling main.c...
compiling stm32f4xx_syscfg.c...
compiling stm32f4xx_rcc.c...
compiling stm32f4xx_gpio.c...
compiling stm32f4xx_usart.c...
compiling misc.c...
compiling stm32f4xx_dma.c...
compiling stm32f4xx_tim.c...
compiling ff.c...
compiling cc936.c...
compiling stm32f4xx_sdio.c...
compiling system_stm32f4xx.c...
compiling diskio.c...
compiling usbh_msc_core.c...
compiling usbh_msc_bot.c...
compiling usbh_msc_scsi.c...
compiling usbh_core.c...
compiling usbh_hcs.c...
compiling usbh_ioreq.c...
compiling usbh_stdreq.c...
compiling usb_hcd_int.c...
compiling usb_core.c...
compiling usb_hcd.c...
compiling usb_bsp.c...
compiling usbh_usr.c...
compiling usbh_it.c...
compiling HONG.c...
compiling CRC.c...
compiling delay.c...
compiling DMA.c...
compiling sys.c...
compiling USART.c...
..\..\SYSTEM\USART.c(354): warning:  #940-D: missing return statement at end of non-void function "UartProtocol_DataAnalyze" 
  }
..\..\SYSTEM\USART.c: 1 warning, 0 errors
compiling led.c...
compiling RS232.c...
compiling timer.c...
compiling pwm.c...
compiling DMAPWM.c...
linking...
Program Size: Code=39140 RO-data=176372 RW-data=256 ZI-data=37448  
FromELF: creating hex file...
".\Flash\Obj\output1.axf" - 0 Error(s), 14 Warning(s).

<h2>Software Packages used:</h2>

Package Vendor: Keil
                http://www.keil.com/pack/Keil.STM32F4xx_DFP.1.0.8.pack
                Keil.STM32F4xx_DFP.1.0.8
                STMicroelectronics STM32F4 Series Device Support, Drivers and Examples

<h2>Collection of Component include folders:</h2>
  .\RTE\_STM32F407
  D:\keil5\ARM\PACK\Keil\STM32F4xx_DFP\1.0.8\Device\Include

<h2>Collection of Component Files used:</h2>
Build Time Elapsed:  00:00:11
</pre>
</body>
</html>
