<html>
<body>
<pre>
<h1>µVision Build Log</h1>
<h2>Project:</h2>
C:\Users\Administrator\Desktop\∏ﬂº∂¿˝≥Ã-USB-U≈Ã∂¡–¥≤‚ ‘\Project\MDK-ARM(uV4)\project.uvproj
Project File Date:  05/19/2016

<h2>Output:</h2>
Rebuild target 'STM32F407'
compiling main.c...
compiling demo_fatfs.c...
compiling bsp_timer.c...
compiling bsp_uart_fifo.c...
..\..\User\bsp_stm32f4xx\src\bsp_uart_fifo.c(50): warning:  #940-D: missing return statement at end of non-void function "ComToUart"
compiling stm32f4xx_it.c...
compiling stm32f4xx_assert.c...
compiling bsp.c...
assembling startup_stm32f4xx.s...
compiling stm32f4xx_rcc.c...
compiling stm32f4xx_syscfg.c...
compiling misc.c...
compiling stm32f4xx_gpio.c...
compiling stm32f4xx_usart.c...
compiling stm32f4xx_tim.c...
compiling system_stm32f4xx.c...
compiling ff.c...
compiling diskio.c...
compiling cc936.c...
compiling usbh_msc_bot.c...
compiling usbh_msc_core.c...
compiling usbh_msc_scsi.c...
compiling usbh_core.c...
compiling usbh_hcs.c...
compiling usbh_ioreq.c...
compiling usbh_stdreq.c...
compiling usb_hcd_int.c...
compiling usb_core.c...
compiling usb_hcd.c...
compiling usbh_usr.c...
compiling usb_bsp.c...
compiling usbh_it.c...
linking...
Program Size: Code=32068 RO-data=176168 RW-data=228 ZI-data=34580  
FromELF: creating hex file...
".\Flash\Obj\output.axf" - 0 Error(s), 1 Warning(s).
Load "C:\\Users\\Administrator\\Desktop\\∏ﬂº∂¿˝≥Ã-USB-U≈Ã∂¡–¥≤‚ ‘\\Project\\MDK-ARM(uV4)\\Flash\\Obj\\output.AXF" 
* JLink Info: Device "STM32F407VE" selected (512 KB flash, 128 KB RAM).
Set JLink Project File to "C:\Users\Administrator\Desktop\∏ﬂº∂¿˝≥Ã-USB-U≈Ã∂¡–¥≤‚ ‘\Project\MDK-ARM(uV4)\JLinkSettings.ini"
 
JLink info:
------------
DLL: V4.50j, compiled Jun 26 2012 09:19:07
Firmware: J-Link V9 compiled May 17 2019 09:50:41
Hardware: V9.40
S/N : 59400270 
Feature(s) : RDI, GDB, FlashDL, FlashBP, JFlash 
 
* JLink Info: TotalIRLen = 9, IRPrint = 0x0011
* JLink Info: TotalIRLen = 9, IRPrint = 0x0011
* JLink Info: Found Cortex-M4 r0p1, Little endian.
* JLink Info: TPIU fitted.
* JLink Info: ETM fitted.
* JLink Info: FPUnit: 6 code (BP) slots and 2 literal slots
ROMTableAddr = 0xE00FF003
* JLink Info: Found Cortex-M4 r0p1, Little endian.
* JLink Info: TPIU fitted.
* JLink Info: ETM fitted.
* JLink Info: FPUnit: 6 code (BP) slots and 2 literal slots
 
Target info:
------------
Device: STM32F407VE
VTarget = 3.338V
State of Pins: 
TCK: 1, TDI: 0, TDO: 1, TMS: 0, TRES: 1, TRST: 1
Hardware-Breakpoints: 6
Software-Breakpoints: 8192
Watchpoints:          4
JTAG speed: 10000 kHz
 
Erase Done.
Programming Done.
Verify OK.
* JLink Info: Found Cortex-M4 r0p1, Little endian.
* JLink Info: TPIU fitted.
* JLink Info: ETM fitted.
* JLink Info: FPUnit: 6 code (BP) slots and 2 literal slots
Application running ...
